Archive member included because of file (symbol)

c:/program files (x86)/atmel/atmel toolchain/avr8 gcc/native/3.4.1061/avr8-gnu-toolchain/bin/../lib/gcc/avr/4.8.1/../../../../avr/lib/avr6\libm.a(fixunssfsi.o)
                              main.o (__fixunssfsi)
c:/program files (x86)/atmel/atmel toolchain/avr8 gcc/native/3.4.1061/avr8-gnu-toolchain/bin/../lib/gcc/avr/4.8.1/../../../../avr/lib/avr6\libm.a(floatsisf.o)
                              main.o (__floatunsisf)
c:/program files (x86)/atmel/atmel toolchain/avr8 gcc/native/3.4.1061/avr8-gnu-toolchain/bin/../lib/gcc/avr/4.8.1/../../../../avr/lib/avr6\libm.a(fp_split3.o)
                              c:/program files (x86)/atmel/atmel toolchain/avr8 gcc/native/3.4.1061/avr8-gnu-toolchain/bin/../lib/gcc/avr/4.8.1/../../../../avr/lib/avr6\libm.a(fixunssfsi.o) (__fp_splitA)
c:/program files (x86)/atmel/atmel toolchain/avr8 gcc/native/3.4.1061/avr8-gnu-toolchain/bin/../lib/gcc/avr/4.8.1/../../../../avr/lib/avr6\libm.a(fp_zero.o)
                              c:/program files (x86)/atmel/atmel toolchain/avr8 gcc/native/3.4.1061/avr8-gnu-toolchain/bin/../lib/gcc/avr/4.8.1/../../../../avr/lib/avr6\libm.a(fixunssfsi.o) (__fp_zero)
c:/program files (x86)/atmel/atmel toolchain/avr8 gcc/native/3.4.1061/avr8-gnu-toolchain/bin/../lib/gcc/avr/4.8.1/../../../../avr/lib/avr6\libm.a(mulsf3.o)
                              main.o (__mulsf3)
c:/program files (x86)/atmel/atmel toolchain/avr8 gcc/native/3.4.1061/avr8-gnu-toolchain/bin/../lib/gcc/avr/4.8.1/../../../../avr/lib/avr6\libm.a(mulsf3x.o)
                              c:/program files (x86)/atmel/atmel toolchain/avr8 gcc/native/3.4.1061/avr8-gnu-toolchain/bin/../lib/gcc/avr/4.8.1/../../../../avr/lib/avr6\libm.a(mulsf3.o) (__mulsf3x)
c:/program files (x86)/atmel/atmel toolchain/avr8 gcc/native/3.4.1061/avr8-gnu-toolchain/bin/../lib/gcc/avr/4.8.1/../../../../avr/lib/avr6\libm.a(fp_inf.o)
                              c:/program files (x86)/atmel/atmel toolchain/avr8 gcc/native/3.4.1061/avr8-gnu-toolchain/bin/../lib/gcc/avr/4.8.1/../../../../avr/lib/avr6\libm.a(mulsf3x.o) (__fp_inf)
c:/program files (x86)/atmel/atmel toolchain/avr8 gcc/native/3.4.1061/avr8-gnu-toolchain/bin/../lib/gcc/avr/4.8.1/../../../../avr/lib/avr6\libm.a(fp_nan.o)
                              c:/program files (x86)/atmel/atmel toolchain/avr8 gcc/native/3.4.1061/avr8-gnu-toolchain/bin/../lib/gcc/avr/4.8.1/../../../../avr/lib/avr6\libm.a(mulsf3x.o) (__fp_nan)
c:/program files (x86)/atmel/atmel toolchain/avr8 gcc/native/3.4.1061/avr8-gnu-toolchain/bin/../lib/gcc/avr/4.8.1/../../../../avr/lib/avr6\libm.a(fp_pscA.o)
                              c:/program files (x86)/atmel/atmel toolchain/avr8 gcc/native/3.4.1061/avr8-gnu-toolchain/bin/../lib/gcc/avr/4.8.1/../../../../avr/lib/avr6\libm.a(mulsf3x.o) (__fp_pscA)
c:/program files (x86)/atmel/atmel toolchain/avr8 gcc/native/3.4.1061/avr8-gnu-toolchain/bin/../lib/gcc/avr/4.8.1/../../../../avr/lib/avr6\libm.a(fp_pscB.o)
                              c:/program files (x86)/atmel/atmel toolchain/avr8 gcc/native/3.4.1061/avr8-gnu-toolchain/bin/../lib/gcc/avr/4.8.1/../../../../avr/lib/avr6\libm.a(mulsf3x.o) (__fp_pscB)
c:/program files (x86)/atmel/atmel toolchain/avr8 gcc/native/3.4.1061/avr8-gnu-toolchain/bin/../lib/gcc/avr/4.8.1/../../../../avr/lib/avr6\libm.a(fp_round.o)
                              c:/program files (x86)/atmel/atmel toolchain/avr8 gcc/native/3.4.1061/avr8-gnu-toolchain/bin/../lib/gcc/avr/4.8.1/../../../../avr/lib/avr6\libm.a(mulsf3.o) (__fp_round)
c:/program files (x86)/atmel/atmel toolchain/avr8 gcc/native/3.4.1061/avr8-gnu-toolchain/bin/../lib/gcc/avr/4.8.1/avr6\libgcc.a(_divmodsi4.o)
                              main.o (__divmodsi4)
c:/program files (x86)/atmel/atmel toolchain/avr8 gcc/native/3.4.1061/avr8-gnu-toolchain/bin/../lib/gcc/avr/4.8.1/avr6\libgcc.a(_negsi2.o)
                              c:/program files (x86)/atmel/atmel toolchain/avr8 gcc/native/3.4.1061/avr8-gnu-toolchain/bin/../lib/gcc/avr/4.8.1/avr6\libgcc.a(_divmodsi4.o) (__negsi2)
c:/program files (x86)/atmel/atmel toolchain/avr8 gcc/native/3.4.1061/avr8-gnu-toolchain/bin/../lib/gcc/avr/4.8.1/avr6\libgcc.a(_exit.o)
                              c:/program files (x86)/atmel/atmel toolchain/avr8 gcc/native/3.4.1061/avr8-gnu-toolchain/bin/../lib/gcc/avr/4.8.1/../../../../avr/lib/avr6/crtm2561.o (exit)
c:/program files (x86)/atmel/atmel toolchain/avr8 gcc/native/3.4.1061/avr8-gnu-toolchain/bin/../lib/gcc/avr/4.8.1/avr6\libgcc.a(_tablejump.o)
                              main.o (__tablejump2__)
c:/program files (x86)/atmel/atmel toolchain/avr8 gcc/native/3.4.1061/avr8-gnu-toolchain/bin/../lib/gcc/avr/4.8.1/avr6\libgcc.a(_copy_data.o)
                              main.o (__do_copy_data)
c:/program files (x86)/atmel/atmel toolchain/avr8 gcc/native/3.4.1061/avr8-gnu-toolchain/bin/../lib/gcc/avr/4.8.1/avr6\libgcc.a(_clear_bss.o)
                              main.o (__do_clear_bss)
[...]
Memory Configuration

Name             Origin             Length             Attributes
text             0x00000000         0x00100000         xr
data             0x00800200         0x0000fe00         rw !x
eeprom           0x00810000         0x00010000         rw !x
fuse             0x00820000         0x00000400         rw !x
lock             0x00830000         0x00000400         rw !x
signature        0x00840000         0x00000400         rw !x
user_signatures  0x00850000         0x00000400         rw !x
*default*        0x00000000         0xffffffff

Linker script and memory map

Address of section .data set to 0x800200
LOAD c:/program files (x86)/atmel/atmel toolchain/avr8 gcc/native/3.4.1061/avr8-gnu-toolchain/bin/../lib/gcc/avr/4.8.1/../../../../avr/lib/avr6/crtm2561.o
LOAD main.o
START GROUP
LOAD c:/program files (x86)/atmel/atmel toolchain/avr8 gcc/native/3.4.1061/avr8-gnu-toolchain/bin/../lib/gcc/avr/4.8.1/../../../../avr/lib/avr6\libm.a
END GROUP
START GROUP
LOAD c:/program files (x86)/atmel/atmel toolchain/avr8 gcc/native/3.4.1061/avr8-gnu-toolchain/bin/../lib/gcc/avr/4.8.1/avr6\libgcc.a
LOAD c:/program files (x86)/atmel/atmel toolchain/avr8 gcc/native/3.4.1061/avr8-gnu-toolchain/bin/../lib/gcc/avr/4.8.1/../../../../avr/lib/avr6\libm.a
LOAD c:/program files (x86)/atmel/atmel toolchain/avr8 gcc/native/3.4.1061/avr8-gnu-toolchain/bin/../lib/gcc/avr/4.8.1/../../../../avr/lib/avr6\libc.a
END GROUP

.hash
 *(.hash)

.dynsym
 *(.dynsym)

.dynstr
 *(.dynstr)

.gnu.version
 *(.gnu.version)

.gnu.version_d
 *(.gnu.version_d)

.gnu.version_r
 *(.gnu.version_r)

.rel.init
 *(.rel.init)

.rela.init
 *(.rela.init)

.rel.text
 *(.rel.text)
 *(.rel.text.*)
 *(.rel.gnu.linkonce.t*)

.rela.text
 *(.rela.text)
 *(.rela.text.*)
 *(.rela.gnu.linkonce.t*)

.rel.fini
 *(.rel.fini)

.rela.fini
 *(.rela.fini)

.rel.rodata
 *(.rel.rodata)
 *(.rel.rodata.*)
 *(.rel.gnu.linkonce.r*)

.rela.rodata
 *(.rela.rodata)
 *(.rela.rodata.*)
 *(.rela.gnu.linkonce.r*)

.rel.data
 *(.rel.data)
 *(.rel.data.*)
 *(.rel.gnu.linkonce.d*)

.rela.data
 *(.rela.data)
 *(.rela.data.*)
 *(.rela.gnu.linkonce.d*)

.rel.ctors
 *(.rel.ctors)

.rela.ctors
 *(.rela.ctors)

.rel.dtors
 *(.rel.dtors)

.rela.dtors
 *(.rela.dtors)

.rel.got
 *(.rel.got)

.rela.got
 *(.rela.got)

.rel.bss
 *(.rel.bss)

.rela.bss
 *(.rela.bss)

.rel.plt
 *(.rel.plt)

.rela.plt
 *(.rela.plt)

.text           0x00000000     0x66f6
 *(.vectors)
 .vectors       0x00000000       0xcc c:/program files (x86)/atmel/atmel toolchain/avr8 gcc/native/3.4.1061/avr8-gnu-toolchain/bin/../lib/gcc/avr/4.8.1/../../../../avr/lib/avr6/crtm2561.o
                0x00000000                __vector_default
                0x00000000                __vectors
 *(.vectors)
 *(.progmem.gcc*)
 .progmem.gcc_sw_table.MB_S_Timer_ISR
                0x000000cc       0x20 main.o
 .progmem.gcc_sw_table.MB_M_Timer_ISR
                0x000000ec       0x20 main.o
 .progmem.gcc_sw_table.Modbus_TCP_Automat
                0x0000010c       0x20 main.o
                0x0000012c                . = ALIGN (0x2)
                0x0000012c                __trampolines_start = .
 *(.trampolines)
 .trampolines   0x0000012c        0x0 linker stubs
 *(.trampolines*)
                0x0000012c                __trampolines_end = .
 *(.progmem*)
 .progmem.data.aCRCLo.2498
                0x0000012c      0x100 main.o
 .progmem.data.aCRCHi.2497
                0x0000022c      0x100 main.o
 .progmem.data.MB_Master_List
                0x0000032c        0x3 main.o
                0x0000032c                MB_Master_List
 .progmem.data.MB_Slave_List
                0x0000032f        0x4 main.o
                0x0000032f                MB_Slave_List
 .progmem.data.MYQUERRY
                0x00000333        0xe main.o
                0x00000333                MYQUERRY
 .progmem.data.MB_Timer
                0x00000341       0x12 main.o
 .progmem.data.MB_Port
                0x00000353       0x14 main.o
 .progmem.data.BR_Tbl
                0x00000367       0x1b main.o
                0x00000367                BR_Tbl
 .progmem.data.Modbus_Map
                0x00000382       0x10 main.o
                0x00000382                Modbus_Map
 .progmem.data.MB_Role
                0x00000392        0x1 main.o
                0x00000394                . = ALIGN (0x2)
 *fill*         0x00000393        0x1 
 *(.jumptables)
 *(.jumptables*)
 *(.lowtext)
 *(.lowtext*)
                0x00000394                __ctors_start = .
 *(.ctors)
                0x00000394                __ctors_end = .
                0x00000394                __dtors_start = .
 *(.dtors)
                0x00000394                __dtors_end = .
 SORT(*)(.ctors)
 SORT(*)(.dtors)
 *(.init0)
 .init0         0x00000394        0x0 c:/program files (x86)/atmel/atmel toolchain/avr8 gcc/native/3.4.1061/avr8-gnu-toolchain/bin/../lib/gcc/avr/4.8.1/../../../../avr/lib/avr6/crtm2561.o
                0x00000394                __init
 *(.init0)
 *(.init1)
 *(.init1)
 *(.init2)
 .init2         0x00000394       0x10 c:/program files (x86)/atmel/atmel toolchain/avr8 gcc/native/3.4.1061/avr8-gnu-toolchain/bin/../lib/gcc/avr/4.8.1/../../../../avr/lib/avr6/crtm2561.o
 *(.init2)
 *(.init3)
 *(.init3)
 *(.init4)
 .init4         0x000003a4       0x1a c:/program files (x86)/atmel/atmel toolchain/avr8 gcc/native/3.4.1061/avr8-gnu-toolchain/bin/../lib/gcc/avr/4.8.1/avr6\libgcc.a(_copy_data.o)
                0x000003a4                __do_copy_data
 .init4         0x000003be       0x10 c:/program files (x86)/atmel/atmel toolchain/avr8 gcc/native/3.4.1061/avr8-gnu-toolchain/bin/../lib/gcc/avr/4.8.1/avr6\libgcc.a(_clear_bss.o)
                0x000003be                __do_clear_bss
 *(.init4)
 *(.init5)
 *(.init5)
 *(.init6)
 *(.init6)
 *(.init7)
 *(.init7)
 *(.init8)
 *(.init8)
 *(.init9)
 .init9         0x000003ce        0x8 c:/program files (x86)/atmel/atmel toolchain/avr8 gcc/native/3.4.1061/avr8-gnu-toolchain/bin/../lib/gcc/avr/4.8.1/../../../../avr/lib/avr6/crtm2561.o
 *(.init9)
 *(.text)
 .text          0x000003d6        0x2 c:/program files (x86)/atmel/atmel toolchain/avr8 gcc/native/3.4.1061/avr8-gnu-toolchain/bin/../lib/gcc/avr/4.8.1/../../../../avr/lib/avr6/crtm2561.o
                0x000003d6                __vector_22
                0x000003d6                __vector_28
                0x000003d6                __vector_1
                0x000003d6                __vector_32
                0x000003d6                __vector_34
                0x000003d6                __vector_24
                0x000003d6                __vector_12
                0x000003d6                __vector_46
                0x000003d6                __bad_interrupt
                0x000003d6                __vector_6
                0x000003d6                __vector_31
                0x000003d6                __vector_35
                0x000003d6                __vector_39
                0x000003d6                __vector_3
                0x000003d6                __vector_23
                0x000003d6                __vector_30
                0x000003d6                __vector_45
                0x000003d6                __vector_11
                0x000003d6                __vector_19
                0x000003d6                __vector_7
                0x000003d6                __vector_49
                0x000003d6                __vector_41
                0x000003d6                __vector_43
                0x000003d6                __vector_5
                0x000003d6                __vector_33
                0x000003d6                __vector_47
                0x000003d6                __vector_4
                0x000003d6                __vector_44
                0x000003d6                __vector_9
                0x000003d6                __vector_2
                0x000003d6                __vector_15
                0x000003d6                __vector_29
                0x000003d6                __vector_40
                0x000003d6                __vector_8
                0x000003d6                __vector_48
                0x000003d6                __vector_14
                0x000003d6                __vector_10
                0x000003d6                __vector_50
                0x000003d6                __vector_16
                0x000003d6                __vector_18
                0x000003d6                __vector_20
                0x000003d8                . = ALIGN (0x2)
 *(.text.*)
 .text.rrb      0x000003d8        0x6 main.o
                0x000003d8                rrb
 .text.RS485_0  0x000003de        0xa main.o
                0x000003de                RS485_0
 .text.MB_LED0  0x000003e8        0x2 main.o
                0x000003e8                MB_LED0
 .text.MB_LED_Err_On_0
                0x000003ea        0x2 main.o
                0x000003ea                MB_LED_Err_On_0
 .text.MB_LED_Err_Off_0
                0x000003ec        0x2 main.o
                0x000003ec                MB_LED_Err_Off_0
 .text.StartTimer0
                0x000003ee       0x14 main.o
                0x000003ee                StartTimer0
 .text.StartTimer2
                0x00000402       0x18 main.o
                0x00000402                StartTimer2
 .text.StartTimer4
                0x0000041a       0x16 main.o
                0x0000041a                StartTimer4
 .text.erb      0x00000430        0x6 main.o
                0x00000430                erb
 .text.GetSlave
                0x00000436       0x30 main.o
 .text.MBRecept
                0x00000466       0x8c main.o
 .text.GetReg   0x000004f2       0x78 main.o
 .text.MB_Timer_ISR
                0x0000056a       0xc8 main.o
 .text.SPItransfer
                0x00000632        0xe main.o
                0x00000632                SPItransfer
 .text.W5100read
                0x00000640       0x22 main.o
                0x00000640                W5100read
 .text.W5100readBlock
                0x00000662       0x5a main.o
                0x00000662                W5100readBlock
 .text.W5100writeBlock
                0x000006bc       0x58 main.o
                0x000006bc                W5100writeBlock
 .text.W5100_init
                0x00000714      0x120 main.o
                0x00000714                W5100_init
 .text.W5100write
                0x00000834       0x32 main.o
                0x00000834                W5100write
 .text.execCmdSn
                0x00000866       0x30 main.o
                0x00000866                execCmdSn
 .text.W5100_SetMac
                0x00000896       0x4e main.o
                0x00000896                W5100_SetMac
 .text.W5100_SetIP
                0x000008e4       0x36 main.o
                0x000008e4                W5100_SetIP
 .text.W5100_SetGateway
                0x0000091a       0x36 main.o
                0x0000091a                W5100_SetGateway
 .text.W5100_SetMask
                0x00000950       0x36 main.o
                0x00000950                W5100_SetMask
 .text.readSn   0x00000986       0x10 main.o
                0x00000986                readSn
 .text.readSnTX_FSR
                0x00000996       0x2c main.o
 .text.readSnRX_RSR
                0x000009c2       0x2c main.o
 .text.writeSn  0x000009ee       0x14 main.o
                0x000009ee                writeSn
 .text.execCmdS0_Automat
                0x00000a02       0x62 main.o
                0x00000a02                execCmdS0_Automat
 .text.execCmdS1_Automat
                0x00000a64       0x62 main.o
                0x00000a64                execCmdS1_Automat
 .text.execCmdS2_Automat
                0x00000ac6       0x62 main.o
                0x00000ac6                execCmdS2_Automat
 .text.W5100_writeS0DPORT
                0x00000b28       0x18 main.o
                0x00000b28                W5100_writeS0DPORT
 .text.W5100_writeS0DIPR
                0x00000b40       0x2c main.o
                0x00000b40                W5100_writeS0DIPR
 .text.W5100_writeS1DPORT
                0x00000b6c       0x18 main.o
                0x00000b6c                W5100_writeS1DPORT
 .text.W5100_writeS1DIPR
                0x00000b84       0x2c main.o
                0x00000b84                W5100_writeS1DIPR
 .text.W5100_writeS2DPORT
                0x00000bb0       0x18 main.o
                0x00000bb0                W5100_writeS2DPORT
 .text.W5100_writeS2DIPR
                0x00000bc8       0x2c main.o
                0x00000bc8                W5100_writeS2DIPR
 .text.W5100_send_data_processing_offset
                0x00000bf4       0xc4 main.o
                0x00000bf4                W5100_send_data_processing_offset
 .text.W5100_getTXFreeSize
                0x00000cb8       0x4a main.o
                0x00000cb8                W5100_getTXFreeSize
 .text.bufferData
                0x00000d02       0x40 main.o
                0x00000d02                bufferData
 .text.printByte
                0x00000d42       0x2c main.o
                0x00000d42                printByte
 .text.IntOff   0x00000d6e       0x10 main.o
                0x00000d6e                IntOff
 .text.IntOn    0x00000d7e       0x10 main.o
                0x00000d7e                IntOn
 .text.WdtOn    0x00000d8e       0x1a main.o
                0x00000d8e                WdtOn
 .text.Timer16Alloc
                0x00000da8        0xe main.o
                0x00000da8                Timer16Alloc
 .text.Timer32Alloc
                0x00000db6        0xe main.o
                0x00000db6                Timer32Alloc
 .text.StartTimer8
                0x00000dc4       0x70 main.o
                0x00000dc4                StartTimer8
 .text.StartTimer16
                0x00000e34       0x7a main.o
                0x00000e34                StartTimer16
 .text.SlavesOn
                0x00000eae       0x36 main.o
 .text.NextSlave
                0x00000ee4      0x13e main.o
 .text.FailSlave
                0x00001022       0xda main.o
 .text.StartTimer32
                0x000010fc       0x90 main.o
                0x000010fc                StartTimer32
 .text.Timer16Stopp
                0x0000118c       0x4e main.o
                0x0000118c                Timer16Stopp
 .text.Timer32Stopp
                0x000011da       0x5a main.o
                0x000011da                Timer32Stopp
 .text.TimeInit
                0x00001234       0x6a main.o
                0x00001234                TimeInit
 .text.__vector_17
                0x0000129e       0xdc main.o
                0x0000129e                __vector_17
 .text.TimersInc
                0x0000137a      0x1cc main.o
                0x0000137a                TimersInc
 .text.TimeCycle
                0x00001546       0x3a main.o
                0x00001546                TimeCycle
 .text.CRC_Seed
                0x00001580       0x8e main.o
                0x00001580                CRC_Seed
 .text.CRC      0x0000160e       0x10 main.o
                0x0000160e                CRC
 .text.CRC_EEPROM_calc
                0x0000161e       0x34 main.o
 .text.CRC_EEPROM_upd
                0x00001652       0x16 main.o
 .text.ewb      0x00001668        0x8 main.o
                0x00001668                ewb
 .text.MB_PLC_Init
                0x00001670        0x6 main.o
                0x00001670                MB_PLC_Init
 .text.__vector_21
                0x00001676       0x64 main.o
                0x00001676                __vector_21
 .text.__vector_13
                0x000016da       0x68 main.o
                0x000016da                __vector_13
 .text.__vector_42
                0x00001742       0x68 main.o
                0x00001742                __vector_42
 .text.SetParity
                0x000017aa       0x7c main.o
                0x000017aa                SetParity
 .text.SetBAUD  0x00001826       0x8e main.o
                0x00001826                SetBAUD
 .text.MB_Transm
                0x000018b4       0x84 main.o
                0x000018b4                MB_Transm
 .text.Modbus_RX
                0x00001938      0x108 main.o
                0x00001938                Modbus_RX
 .text.CommErr  0x00001a40       0xe0 main.o
                0x00001a40                CommErr
 .text.SetCRC_MB
                0x00001b20       0x36 main.o
                0x00001b20                SetCRC_MB
 .text.MB_FrameReg
                0x00001b56       0x28 main.o
                0x00001b56                MB_FrameReg
 .text.FormData
                0x00001b7e      0x212 main.o
 .text.FormQuery
                0x00001d90       0x94 main.o
 .text.FormSingle
                0x00001e24       0x56 main.o
 .text.MB_S_Timer_ISR
                0x00001e7a      0x730 main.o
                0x00001e7a                MB_S_Timer_ISR
 .text.MB_S_Tx  0x000025aa       0x18 main.o
                0x000025aa                MB_S_Tx
 .text.MB_S_Init
                0x000025c2       0x1e main.o
                0x000025c2                MB_S_Init
 .text.MB_M_Timer_ISR
                0x000025e0      0x57c main.o
                0x000025e0                MB_M_Timer_ISR
 .text.MB_M_Tx  0x00002b5c       0x18 main.o
                0x00002b5c                MB_M_Tx
 .text.Modbus_TX
                0x00002b74      0x132 main.o
                0x00002b74                Modbus_TX
 .text.MB_M_Cycle
                0x00002ca6      0x106 main.o
                0x00002ca6                MB_M_Cycle
 .text.MB_Cycle
                0x00002dac       0x40 main.o
                0x00002dac                MB_Cycle
 .text.__vector_25
                0x00002dec       0x54 main.o
                0x00002dec                __vector_25
 .text.__vector_27
                0x00002e40       0x52 main.o
                0x00002e40                __vector_27
 .text.__vector_26
                0x00002e92       0x52 main.o
                0x00002e92                __vector_26
 .text.__vector_36
                0x00002ee4       0x54 main.o
                0x00002ee4                __vector_36
 .text.__vector_38
                0x00002f38       0x52 main.o
                0x00002f38                __vector_38
 .text.__vector_37
                0x00002f8a       0x52 main.o
                0x00002f8a                __vector_37
 .text.UDPbegin0_Automat
                0x00002fdc       0xa8 main.o
                0x00002fdc                UDPbegin0_Automat
 .text.UDPbegin1_Automat
                0x00003084       0xa8 main.o
                0x00003084                UDPbegin1_Automat
 .text.startUDP
                0x0000312c       0x7c main.o
                0x0000312c                startUDP
 .text._dhcpUdpSocket_beginPacket
                0x000031a8       0x12 main.o
                0x000031a8                _dhcpUdpSocket_beginPacket
 .text._UDPtoSerialSocket_beginPacket
                0x000031ba       0x12 main.o
                0x000031ba                _UDPtoSerialSocket_beginPacket
 .text._dhcpUdpSocket_write
                0x000031cc       0x28 main.o
                0x000031cc                _dhcpUdpSocket_write
 .text._UDPtoSerialSocket_write
                0x000031f4       0x28 main.o
                0x000031f4                _UDPtoSerialSocket_write
 .text._UDPtoSerialSocket_endPacket_Automat
                0x0000321c       0x8e main.o
                0x0000321c                _UDPtoSerialSocket_endPacket_Automat
 .text._dhcpUdpSocket_endPacket_Automat
                0x000032aa       0x8e main.o
                0x000032aa                _dhcpUdpSocket_endPacket_Automat
 .text.UDPbegin2_Automat
                0x00003338       0xa8 main.o
                0x00003338                UDPbegin2_Automat
 .text._Socket2_beginPacket
                0x000033e0       0x12 main.o
                0x000033e0                _Socket2_beginPacket
 .text._Socket2_write
                0x000033f2       0x28 main.o
                0x000033f2                _Socket2_write
 .text.read_data
                0x0000341a       0x9e main.o
                0x0000341a                read_data
 .text.W5100_recv_data_processing
                0x000034b8       0x66 main.o
                0x000034b8                W5100_recv_data_processing
 .text.W5100_getRXReceivedSize
                0x0000351e       0x4e main.o
                0x0000351e                W5100_getRXReceivedSize
 .text.recv     0x0000356c       0x72 main.o
                0x0000356c                recv
 .text.UDP_read
                0x000035de       0x66 main.o
                0x000035de                UDP_read
 .text.UDP_parsePacket
                0x00003644       0xda main.o
                0x00003644                UDP_parsePacket
 .text._dhcpUdpSocket_parsePacket
                0x0000371e        0x6 main.o
                0x0000371e                _dhcpUdpSocket_parsePacket
 .text._UDPtoSerialSocket_parsePacket
                0x00003724        0x6 main.o
                0x00003724                _UDPtoSerialSocket_parsePacket
 .text._dhcpUdpSocket_readBlock
                0x0000372a       0x50 main.o
                0x0000372a                _dhcpUdpSocket_readBlock
 .text._SNMPSocket_read
                0x0000377a       0x50 main.o
                0x0000377a                _SNMPSocket_read
 .text._dhcpUdpSocket_read
                0x000037ca        0x6 main.o
                0x000037ca                _dhcpUdpSocket_read
 .text.resetTEST
                0x000037d0       0x2c main.o
                0x000037d0                resetTEST
 .text._Socket2_endPacket_Automat
                0x000037fc       0xca main.o
                0x000037fc                _Socket2_endPacket_Automat
 .text.Socket2_sendmessage_Automat
                0x000038c6       0x7a main.o
                0x000038c6                Socket2_sendmessage_Automat
 .text.TEST_Automat
                0x00003940      0x218 main.o
                0x00003940                TEST_Automat
 .text.send_DHCP_MESSAGE
                0x00003b58      0x230 main.o
                0x00003b58                send_DHCP_MESSAGE
 .text.send_DHCP_MESSAGE_Automat
                0x00003d88       0x5c main.o
                0x00003d88                send_DHCP_MESSAGE_Automat
 .text.parseDHCPResponse
                0x00003de4      0x466 main.o
                0x00003de4                parseDHCPResponse
 .text.random1  0x0000424a       0x34 main.o
                0x0000424a                random1
 .text.DHCP_automat
                0x0000427e      0x2b8 main.o
                0x0000427e                DHCP_automat
 .text.SNMP_OID_toString
                0x00004536      0x106 main.o
                0x00004536                SNMP_OID_toString
 .text.SNMP_OID_fromString
                0x0000463c      0x230 main.o
                0x0000463c                SNMP_OID_fromString
 .text.clear    0x0000486c       0x16 main.o
                0x0000486c                clear
 .text.decodeOctetStringToString
                0x00004882      0x1ce main.o
                0x00004882                decodeOctetStringToString
 .text.decodeInt16toHoldReg
                0x00004a50       0x80 main.o
                0x00004a50                decodeInt16toHoldReg
 .text.encodeStringToOctetString
                0x00004ad0       0x96 main.o
                0x00004ad0                encodeStringToOctetString
 .text.encodeInt16ToInt
                0x00004b66       0x34 main.o
                0x00004b66                encodeInt16ToInt
 .text.encodeInt32ToInt32
                0x00004b9a       0x38 main.o
                0x00004b9a                encodeInt32ToInt32
 .text.encodeUint32ToUint32
                0x00004bd2       0x40 main.o
                0x00004bd2                encodeUint32ToUint32
 .text.Encode   0x00004c12       0x60 main.o
                0x00004c12                Encode
 .text.Decode   0x00004c72       0x52 main.o
                0x00004c72                Decode
 .text.SNMP_requestPdu
                0x00004cc4      0x484 main.o
                0x00004cc4                SNMP_requestPdu
 .text.SNMP_responsePdu
                0x00005148      0x342 main.o
                0x00005148                SNMP_responsePdu
 .text.SNMP_VARS_Processing
                0x0000548a      0x170 main.o
                0x0000548a                SNMP_VARS_Processing
 .text.pduReceived
                0x000055fa       0xc0 main.o
                0x000055fa                pduReceived
 .text.Webserver_recv_size
                0x000056ba       0x28 main.o
                0x000056ba                Webserver_recv_size
 .text.WebserverSocket_close
                0x000056e2       0x18 main.o
                0x000056e2                WebserverSocket_close
 .text.WebserverSocketOpen
                0x000056fa       0x6a main.o
                0x000056fa                WebserverSocketOpen
 .text.Webserver_listen
                0x00005764       0x3c main.o
                0x00005764                Webserver_listen
 .text.Webserver_recv
                0x000057a0       0xcc main.o
                0x000057a0                Webserver_recv
 .text.WebserverSocket_disconnect
                0x0000586c       0x18 main.o
                0x0000586c                WebserverSocket_disconnect
 .text.Webserver_send
                0x00005884      0x142 main.o
                0x00005884                Webserver_send
 .text.ModbusTCPRun
                0x000059c6      0x410 main.o
                0x000059c6                ModbusTCPRun
 .text.SetFC    0x00005dd6       0x48 main.o
                0x00005dd6                SetFC
 .text.Modbus_TCP_Automat
                0x00005e1e      0x264 main.o
                0x00005e1e                Modbus_TCP_Automat
 .text.Ethernet_Automat
                0x00006082       0xf4 main.o
                0x00006082                Ethernet_Automat
 .text.resetEthernet
                0x00006176        0x6 main.o
                0x00006176                resetEthernet
 .text.SNMP_Automat
                0x0000617c       0xd0 main.o
                0x0000617c                SNMP_Automat
 .text.LED_On   0x0000624c        0x4 main.o
                0x0000624c                LED_On
 .text.MB_M_Init
                0x00006250       0x86 main.o
                0x00006250                MB_M_Init
 .text.MB_Init  0x000062d6       0x56 main.o
                0x000062d6                MB_Init
 .text.LED_Cycle
                0x0000632c       0x32 main.o
                0x0000632c                LED_Cycle
 .text.sysInit  0x0000635e       0x36 main.o
                0x0000635e                sysInit
 .text.sysCycle
                0x00006394        0xa main.o
                0x00006394                sysCycle
 .text.main     0x0000639e       0x32 main.o
                0x0000639e                main
 .text.libgcc.div
                0x000063d0       0x28 c:/program files (x86)/atmel/atmel toolchain/avr8 gcc/native/3.4.1061/avr8-gnu-toolchain/bin/../lib/gcc/avr/4.8.1/avr6\libgcc.a(_divmodsi4.o)
                0x000063d0                __divmodsi4
 .text.libgcc.div
                0x000063f8       0x10 c:/program files (x86)/atmel/atmel toolchain/avr8 gcc/native/3.4.1061/avr8-gnu-toolchain/bin/../lib/gcc/avr/4.8.1/avr6\libgcc.a(_negsi2.o)
                0x000063f8                __negsi2
 .text.libgcc   0x00006408        0xc c:/program files (x86)/atmel/atmel toolchain/avr8 gcc/native/3.4.1061/avr8-gnu-toolchain/bin/../lib/gcc/avr/4.8.1/avr6\libgcc.a(_tablejump.o)
                0x00006408                __tablejump2__
                0x0000640c                __tablejump__
 .text.libgcc.div
                0x00006414       0x44 c:/program files (x86)/atmel/atmel toolchain/avr8 gcc/native/3.4.1061/avr8-gnu-toolchain/bin/../lib/gcc/avr/4.8.1/avr6\libgcc.a(_udivmodsi4.o)
                0x00006414                __udivmodsi4
 .text.avr-libc
                0x00006458       0xac c:/program files (x86)/atmel/atmel toolchain/avr8 gcc/native/3.4.1061/avr8-gnu-toolchain/bin/../lib/gcc/avr/4.8.1/../../../../avr/lib/avr6\libc.a(random.o)
                0x000064ea                random_r
                0x000064ec                random
                0x000064f2                srandom
 .text.avr-libc
                0x00006504       0x3a c:/program files (x86)/atmel/atmel toolchain/avr8 gcc/native/3.4.1061/avr8-gnu-toolchain/bin/../lib/gcc/avr/4.8.1/../../../../avr/lib/avr6\libc.a(atoi.o)
                0x00006504                atoi
 .text.avr-libc
                0x0000653e       0x4c c:/program files (x86)/atmel/atmel toolchain/avr8 gcc/native/3.4.1061/avr8-gnu-toolchain/bin/../lib/gcc/avr/4.8.1/../../../../avr/lib/avr6\libc.a(atol.o)
                0x0000653e                atol
 .text.avr-libc
                0x0000658a       0x1a c:/program files (x86)/atmel/atmel toolchain/avr8 gcc/native/3.4.1061/avr8-gnu-toolchain/bin/../lib/gcc/avr/4.8.1/../../../../avr/lib/avr6\libc.a(memcmp.o)
                0x0000658a                memcmp
 .text.avr-libc
                0x000065a4       0x16 c:/program files (x86)/atmel/atmel toolchain/avr8 gcc/native/3.4.1061/avr8-gnu-toolchain/bin/../lib/gcc/avr/4.8.1/../../../../avr/lib/avr6\libc.a(strcat.o)
                0x000065a4                strcat
 .text.avr-libc
                0x000065ba       0x12 c:/program files (x86)/atmel/atmel toolchain/avr8 gcc/native/3.4.1061/avr8-gnu-toolchain/bin/../lib/gcc/avr/4.8.1/../../../../avr/lib/avr6\libc.a(strcmp.o)
                0x000065ba                strcmp
 .text.avr-libc
                0x000065cc       0x2a c:/program files (x86)/atmel/atmel toolchain/avr8 gcc/native/3.4.1061/avr8-gnu-toolchain/bin/../lib/gcc/avr/4.8.1/../../../../avr/lib/avr6\libc.a(mulsi10.o)
                0x000065cc                __mulsi_const_10
 .text.avr-libc
                0x000065f6       0x10 c:/program files (x86)/atmel/atmel toolchain/avr8 gcc/native/3.4.1061/avr8-gnu-toolchain/bin/../lib/gcc/avr/4.8.1/../../../../avr/lib/avr6\libc.a(mul10.o)
                0x000065f6                __mulhi_const_10
 .text.avr-libc
                0x00006606       0x32 c:/program files (x86)/atmel/atmel toolchain/avr8 gcc/native/3.4.1061/avr8-gnu-toolchain/bin/../lib/gcc/avr/4.8.1/../../../../avr/lib/avr6\libc.a(utoa_ncheck.o)
                0x00006606                __utoa_ncheck
                0x00006608                __utoa_common
 .text.avr-libc
                0x00006638       0x20 c:/program files (x86)/atmel/atmel toolchain/avr8 gcc/native/3.4.1061/avr8-gnu-toolchain/bin/../lib/gcc/avr/4.8.1/../../../../avr/lib/avr6\libc.a(eerd_block_atmega2561.o)
                0x00006638                __eerd_block_m2561
                0x0000663c                __eerd_blraw_m2561
 .text.avr-libc
                0x00006658       0x10 c:/program files (x86)/atmel/atmel toolchain/avr8 gcc/native/3.4.1061/avr8-gnu-toolchain/bin/../lib/gcc/avr/4.8.1/../../../../avr/lib/avr6\libc.a(eerd_byte_atmega2561.o)
                0x00006658                __eerd_byte_m2561
 .text.avr-libc
                0x00006668        0xa c:/program files (x86)/atmel/atmel toolchain/avr8 gcc/native/3.4.1061/avr8-gnu-toolchain/bin/../lib/gcc/avr/4.8.1/../../../../avr/lib/avr6\libc.a(eerd_word_atmega2561.o)
                0x00006668                __eerd_word_m2561
 .text.avr-libc
                0x00006672       0x1c c:/program files (x86)/atmel/atmel toolchain/avr8 gcc/native/3.4.1061/avr8-gnu-toolchain/bin/../lib/gcc/avr/4.8.1/../../../../avr/lib/avr6\libc.a(eewr_byte_atmega2561.o)
                0x00006672                __eewr_byte_m2561
                0x00006674                __eewr_r18_m2561
 .text.avr-libc
                0x0000668e        0x6 c:/program files (x86)/atmel/atmel toolchain/avr8 gcc/native/3.4.1061/avr8-gnu-toolchain/bin/../lib/gcc/avr/4.8.1/../../../../avr/lib/avr6\libc.a(eewr_word_atmega2561.o)
                0x0000668e                __eewr_word_m2561
 .text.avr-libc
                0x00006694       0x20 c:/program files (x86)/atmel/atmel toolchain/avr8 gcc/native/3.4.1061/avr8-gnu-toolchain/bin/../lib/gcc/avr/4.8.1/../../../../avr/lib/avr6\libc.a(strrev.o)
                0x00006694                strrev
 .text.libgcc.mul
                0x000066b4       0x14 c:/program files (x86)/atmel/atmel toolchain/avr8 gcc/native/3.4.1061/avr8-gnu-toolchain/bin/../lib/gcc/avr/4.8.1/avr6\libgcc.a(_muluhisi3.o)
                0x000066b4                __muluhisi3
 .text.libgcc.mul
                0x000066c8        0xc c:/program files (x86)/atmel/atmel toolchain/avr8 gcc/native/3.4.1061/avr8-gnu-toolchain/bin/../lib/gcc/avr/4.8.1/avr6\libgcc.a(_mulshisi3.o)
                0x000066c8                __mulshisi3
                0x000066cc                __mulohisi3
 .text.libgcc.mul
                0x000066d4       0x1e c:/program files (x86)/atmel/atmel toolchain/avr8 gcc/native/3.4.1061/avr8-gnu-toolchain/bin/../lib/gcc/avr/4.8.1/avr6\libgcc.a(_umulhisi3.o)
                0x000066d4                __umulhisi3
                0x000066f2                . = ALIGN (0x2)
 *(.fini9)
 .fini9         0x000066f2        0x0 c:/program files (x86)/atmel/atmel toolchain/avr8 gcc/native/3.4.1061/avr8-gnu-toolchain/bin/../lib/gcc/avr/4.8.1/avr6\libgcc.a(_exit.o)
                0x000066f2                _exit
                0x000066f2                exit
 *(.fini9)
 *(.fini8)
 *(.fini8)
 *(.fini7)
 *(.fini7)
 *(.fini6)
 *(.fini6)
 *(.fini5)
 *(.fini5)
 *(.fini4)
 *(.fini4)
 *(.fini3)
 *(.fini3)
 *(.fini2)
 *(.fini2)
 *(.fini1)
 *(.fini1)
 *(.fini0)
 .fini0         0x000066f2        0x4 c:/program files (x86)/atmel/atmel toolchain/avr8 gcc/native/3.4.1061/avr8-gnu-toolchain/bin/../lib/gcc/avr/4.8.1/avr6\libgcc.a(_exit.o)
 *(.fini0)
                0x000066f6                _etext = .

.data           0x00800200      0x2c2 load address 0x000066f6
                0x00800200                PROVIDE (__data_start, .)
 *(.data)
 .data          0x00800200        0x4 c:/program files (x86)/atmel/atmel toolchain/avr8 gcc/native/3.4.1061/avr8-gnu-toolchain/bin/../lib/gcc/avr/4.8.1/../../../../avr/lib/avr6\libc.a(random.o)
 *(.data*)
 .data.static_IP
                0x00800204        0x4 main.o
                0x00800204                static_IP
 .data.DHCP_Enable
                0x00800208        0x1 main.o
                0x00800208                DHCP_Enable
 .data.SNMP_VARS
                0x00800209       0x85 main.o
                0x00800209                SNMP_VARS
 .data.locServices
                0x0080028e        0x4 main.o
 .data.locLocation
                0x00800292       0x14 main.o
 .data.locName  0x008002a6       0x14 main.o
 .data.locContact
                0x008002ba       0x14 main.o
 .data.locObjectID
                0x008002ce       0x11 main.o
 .data.locDescr
                0x008002df       0x11 main.o
 .data.Tcond_var
                0x008002f0        0x4 main.o
                0x008002f0                Tcond_var
 .data.Tfree2cond_var
                0x008002f4        0x4 main.o
                0x008002f4                Tfree2cond_var
 .data.Vega_SN  0x008002f8        0x2 main.o
                0x008002f8                Vega_SN
 .data.FreeCoolPort
                0x008002fa        0x2 main.o
                0x008002fa                FreeCoolPort
 .data.FreeCoolListenerIP
                0x008002fc        0x4 main.o
                0x008002fc                FreeCoolListenerIP
 .data.VacantTimer32Sys
                0x00800300        0x1 main.o
                0x00800300                VacantTimer32Sys
 .data.VacantTimer16Sys
                0x00800301        0x1 main.o
                0x00800301                VacantTimer16Sys
 .data.VacantTimer32
                0x00800302        0x1 main.o
                0x00800302                VacantTimer32
 .data.VacantTimer16
                0x00800303        0x1 main.o
                0x00800303                VacantTimer16
 *(.rodata)
 *(.rodata*)
 .rodata.str1.1
                0x00800304      0x1bd main.o
 *(.gnu.linkonce.d*)
                0x008004c2                . = ALIGN (0x2)
 *fill*         0x008004c1        0x1 
                0x008004c2                _edata = .
                0x008004c2                PROVIDE (__data_end, .)

.bss            0x008004c2      0xe27
                0x008004c2                PROVIDE (__bss_start, .)
 *(.bss)
 *(.bss*)
 .bss.state.4696
                0x008004c2        0x1 main.o
 .bss.state.4675
                0x008004c3        0x1 main.o
 .bss.clo.4629  0x008004c4        0x4 main.o
 .bss.Timer.4628
                0x008004c8        0x1 main.o
 .bss.state.4626
                0x008004c9        0x1 main.o
 .bss.state.4300
                0x008004ca        0x1 main.o
 .bss.state.3854
                0x008004cb        0x1 main.o
 .bss.state.3784
                0x008004cc        0x1 main.o
 .bss.Timer.3418
                0x008004cd        0x1 main.o
 .bss.state.3416
                0x008004ce        0x1 main.o
 .bss.state.3286
                0x008004cf        0x1 main.o
 .bss.Timer.3257
                0x008004d0        0x1 main.o
 .bss.state.3255
                0x008004d1        0x1 main.o
 .bss.state.3235
                0x008004d2        0x1 main.o
 .bss.state.3217
                0x008004d3        0x1 main.o
 .bss.state.3200
                0x008004d4        0x1 main.o
 .bss.state.3159
                0x008004d5        0x1 main.o
 .bss.state.3140
                0x008004d6        0x1 main.o
 .bss.Count.2730
                0x008004d7        0x1 main.o
 .bss.Timer10ms.2163
                0x008004d8        0x1 main.o
 .bss.state.1897
                0x008004d9        0x1 main.o
 .bss.state.1879
                0x008004da        0x1 main.o
 .bss.state.1861
                0x008004db        0x1 main.o
 .bss.locUpTime
                0x008004dc        0x4 main.o
                0x008004dc                locUpTime
 .bss.count     0x008004e0        0x1 main.o
                0x008004e0                count
 .bss.TD_DHCP_lease_timer
                0x008004e1        0x1 main.o
 .bss.TD_DHCP_response_timer
                0x008004e2        0x1 main.o
 .bss.resetTEST_Counter
                0x008004e3        0x4 main.o
                0x008004e3                resetTEST_Counter
 .bss.TD_MB     0x008004e7        0x1 main.o
 .bss.SlaveSkip
                0x008004e8        0x4 main.o
 .bss.Try       0x008004ec        0x1 main.o
 .bss.LastProcSingle
                0x008004ed        0x1 main.o
 .bss.MB_SingleQuery
                0x008004ee        0x8 main.o
 .bss.MB_Err    0x008004f6        0x1 main.o
 .bss.TickCounter
                0x008004f7        0x1 main.o
 .bss.TD_Scan   0x008004f8        0x1 main.o
 .bss.Timer32Flg
                0x008004f9        0x6 main.o
 .bss.Timer16Flg
                0x008004ff        0xd main.o
 .bss.Timer8Flg
                0x0080050c        0xc main.o
 .bss.Timer8_ISR_Flg
                0x00800518        0x2 main.o
 .bss.Timer32   0x0080051a       0xa0 main.o
 .bss.Timer16   0x008005ba       0xc0 main.o
 .bss.Timer8    0x0080067a       0x58 main.o
 .bss.Timer8_ISR
                0x008006d2        0x8 main.o
 .bss.interru_enub_flg
                0x008006da        0x1 main.o
 *(COMMON)
 COMMON         0x008006db      0xc0e main.o
                0x008006db                pi4
                0x008006dd                MB_State
                0x008006de                GPRS_DATA
                0x0080071c                _getCommName
                0x0080071e                rsize
                0x00800720                _dhcpDhcpServerIp
                0x00800724                _packet
                0x008007bd                _packetPos
                0x008007bf                MB_M_TimeOff
                0x008007c0                RBASE
                0x008007c8                _offset1
                0x008007ca                _dhcpLocalIp
                0x008007ce                MB_NativeAddr
                0x008007cf                _dhcpMacAddr
                0x008007d5                _packetSize
                0x008007d7                _responseTimeout
                0x008007db                _getSize
                0x008007dd                _dhcpGatewayIp
                0x008007e1                CurrSlave
                0x008007e2                _dhcpLeaseTime
                0x008007e6                CurrQuery
                0x008007e7                get3idx
                0x008007e9                _port
                0x008007eb                _dstPort
                0x008007ed                _dhcpTransactionId
                0x008007f1                MB_M_Period
                0x008007f3                MB_SingleState
                0x008007f4                Timer1min
                0x008007f5                MaxScanCycle
                0x008007f6                ptr
                0x008007f8                _dhcpT1
                0x008007fc                _dstIp
                0x00800800                get2idx
                0x00800802                _lastCheckLeaseMillis
                0x00800806                MB_Master_MaxCycle
                0x00800808                myMillisTimer
                0x00800809                _remaining
                0x00800811                _setSize
                0x00800813                getidx
                0x00800815                MB_M_Try
                0x00800816                _dhcpT2
                0x0080081a                MB_Frame_Sz
                0x0080081b                ScanCycle
                0x0080081c                _rebindInSec
                0x00800820                LED_Timer
                0x00800821                buf1
                0x00800885                C
                0x00800905                oid
                0x00800945                ScanCount
                0x00800947                _offset2
                0x00800949                MB_Master_Cycle
                0x0080094b                _dstType
                0x0080094c                MB_Coil
                0x00800950                SerialVal1
                0x00800952                LiveTime
                0x00800956                MB_BitRate_RAM
                0x00800957                ScanPerSec
                0x00800959                data
                0x00800a85                SerialVal2
                0x00800a87                _timeout
                0x00800a8b                ris1idx
                0x00800a8d                MB_InReg
                0x00800b2d                _setCommName
                0x00800b2f                R
                0x00800c29                _dhcpInitialTransactionId
                0x00800c2d                MemFail
                0x00800c2e                SBASE
                0x00800c36                buf
                0x00801036                Timer1s
                0x00801037                _dhcpSubnetMask
                0x0080103b                MB_M_Timeout
                0x0080103c                MB_TimerFlag
                0x0080103d                SlaveOff
                0x00801041                _remotePort
                0x00801049                _remoteIP
                0x0080104d                MB_CPT
                0x0080105d                respId
                0x00801061                MB_Input
                0x00801065                _dhcpDnsServerIp
                0x00801069                sockstat
                0x0080106a                _dhcp_state
                0x0080106b                _renewInSec
                0x0080106f                get1idx
                0x00801071                get0idx
                0x00801073                _offset
                0x00801075                MB_HoldReg
                0x008010e9                status
                0x008010ea                risidx
                0x008010ec                MB_Frame
                0x008011ec                Timer1hour
                0x008011ee                api_status
                0x008011ef                IR
                0x008012e9                PROVIDE (__bss_end, .)
                0x000066f6                __data_load_start = LOADADDR (.data)
                0x000069b8                __data_load_end = (__data_load_start + SIZEOF (.data))

.noinit         0x008012e9        0x0
                0x008012e9                PROVIDE (__noinit_start, .)
 *(.noinit*)
                0x008012e9                PROVIDE (__noinit_end, .)
                0x008012e9                _end = .
                0x008012e9                PROVIDE (__heap_start, .)

.eeprom         0x00810000       0x11
 *(.eeprom*)
 .eeprom        0x00810000       0x11 main.o
                0x00810005                MB_Param
                0x00810009                DateBackUp
                0x00810011                __eeprom_end = .

.fuse
 *(.fuse)
 *(.lfuse)
 *(.hfuse)
 *(.efuse)

.lock
 *(.lock*)

.signature
 *(.signature*)

.user_signatures
 *(.user_signatures*)

.stab
 *(.stab)

.stabstr
 *(.stabstr)

.stab.excl
 *(.stab.excl)

.stab.exclstr
 *(.stab.exclstr)

.stab.index
 *(.stab.index)

.stab.indexstr
 *(.stab.indexstr)

.comment        0x00000000       0x30
 *(.comment)
 .comment       0x00000000       0x30 main.o
                                 0x31 (size before relaxing)
 .comment       0x00000000       0x31 c:/program files (x86)/atmel/atmel toolchain/avr8 gcc/native/3.4.1061/avr8-gnu-toolchain/bin/../lib/gcc/avr/4.8.1/../../../../avr/lib/avr6\libc.a(random.o)

.note.gnu.build-id
 *(.note.gnu.build-id)

.debug
 *(.debug)

.line
 *(.line)

.debug_srcinfo
 *(.debug_srcinfo)

.debug_sfnames
 *(.debug_sfnames)

.debug_aranges  0x00000000      0x7d8
 *(.debug_aranges)
 .debug_aranges
                0x00000000      0x7d8 main.o

.debug_pubnames
 *(.debug_pubnames)

.debug_info     0x00000000     0xc0f2
 *(.debug_info .gnu.linkonce.wi.*)
 .debug_info    0x00000000     0xc0f2 main.o

.debug_abbrev   0x00000000      0x994
 *(.debug_abbrev)
 .debug_abbrev  0x00000000      0x994 main.o

.debug_line     0x00000000     0x58a3
 *(.debug_line .debug_line.* .debug_line_end)
 .debug_line    0x00000000     0x58a3 main.o

.debug_frame    0x00000000     0x1d84
 *(.debug_frame)
 .debug_frame   0x00000000     0x1d84 main.o

.debug_str      0x00000000     0x2593
 *(.debug_str)
 .debug_str     0x00000000     0x2593 main.o
                               0x2768 (size before relaxing)

.debug_loc      0x00000000     0xd1a9
 *(.debug_loc)
 .debug_loc     0x00000000     0xd1a9 main.o

.debug_macinfo
 *(.debug_macinfo)

.debug_weaknames
 *(.debug_weaknames)

.debug_funcnames
 *(.debug_funcnames)

.debug_typenames
 *(.debug_typenames)

.debug_varnames
 *(.debug_varnames)

.debug_pubtypes
 *(.debug_pubtypes)

.debug_ranges   0x00000000      0xaa8
 *(.debug_ranges)
 .debug_ranges  0x00000000      0xaa8 main.o

.debug_macro
 *(.debug_macro)
OUTPUT(Ethernet_to_Serial.elf elf32-avr)
LOAD linker stubs
