Archive member included because of file (symbol)

c:/program files (x86)/atmel/atmel toolchain/avr8 gcc/native/3.4.1061/avr8-gnu-toolchain/bin/../lib/gcc/avr/4.8.1/../../../../avr/lib/avr6\libm.a(fixunssfsi.o)
                              main.o (__fixunssfsi)
c:/program files (x86)/atmel/atmel toolchain/avr8 gcc/native/3.4.1061/avr8-gnu-toolchain/bin/../lib/gcc/avr/4.8.1/../../../../avr/lib/avr6\libm.a(floatsisf.o)
                              main.o (__floatunsisf)
c:/program files (x86)/atmel/atmel toolchain/avr8 gcc/native/3.4.1061/avr8-gnu-toolchain/bin/../lib/gcc/avr/4.8.1/../../../../avr/lib/avr6\libm.a(fp_split3.o)
                              c:/program files (x86)/atmel/atmel toolchain/avr8 gcc/native/3.4.1061/avr8-gnu-toolchain/bin/../lib/gcc/avr/4.8.1/../../../../avr/lib/avr6\libm.a(fixunssfsi.o) (__fp_splitA)
c:/program files (x86)/atmel/atmel toolchain/avr8 gcc/native/3.4.1061/avr8-gnu-toolchain/bin/../lib/gcc/avr/4.8.1/../../../../avr/lib/avr6\libm.a(fp_zero.o)
                              c:/program files (x86)/atmel/atmel toolchain/avr8 gcc/native/3.4.1061/avr8-gnu-toolchain/bin/../lib/gcc/avr/4.8.1/../../../../avr/lib/avr6\libm.a(fixunssfsi.o) (__fp_zero)
c:/program files (x86)/atmel/atmel toolchain/avr8 gcc/native/3.4.1061/avr8-gnu-toolchain/bin/../lib/gcc/avr/4.8.1/../../../../avr/lib/avr6\libm.a(mulsf3.o)
                              main.o (__mulsf3)
c:/program files (x86)/atmel/atmel toolchain/avr8 gcc/native/3.4.1061/avr8-gnu-toolchain/bin/../lib/gcc/avr/4.8.1/../../../../avr/lib/avr6\libm.a(mulsf3x.o)
                              c:/program files (x86)/atmel/atmel toolchain/avr8 gcc/native/3.4.1061/avr8-gnu-toolchain/bin/../lib/gcc/avr/4.8.1/../../../../avr/lib/avr6\libm.a(mulsf3.o) (__mulsf3x)
c:/program files (x86)/atmel/atmel toolchain/avr8 gcc/native/3.4.1061/avr8-gnu-toolchain/bin/../lib/gcc/avr/4.8.1/../../../../avr/lib/avr6\libm.a(fp_inf.o)
                              c:/program files (x86)/atmel/atmel toolchain/avr8 gcc/native/3.4.1061/avr8-gnu-toolchain/bin/../lib/gcc/avr/4.8.1/../../../../avr/lib/avr6\libm.a(mulsf3x.o) (__fp_inf)
c:/program files (x86)/atmel/atmel toolchain/avr8 gcc/native/3.4.1061/avr8-gnu-toolchain/bin/../lib/gcc/avr/4.8.1/../../../../avr/lib/avr6\libm.a(fp_nan.o)
                              c:/program files (x86)/atmel/atmel toolchain/avr8 gcc/native/3.4.1061/avr8-gnu-toolchain/bin/../lib/gcc/avr/4.8.1/../../../../avr/lib/avr6\libm.a(mulsf3x.o) (__fp_nan)
c:/program files (x86)/atmel/atmel toolchain/avr8 gcc/native/3.4.1061/avr8-gnu-toolchain/bin/../lib/gcc/avr/4.8.1/../../../../avr/lib/avr6\libm.a(fp_pscA.o)
                              c:/program files (x86)/atmel/atmel toolchain/avr8 gcc/native/3.4.1061/avr8-gnu-toolchain/bin/../lib/gcc/avr/4.8.1/../../../../avr/lib/avr6\libm.a(mulsf3x.o) (__fp_pscA)
c:/program files (x86)/atmel/atmel toolchain/avr8 gcc/native/3.4.1061/avr8-gnu-toolchain/bin/../lib/gcc/avr/4.8.1/../../../../avr/lib/avr6\libm.a(fp_pscB.o)
                              c:/program files (x86)/atmel/atmel toolchain/avr8 gcc/native/3.4.1061/avr8-gnu-toolchain/bin/../lib/gcc/avr/4.8.1/../../../../avr/lib/avr6\libm.a(mulsf3x.o) (__fp_pscB)
c:/program files (x86)/atmel/atmel toolchain/avr8 gcc/native/3.4.1061/avr8-gnu-toolchain/bin/../lib/gcc/avr/4.8.1/../../../../avr/lib/avr6\libm.a(fp_round.o)
                              c:/program files (x86)/atmel/atmel toolchain/avr8 gcc/native/3.4.1061/avr8-gnu-toolchain/bin/../lib/gcc/avr/4.8.1/../../../../avr/lib/avr6\libm.a(mulsf3.o) (__fp_round)
c:/program files (x86)/atmel/atmel toolchain/avr8 gcc/native/3.4.1061/avr8-gnu-toolchain/bin/../lib/gcc/avr/4.8.1/avr6\libgcc.a(_divmodsi4.o)
                              main.o (__divmodsi4)
c:/program files (x86)/atmel/atmel toolchain/avr8 gcc/native/3.4.1061/avr8-gnu-toolchain/bin/../lib/gcc/avr/4.8.1/avr6\libgcc.a(_negsi2.o)
                              c:/program files (x86)/atmel/atmel toolchain/avr8 gcc/native/3.4.1061/avr8-gnu-toolchain/bin/../lib/gcc/avr/4.8.1/avr6\libgcc.a(_divmodsi4.o) (__negsi2)
c:/program files (x86)/atmel/atmel toolchain/avr8 gcc/native/3.4.1061/avr8-gnu-toolchain/bin/../lib/gcc/avr/4.8.1/avr6\libgcc.a(_exit.o)
                              c:/program files (x86)/atmel/atmel toolchain/avr8 gcc/native/3.4.1061/avr8-gnu-toolchain/bin/../lib/gcc/avr/4.8.1/../../../../avr/lib/avr6/crtm2561.o (exit)
c:/program files (x86)/atmel/atmel toolchain/avr8 gcc/native/3.4.1061/avr8-gnu-toolchain/bin/../lib/gcc/avr/4.8.1/avr6\libgcc.a(_tablejump.o)
                              main.o (__tablejump2__)
c:/program files (x86)/atmel/atmel toolchain/avr8 gcc/native/3.4.1061/avr8-gnu-toolchain/bin/../lib/gcc/avr/4.8.1/avr6\libgcc.a(_copy_data.o)
                              main.o (__do_copy_data)
c:/program files (x86)/atmel/atmel toolchain/avr8 gcc/native/3.4.1061/avr8-gnu-toolchain/bin/../lib/gcc/avr/4.8.1/avr6\libgcc.a(_clear_bss.o)
                              main.o (__do_clear_bss)
[...]
Memory Configuration

Name             Origin             Length             Attributes
text             0x00000000         0x00100000         xr
data             0x00800200         0x0000fe00         rw !x
eeprom           0x00810000         0x00010000         rw !x
fuse             0x00820000         0x00000400         rw !x
lock             0x00830000         0x00000400         rw !x
signature        0x00840000         0x00000400         rw !x
user_signatures  0x00850000         0x00000400         rw !x
*default*        0x00000000         0xffffffff

Linker script and memory map

Address of section .data set to 0x800200
LOAD c:/program files (x86)/atmel/atmel toolchain/avr8 gcc/native/3.4.1061/avr8-gnu-toolchain/bin/../lib/gcc/avr/4.8.1/../../../../avr/lib/avr6/crtm2561.o
LOAD main.o
START GROUP
LOAD c:/program files (x86)/atmel/atmel toolchain/avr8 gcc/native/3.4.1061/avr8-gnu-toolchain/bin/../lib/gcc/avr/4.8.1/../../../../avr/lib/avr6\libm.a
END GROUP
START GROUP
LOAD c:/program files (x86)/atmel/atmel toolchain/avr8 gcc/native/3.4.1061/avr8-gnu-toolchain/bin/../lib/gcc/avr/4.8.1/avr6\libgcc.a
LOAD c:/program files (x86)/atmel/atmel toolchain/avr8 gcc/native/3.4.1061/avr8-gnu-toolchain/bin/../lib/gcc/avr/4.8.1/../../../../avr/lib/avr6\libm.a
LOAD c:/program files (x86)/atmel/atmel toolchain/avr8 gcc/native/3.4.1061/avr8-gnu-toolchain/bin/../lib/gcc/avr/4.8.1/../../../../avr/lib/avr6\libc.a
END GROUP

.hash
 *(.hash)

.dynsym
 *(.dynsym)

.dynstr
 *(.dynstr)

.gnu.version
 *(.gnu.version)

.gnu.version_d
 *(.gnu.version_d)

.gnu.version_r
 *(.gnu.version_r)

.rel.init
 *(.rel.init)

.rela.init
 *(.rela.init)

.rel.text
 *(.rel.text)
 *(.rel.text.*)
 *(.rel.gnu.linkonce.t*)

.rela.text
 *(.rela.text)
 *(.rela.text.*)
 *(.rela.gnu.linkonce.t*)

.rel.fini
 *(.rel.fini)

.rela.fini
 *(.rela.fini)

.rel.rodata
 *(.rel.rodata)
 *(.rel.rodata.*)
 *(.rel.gnu.linkonce.r*)

.rela.rodata
 *(.rela.rodata)
 *(.rela.rodata.*)
 *(.rela.gnu.linkonce.r*)

.rel.data
 *(.rel.data)
 *(.rel.data.*)
 *(.rel.gnu.linkonce.d*)

.rela.data
 *(.rela.data)
 *(.rela.data.*)
 *(.rela.gnu.linkonce.d*)

.rel.ctors
 *(.rel.ctors)

.rela.ctors
 *(.rela.ctors)

.rel.dtors
 *(.rel.dtors)

.rela.dtors
 *(.rela.dtors)

.rel.got
 *(.rel.got)

.rela.got
 *(.rela.got)

.rel.bss
 *(.rel.bss)

.rela.bss
 *(.rela.bss)

.rel.plt
 *(.rel.plt)

.rela.plt
 *(.rela.plt)

.text           0x00000000     0x7160
 *(.vectors)
 .vectors       0x00000000       0xcc c:/program files (x86)/atmel/atmel toolchain/avr8 gcc/native/3.4.1061/avr8-gnu-toolchain/bin/../lib/gcc/avr/4.8.1/../../../../avr/lib/avr6/crtm2561.o
                0x00000000                __vector_default
                0x00000000                __vectors
 *(.vectors)
 *(.progmem.gcc*)
 .progmem.gcc_sw_table.MB_S_Timer_ISR
                0x000000cc       0x20 main.o
 .progmem.gcc_sw_table.MB_M_Timer_ISR
                0x000000ec       0x20 main.o
 .progmem.gcc_sw_table.Modbus_TCP_Automat
                0x0000010c       0x20 main.o
                0x0000012c                . = ALIGN (0x2)
                0x0000012c                __trampolines_start = .
 *(.trampolines)
 .trampolines   0x0000012c        0x0 linker stubs
 *(.trampolines*)
                0x0000012c                __trampolines_end = .
 *(.progmem*)
 .progmem.data.aCRCLo.2498
                0x0000012c      0x100 main.o
 .progmem.data.aCRCHi.2497
                0x0000022c      0x100 main.o
 .progmem.data.MB_Master_List
                0x0000032c        0x3 main.o
                0x0000032c                MB_Master_List
 .progmem.data.MB_Slave_List
                0x0000032f        0x4 main.o
                0x0000032f                MB_Slave_List
 .progmem.data.MYQUERRY
                0x00000333        0xe main.o
                0x00000333                MYQUERRY
 .progmem.data.MB_Timer
                0x00000341       0x12 main.o
 .progmem.data.MB_Port
                0x00000353       0x14 main.o
 .progmem.data.BR_Tbl
                0x00000367       0x1b main.o
                0x00000367                BR_Tbl
 .progmem.data.Modbus_Map
                0x00000382       0x10 main.o
                0x00000382                Modbus_Map
 .progmem.data.MB_Role
                0x00000392        0x1 main.o
 .progmem.data  0x00000393        0xc c:/program files (x86)/atmel/atmel toolchain/avr8 gcc/native/3.4.1061/avr8-gnu-toolchain/bin/../lib/gcc/avr/4.8.1/../../../../avr/lib/avr6\libc.a(vfscanf_std.o)
                0x000003a0                . = ALIGN (0x2)
 *fill*         0x0000039f        0x1 
 *(.jumptables)
 *(.jumptables*)
 *(.lowtext)
 *(.lowtext*)
                0x000003a0                __ctors_start = .
 *(.ctors)
                0x000003a0                __ctors_end = .
                0x000003a0                __dtors_start = .
 *(.dtors)
                0x000003a0                __dtors_end = .
 SORT(*)(.ctors)
 SORT(*)(.dtors)
 *(.init0)
 .init0         0x000003a0        0x0 c:/program files (x86)/atmel/atmel toolchain/avr8 gcc/native/3.4.1061/avr8-gnu-toolchain/bin/../lib/gcc/avr/4.8.1/../../../../avr/lib/avr6/crtm2561.o
                0x000003a0                __init
 *(.init0)
 *(.init1)
 *(.init1)
 *(.init2)
 .init2         0x000003a0       0x10 c:/program files (x86)/atmel/atmel toolchain/avr8 gcc/native/3.4.1061/avr8-gnu-toolchain/bin/../lib/gcc/avr/4.8.1/../../../../avr/lib/avr6/crtm2561.o
 *(.init2)
 *(.init3)
 *(.init3)
 *(.init4)
 .init4         0x000003b0       0x1a c:/program files (x86)/atmel/atmel toolchain/avr8 gcc/native/3.4.1061/avr8-gnu-toolchain/bin/../lib/gcc/avr/4.8.1/avr6\libgcc.a(_copy_data.o)
                0x000003b0                __do_copy_data
 .init4         0x000003ca       0x10 c:/program files (x86)/atmel/atmel toolchain/avr8 gcc/native/3.4.1061/avr8-gnu-toolchain/bin/../lib/gcc/avr/4.8.1/avr6\libgcc.a(_clear_bss.o)
                0x000003ca                __do_clear_bss
 *(.init4)
 *(.init5)
 *(.init5)
 *(.init6)
 *(.init6)
 *(.init7)
 *(.init7)
 *(.init8)
 *(.init8)
 *(.init9)
 .init9         0x000003da        0x8 c:/program files (x86)/atmel/atmel toolchain/avr8 gcc/native/3.4.1061/avr8-gnu-toolchain/bin/../lib/gcc/avr/4.8.1/../../../../avr/lib/avr6/crtm2561.o
 *(.init9)
 *(.text)
 .text          0x000003e2        0x2 c:/program files (x86)/atmel/atmel toolchain/avr8 gcc/native/3.4.1061/avr8-gnu-toolchain/bin/../lib/gcc/avr/4.8.1/../../../../avr/lib/avr6/crtm2561.o
                0x000003e2                __vector_22
                0x000003e2                __vector_28
                0x000003e2                __vector_1
                0x000003e2                __vector_32
                0x000003e2                __vector_34
                0x000003e2                __vector_24
                0x000003e2                __vector_12
                0x000003e2                __vector_46
                0x000003e2                __bad_interrupt
                0x000003e2                __vector_6
                0x000003e2                __vector_31
                0x000003e2                __vector_35
                0x000003e2                __vector_39
                0x000003e2                __vector_3
                0x000003e2                __vector_23
                0x000003e2                __vector_30
                0x000003e2                __vector_45
                0x000003e2                __vector_11
                0x000003e2                __vector_19
                0x000003e2                __vector_7
                0x000003e2                __vector_49
                0x000003e2                __vector_41
                0x000003e2                __vector_43
                0x000003e2                __vector_5
                0x000003e2                __vector_33
                0x000003e2                __vector_47
                0x000003e2                __vector_4
                0x000003e2                __vector_44
                0x000003e2                __vector_9
                0x000003e2                __vector_2
                0x000003e2                __vector_15
                0x000003e2                __vector_29
                0x000003e2                __vector_40
                0x000003e2                __vector_8
                0x000003e2                __vector_48
                0x000003e2                __vector_14
                0x000003e2                __vector_10
                0x000003e2                __vector_50
                0x000003e2                __vector_16
                0x000003e2                __vector_18
                0x000003e2                __vector_20
                0x000003e4                . = ALIGN (0x2)
 *(.text.*)
 .text.rrb      0x000003e4        0x6 main.o
                0x000003e4                rrb
 .text.RS485_0  0x000003ea        0xa main.o
                0x000003ea                RS485_0
 .text.MB_LED0  0x000003f4        0x2 main.o
                0x000003f4                MB_LED0
 .text.MB_LED_Err_On_0
                0x000003f6        0x2 main.o
                0x000003f6                MB_LED_Err_On_0
 .text.MB_LED_Err_Off_0
                0x000003f8        0x2 main.o
                0x000003f8                MB_LED_Err_Off_0
 .text.StartTimer0
                0x000003fa       0x14 main.o
                0x000003fa                StartTimer0
 .text.StartTimer2
                0x0000040e       0x18 main.o
                0x0000040e                StartTimer2
 .text.StartTimer4
                0x00000426       0x16 main.o
                0x00000426                StartTimer4
 .text.erb      0x0000043c        0x6 main.o
                0x0000043c                erb
 .text.GetSlave
                0x00000442       0x30 main.o
 .text.MBRecept
                0x00000472       0x8c main.o
 .text.GetReg   0x000004fe       0x78 main.o
 .text.MB_Timer_ISR
                0x00000576       0xc8 main.o
 .text.SPItransfer
                0x0000063e        0xe main.o
                0x0000063e                SPItransfer
 .text.W5100read
                0x0000064c       0x22 main.o
                0x0000064c                W5100read
 .text.W5100readBlock
                0x0000066e       0x5a main.o
                0x0000066e                W5100readBlock
 .text.W5100writeBlock
                0x000006c8       0x58 main.o
                0x000006c8                W5100writeBlock
 .text.W5100_init
                0x00000720      0x120 main.o
                0x00000720                W5100_init
 .text.W5100write
                0x00000840       0x32 main.o
                0x00000840                W5100write
 .text.execCmdSn
                0x00000872       0x30 main.o
                0x00000872                execCmdSn
 .text.W5100_SetMac
                0x000008a2       0x4e main.o
                0x000008a2                W5100_SetMac
 .text.W5100_SetIP
                0x000008f0       0x36 main.o
                0x000008f0                W5100_SetIP
 .text.W5100_SetGateway
                0x00000926       0x36 main.o
                0x00000926                W5100_SetGateway
 .text.W5100_SetMask
                0x0000095c       0x36 main.o
                0x0000095c                W5100_SetMask
 .text.readSn   0x00000992       0x10 main.o
                0x00000992                readSn
 .text.readSnTX_FSR
                0x000009a2       0x2c main.o
 .text.readSnRX_RSR
                0x000009ce       0x2c main.o
 .text.writeSn  0x000009fa       0x14 main.o
                0x000009fa                writeSn
 .text.execCmdS0_Automat
                0x00000a0e       0x62 main.o
                0x00000a0e                execCmdS0_Automat
 .text.execCmdS1_Automat
                0x00000a70       0x62 main.o
                0x00000a70                execCmdS1_Automat
 .text.execCmdS2_Automat
                0x00000ad2       0x62 main.o
                0x00000ad2                execCmdS2_Automat
 .text.W5100_writeS0DPORT
                0x00000b34       0x18 main.o
                0x00000b34                W5100_writeS0DPORT
 .text.W5100_writeS0DIPR
                0x00000b4c       0x2c main.o
                0x00000b4c                W5100_writeS0DIPR
 .text.W5100_writeS1DPORT
                0x00000b78       0x18 main.o
                0x00000b78                W5100_writeS1DPORT
 .text.W5100_writeS1DIPR
                0x00000b90       0x2c main.o
                0x00000b90                W5100_writeS1DIPR
 .text.W5100_writeS2DPORT
                0x00000bbc       0x18 main.o
                0x00000bbc                W5100_writeS2DPORT
 .text.W5100_writeS2DIPR
                0x00000bd4       0x2c main.o
                0x00000bd4                W5100_writeS2DIPR
 .text.W5100_send_data_processing_offset
                0x00000c00       0xc4 main.o
                0x00000c00                W5100_send_data_processing_offset
 .text.W5100_getTXFreeSize
                0x00000cc4       0x4a main.o
                0x00000cc4                W5100_getTXFreeSize
 .text.bufferData
                0x00000d0e       0x40 main.o
                0x00000d0e                bufferData
 .text.printByte
                0x00000d4e       0x2c main.o
                0x00000d4e                printByte
 .text.IntOff   0x00000d7a       0x10 main.o
                0x00000d7a                IntOff
 .text.IntOn    0x00000d8a       0x10 main.o
                0x00000d8a                IntOn
 .text.WdtOn    0x00000d9a       0x1a main.o
                0x00000d9a                WdtOn
 .text.Timer16Alloc
                0x00000db4        0xe main.o
                0x00000db4                Timer16Alloc
 .text.Timer32Alloc
                0x00000dc2        0xe main.o
                0x00000dc2                Timer32Alloc
 .text.StartTimer8
                0x00000dd0       0x70 main.o
                0x00000dd0                StartTimer8
 .text.StartTimer16
                0x00000e40       0x7a main.o
                0x00000e40                StartTimer16
 .text.SlavesOn
                0x00000eba       0x36 main.o
 .text.NextSlave
                0x00000ef0      0x13e main.o
 .text.FailSlave
                0x0000102e       0xda main.o
 .text.StartTimer32
                0x00001108       0x90 main.o
                0x00001108                StartTimer32
 .text.Timer16Stopp
                0x00001198       0x4e main.o
                0x00001198                Timer16Stopp
 .text.Timer32Stopp
                0x000011e6       0x5a main.o
                0x000011e6                Timer32Stopp
 .text.TimeInit
                0x00001240       0x6a main.o
                0x00001240                TimeInit
 .text.__vector_17
                0x000012aa       0xdc main.o
                0x000012aa                __vector_17
 .text.TimersInc
                0x00001386      0x1cc main.o
                0x00001386                TimersInc
 .text.TimeCycle
                0x00001552       0x3a main.o
                0x00001552                TimeCycle
 .text.CRC_Seed
                0x0000158c       0x8e main.o
                0x0000158c                CRC_Seed
 .text.CRC      0x0000161a       0x10 main.o
                0x0000161a                CRC
 .text.CRC_EEPROM_calc
                0x0000162a       0x34 main.o
 .text.CRC_EEPROM_upd
                0x0000165e       0x16 main.o
 .text.ewb      0x00001674        0x8 main.o
                0x00001674                ewb
 .text.MB_PLC_Init
                0x0000167c        0x6 main.o
                0x0000167c                MB_PLC_Init
 .text.__vector_21
                0x00001682       0x64 main.o
                0x00001682                __vector_21
 .text.__vector_13
                0x000016e6       0x68 main.o
                0x000016e6                __vector_13
 .text.__vector_42
                0x0000174e       0x68 main.o
                0x0000174e                __vector_42
 .text.SetParity
                0x000017b6       0x7c main.o
                0x000017b6                SetParity
 .text.SetBAUD  0x00001832       0x8e main.o
                0x00001832                SetBAUD
 .text.MB_Transm
                0x000018c0       0x84 main.o
                0x000018c0                MB_Transm
 .text.Modbus_RX
                0x00001944      0x108 main.o
                0x00001944                Modbus_RX
 .text.CommErr  0x00001a4c       0xe0 main.o
                0x00001a4c                CommErr
 .text.SetCRC_MB
                0x00001b2c       0x36 main.o
                0x00001b2c                SetCRC_MB
 .text.MB_FrameReg
                0x00001b62       0x28 main.o
                0x00001b62                MB_FrameReg
 .text.FormData
                0x00001b8a      0x212 main.o
 .text.FormQuery
                0x00001d9c       0x94 main.o
 .text.FormSingle
                0x00001e30       0x56 main.o
 .text.MB_S_Timer_ISR
                0x00001e86      0x730 main.o
                0x00001e86                MB_S_Timer_ISR
 .text.MB_S_Tx  0x000025b6       0x18 main.o
                0x000025b6                MB_S_Tx
 .text.MB_S_Init
                0x000025ce       0x1e main.o
                0x000025ce                MB_S_Init
 .text.MB_M_Timer_ISR
                0x000025ec      0x57c main.o
                0x000025ec                MB_M_Timer_ISR
 .text.MB_M_Tx  0x00002b68       0x18 main.o
                0x00002b68                MB_M_Tx
 .text.Modbus_TX
                0x00002b80      0x132 main.o
                0x00002b80                Modbus_TX
 .text.MB_M_Cycle
                0x00002cb2      0x106 main.o
                0x00002cb2                MB_M_Cycle
 .text.MB_Cycle
                0x00002db8       0x40 main.o
                0x00002db8                MB_Cycle
 .text.__vector_25
                0x00002df8       0x54 main.o
                0x00002df8                __vector_25
 .text.__vector_27
                0x00002e4c       0x52 main.o
                0x00002e4c                __vector_27
 .text.__vector_26
                0x00002e9e       0x52 main.o
                0x00002e9e                __vector_26
 .text.__vector_36
                0x00002ef0       0x54 main.o
                0x00002ef0                __vector_36
 .text.__vector_38
                0x00002f44       0x52 main.o
                0x00002f44                __vector_38
 .text.__vector_37
                0x00002f96       0x52 main.o
                0x00002f96                __vector_37
 .text.UDPbegin0_Automat
                0x00002fe8       0xa8 main.o
                0x00002fe8                UDPbegin0_Automat
 .text.UDPbegin1_Automat
                0x00003090       0xa8 main.o
                0x00003090                UDPbegin1_Automat
 .text.startUDP
                0x00003138       0x7c main.o
                0x00003138                startUDP
 .text._dhcpUdpSocket_beginPacket
                0x000031b4       0x12 main.o
                0x000031b4                _dhcpUdpSocket_beginPacket
 .text._UDPtoSerialSocket_beginPacket
                0x000031c6       0x12 main.o
                0x000031c6                _UDPtoSerialSocket_beginPacket
 .text._dhcpUdpSocket_write
                0x000031d8       0x28 main.o
                0x000031d8                _dhcpUdpSocket_write
 .text._UDPtoSerialSocket_write
                0x00003200       0x28 main.o
                0x00003200                _UDPtoSerialSocket_write
 .text._UDPtoSerialSocket_endPacket_Automat
                0x00003228       0x8e main.o
                0x00003228                _UDPtoSerialSocket_endPacket_Automat
 .text._dhcpUdpSocket_endPacket_Automat
                0x000032b6       0x8e main.o
                0x000032b6                _dhcpUdpSocket_endPacket_Automat
 .text.UDPbegin2_Automat
                0x00003344       0xa8 main.o
                0x00003344                UDPbegin2_Automat
 .text._Socket2_beginPacket
                0x000033ec       0x12 main.o
                0x000033ec                _Socket2_beginPacket
 .text._Socket2_write
                0x000033fe       0x28 main.o
                0x000033fe                _Socket2_write
 .text.read_data
                0x00003426       0x9e main.o
                0x00003426                read_data
 .text.W5100_recv_data_processing
                0x000034c4       0x66 main.o
                0x000034c4                W5100_recv_data_processing
 .text.W5100_getRXReceivedSize
                0x0000352a       0x4e main.o
                0x0000352a                W5100_getRXReceivedSize
 .text.recv     0x00003578       0x72 main.o
                0x00003578                recv
 .text.UDP_read
                0x000035ea       0x66 main.o
                0x000035ea                UDP_read
 .text.UDP_parsePacket
                0x00003650       0xda main.o
                0x00003650                UDP_parsePacket
 .text._dhcpUdpSocket_parsePacket
                0x0000372a        0x6 main.o
                0x0000372a                _dhcpUdpSocket_parsePacket
 .text._UDPtoSerialSocket_parsePacket
                0x00003730        0x6 main.o
                0x00003730                _UDPtoSerialSocket_parsePacket
 .text._dhcpUdpSocket_readBlock
                0x00003736       0x50 main.o
                0x00003736                _dhcpUdpSocket_readBlock
 .text._SNMPSocket_read
                0x00003786       0x50 main.o
                0x00003786                _SNMPSocket_read
 .text._dhcpUdpSocket_read
                0x000037d6        0x6 main.o
                0x000037d6                _dhcpUdpSocket_read
 .text.resetTEST
                0x000037dc       0x2c main.o
                0x000037dc                resetTEST
 .text._Socket2_endPacket_Automat
                0x00003808       0xca main.o
                0x00003808                _Socket2_endPacket_Automat
 .text.Socket2_sendmessage_Automat
                0x000038d2       0x7a main.o
                0x000038d2                Socket2_sendmessage_Automat
 .text.TEST_Automat
                0x0000394c      0x218 main.o
                0x0000394c                TEST_Automat
 .text.send_DHCP_MESSAGE
                0x00003b64      0x230 main.o
                0x00003b64                send_DHCP_MESSAGE
 .text.send_DHCP_MESSAGE_Automat
                0x00003d94       0x5c main.o
                0x00003d94                send_DHCP_MESSAGE_Automat
 .text.parseDHCPResponse
                0x00003df0      0x466 main.o
                0x00003df0                parseDHCPResponse
 .text.random1  0x00004256       0x34 main.o
                0x00004256                random1
 .text.DHCP_automat
                0x0000428a      0x2b8 main.o
                0x0000428a                DHCP_automat
 .text.SNMP_OID_toString
                0x00004542      0x106 main.o
                0x00004542                SNMP_OID_toString
 .text.SNMP_OID_fromString
                0x00004648      0x230 main.o
                0x00004648                SNMP_OID_fromString
 .text.clear    0x00004878       0x16 main.o
                0x00004878                clear
 .text.decodeOctetStringToString
                0x0000488e      0x1ce main.o
                0x0000488e                decodeOctetStringToString
 .text.decodeInt16toHoldReg
                0x00004a5c       0x80 main.o
                0x00004a5c                decodeInt16toHoldReg
 .text.encodeStringToOctetString
                0x00004adc       0x96 main.o
                0x00004adc                encodeStringToOctetString
 .text.encodeInt16ToInt
                0x00004b72       0x34 main.o
                0x00004b72                encodeInt16ToInt
 .text.encodeInt32ToInt32
                0x00004ba6       0x38 main.o
                0x00004ba6                encodeInt32ToInt32
 .text.encodeUint32ToUint32
                0x00004bde       0x40 main.o
                0x00004bde                encodeUint32ToUint32
 .text.GetOIDCount
                0x00004c1e       0x28 main.o
                0x00004c1e                GetOIDCount
 .text.GetNVal_FromOID_String
                0x00004c46       0xd6 main.o
                0x00004c46                GetNVal_FromOID_String
 .text.CompareOIDS
                0x00004d1c      0x152 main.o
                0x00004d1c                CompareOIDS
 .text.GetNextOid
                0x00004e6e       0x4a main.o
                0x00004e6e                GetNextOid
 .text.Encode   0x00004eb8       0x60 main.o
                0x00004eb8                Encode
 .text.Decode   0x00004f18       0x52 main.o
                0x00004f18                Decode
 .text.SNMP_requestPdu
                0x00004f6a      0x552 main.o
                0x00004f6a                SNMP_requestPdu
 .text.SNMP_responsePdu
                0x000054bc      0x342 main.o
                0x000054bc                SNMP_responsePdu
 .text.SNMP_VARS_Processing
                0x000057fe      0x172 main.o
                0x000057fe                SNMP_VARS_Processing
 .text.pduReceived
                0x00005970      0x126 main.o
                0x00005970                pduReceived
 .text.Webserver_recv_size
                0x00005a96       0x28 main.o
                0x00005a96                Webserver_recv_size
 .text.WebserverSocket_close
                0x00005abe       0x18 main.o
                0x00005abe                WebserverSocket_close
 .text.WebserverSocketOpen
                0x00005ad6       0x6a main.o
                0x00005ad6                WebserverSocketOpen
 .text.Webserver_listen
                0x00005b40       0x3c main.o
                0x00005b40                Webserver_listen
 .text.Webserver_recv
                0x00005b7c       0xcc main.o
                0x00005b7c                Webserver_recv
 .text.WebserverSocket_disconnect
                0x00005c48       0x18 main.o
                0x00005c48                WebserverSocket_disconnect
 .text.Webserver_send
                0x00005c60      0x142 main.o
                0x00005c60                Webserver_send
 .text.ModbusTCPRun
                0x00005da2      0x410 main.o
                0x00005da2                ModbusTCPRun
 .text.SetFC    0x000061b2       0x48 main.o
                0x000061b2                SetFC
 .text.Modbus_TCP_Automat
                0x000061fa      0x264 main.o
                0x000061fa                Modbus_TCP_Automat
 .text.Ethernet_Automat
                0x0000645e       0xf4 main.o
                0x0000645e                Ethernet_Automat
 .text.resetEthernet
                0x00006552        0x6 main.o
                0x00006552                resetEthernet
 .text.SNMP_Automat
                0x00006558       0xd0 main.o
                0x00006558                SNMP_Automat
 .text.LED_On   0x00006628        0x4 main.o
                0x00006628                LED_On
 .text.MB_M_Init
                0x0000662c       0x86 main.o
                0x0000662c                MB_M_Init
 .text.MB_Init  0x000066b2       0x56 main.o
                0x000066b2                MB_Init
 .text.LED_Cycle
                0x00006708       0x32 main.o
                0x00006708                LED_Cycle
 .text.sysInit  0x0000673a       0x36 main.o
                0x0000673a                sysInit
 .text.sysCycle
                0x00006770        0xa main.o
                0x00006770                sysCycle
 .text.main     0x0000677a       0x32 main.o
                0x0000677a                main
 .text.libgcc.div
                0x000067ac       0x28 c:/program files (x86)/atmel/atmel toolchain/avr8 gcc/native/3.4.1061/avr8-gnu-toolchain/bin/../lib/gcc/avr/4.8.1/avr6\libgcc.a(_divmodsi4.o)
                0x000067ac                __divmodsi4
 .text.libgcc.div
                0x000067d4       0x10 c:/program files (x86)/atmel/atmel toolchain/avr8 gcc/native/3.4.1061/avr8-gnu-toolchain/bin/../lib/gcc/avr/4.8.1/avr6\libgcc.a(_negsi2.o)
                0x000067d4                __negsi2
 .text.libgcc   0x000067e4        0xc c:/program files (x86)/atmel/atmel toolchain/avr8 gcc/native/3.4.1061/avr8-gnu-toolchain/bin/../lib/gcc/avr/4.8.1/avr6\libgcc.a(_tablejump.o)
                0x000067e4                __tablejump2__
                0x000067e8                __tablejump__
 .text.libgcc.div
                0x000067f0       0x44 c:/program files (x86)/atmel/atmel toolchain/avr8 gcc/native/3.4.1061/avr8-gnu-toolchain/bin/../lib/gcc/avr/4.8.1/avr6\libgcc.a(_udivmodsi4.o)
                0x000067f0                __udivmodsi4
 .text.avr-libc
                0x00006834       0xac c:/program files (x86)/atmel/atmel toolchain/avr8 gcc/native/3.4.1061/avr8-gnu-toolchain/bin/../lib/gcc/avr/4.8.1/../../../../avr/lib/avr6\libc.a(random.o)
                0x000068c6                random_r
                0x000068c8                random
                0x000068ce                srandom
 .text.avr-libc
                0x000068e0       0x3a c:/program files (x86)/atmel/atmel toolchain/avr8 gcc/native/3.4.1061/avr8-gnu-toolchain/bin/../lib/gcc/avr/4.8.1/../../../../avr/lib/avr6\libc.a(atoi.o)
                0x000068e0                atoi
 .text.avr-libc
                0x0000691a       0x4c c:/program files (x86)/atmel/atmel toolchain/avr8 gcc/native/3.4.1061/avr8-gnu-toolchain/bin/../lib/gcc/avr/4.8.1/../../../../avr/lib/avr6\libc.a(atol.o)
                0x0000691a                atol
 .text.avr-libc
                0x00006966       0x1a c:/program files (x86)/atmel/atmel toolchain/avr8 gcc/native/3.4.1061/avr8-gnu-toolchain/bin/../lib/gcc/avr/4.8.1/../../../../avr/lib/avr6\libc.a(memcmp.o)
                0x00006966                memcmp
 .text.avr-libc
                0x00006980       0x16 c:/program files (x86)/atmel/atmel toolchain/avr8 gcc/native/3.4.1061/avr8-gnu-toolchain/bin/../lib/gcc/avr/4.8.1/../../../../avr/lib/avr6\libc.a(strcat.o)
                0x00006980                strcat
 .text.avr-libc
                0x00006996       0x12 c:/program files (x86)/atmel/atmel toolchain/avr8 gcc/native/3.4.1061/avr8-gnu-toolchain/bin/../lib/gcc/avr/4.8.1/../../../../avr/lib/avr6\libc.a(strcmp.o)
                0x00006996                strcmp
 .text.avr-libc
                0x000069a8       0x2a c:/program files (x86)/atmel/atmel toolchain/avr8 gcc/native/3.4.1061/avr8-gnu-toolchain/bin/../lib/gcc/avr/4.8.1/../../../../avr/lib/avr6\libc.a(mulsi10.o)
                0x000069a8                __mulsi_const_10
 .text.avr-libc
                0x000069d2       0x10 c:/program files (x86)/atmel/atmel toolchain/avr8 gcc/native/3.4.1061/avr8-gnu-toolchain/bin/../lib/gcc/avr/4.8.1/../../../../avr/lib/avr6\libc.a(mul10.o)
                0x000069d2                __mulhi_const_10
 .text.avr-libc
                0x000069e2       0x32 c:/program files (x86)/atmel/atmel toolchain/avr8 gcc/native/3.4.1061/avr8-gnu-toolchain/bin/../lib/gcc/avr/4.8.1/../../../../avr/lib/avr6\libc.a(utoa_ncheck.o)
                0x000069e2                __utoa_ncheck
                0x000069e4                __utoa_common
 .text.avr-libc
                0x00006a14       0x42 c:/program files (x86)/atmel/atmel toolchain/avr8 gcc/native/3.4.1061/avr8-gnu-toolchain/bin/../lib/gcc/avr/4.8.1/../../../../avr/lib/avr6\libc.a(sscanf.o)
                0x00006a14                sscanf
 .text.avr-libc
                0x00006a56      0x572 c:/program files (x86)/atmel/atmel toolchain/avr8 gcc/native/3.4.1061/avr8-gnu-toolchain/bin/../lib/gcc/avr/4.8.1/../../../../avr/lib/avr6\libc.a(vfscanf_std.o)
                0x00006d76                vfscanf
 .text.avr-libc
                0x00006fc8       0x20 c:/program files (x86)/atmel/atmel toolchain/avr8 gcc/native/3.4.1061/avr8-gnu-toolchain/bin/../lib/gcc/avr/4.8.1/../../../../avr/lib/avr6\libc.a(eerd_block_atmega2561.o)
                0x00006fc8                __eerd_block_m2561
                0x00006fcc                __eerd_blraw_m2561
 .text.avr-libc
                0x00006fe8       0x10 c:/program files (x86)/atmel/atmel toolchain/avr8 gcc/native/3.4.1061/avr8-gnu-toolchain/bin/../lib/gcc/avr/4.8.1/../../../../avr/lib/avr6\libc.a(eerd_byte_atmega2561.o)
                0x00006fe8                __eerd_byte_m2561
 .text.avr-libc
                0x00006ff8        0xa c:/program files (x86)/atmel/atmel toolchain/avr8 gcc/native/3.4.1061/avr8-gnu-toolchain/bin/../lib/gcc/avr/4.8.1/../../../../avr/lib/avr6\libc.a(eerd_word_atmega2561.o)
                0x00006ff8                __eerd_word_m2561
 .text.avr-libc
                0x00007002       0x1c c:/program files (x86)/atmel/atmel toolchain/avr8 gcc/native/3.4.1061/avr8-gnu-toolchain/bin/../lib/gcc/avr/4.8.1/../../../../avr/lib/avr6\libc.a(eewr_byte_atmega2561.o)
                0x00007002                __eewr_byte_m2561
                0x00007004                __eewr_r18_m2561
 .text.avr-libc
                0x0000701e        0x6 c:/program files (x86)/atmel/atmel toolchain/avr8 gcc/native/3.4.1061/avr8-gnu-toolchain/bin/../lib/gcc/avr/4.8.1/../../../../avr/lib/avr6\libc.a(eewr_word_atmega2561.o)
                0x0000701e                __eewr_word_m2561
 .text.avr-libc
                0x00007024       0x10 c:/program files (x86)/atmel/atmel toolchain/avr8 gcc/native/3.4.1061/avr8-gnu-toolchain/bin/../lib/gcc/avr/4.8.1/../../../../avr/lib/avr6\libc.a(isspace.o)
                0x00007024                isspace
 .text.avr-libc
                0x00007034       0x16 c:/program files (x86)/atmel/atmel toolchain/avr8 gcc/native/3.4.1061/avr8-gnu-toolchain/bin/../lib/gcc/avr/4.8.1/../../../../avr/lib/avr6\libc.a(strchr_P.o)
                0x00007034                strchr_P
 .text.avr-libc
                0x0000704a       0x20 c:/program files (x86)/atmel/atmel toolchain/avr8 gcc/native/3.4.1061/avr8-gnu-toolchain/bin/../lib/gcc/avr/4.8.1/../../../../avr/lib/avr6\libc.a(strrev.o)
                0x0000704a                strrev
 .text.avr-libc
                0x0000706a       0x7c c:/program files (x86)/atmel/atmel toolchain/avr8 gcc/native/3.4.1061/avr8-gnu-toolchain/bin/../lib/gcc/avr/4.8.1/../../../../avr/lib/avr6\libc.a(fgetc.o)
                0x0000706a                fgetc
 .text.avr-libc
                0x000070e6       0x32 c:/program files (x86)/atmel/atmel toolchain/avr8 gcc/native/3.4.1061/avr8-gnu-toolchain/bin/../lib/gcc/avr/4.8.1/../../../../avr/lib/avr6\libc.a(ungetc.o)
                0x000070e6                ungetc
 .text.avr-libc
                0x00007118        0x6 c:/program files (x86)/atmel/atmel toolchain/avr8 gcc/native/3.4.1061/avr8-gnu-toolchain/bin/../lib/gcc/avr/4.8.1/../../../../avr/lib/avr6\libc.a(cty_isfalse.o)
                0x00007118                __ctype_isfalse
                0x0000711c                __ctype_istrue
 .text.libgcc.mul
                0x0000711e       0x14 c:/program files (x86)/atmel/atmel toolchain/avr8 gcc/native/3.4.1061/avr8-gnu-toolchain/bin/../lib/gcc/avr/4.8.1/avr6\libgcc.a(_muluhisi3.o)
                0x0000711e                __muluhisi3
 .text.libgcc.mul
                0x00007132        0xc c:/program files (x86)/atmel/atmel toolchain/avr8 gcc/native/3.4.1061/avr8-gnu-toolchain/bin/../lib/gcc/avr/4.8.1/avr6\libgcc.a(_mulshisi3.o)
                0x00007132                __mulshisi3
                0x00007136                __mulohisi3
 .text.libgcc.mul
                0x0000713e       0x1e c:/program files (x86)/atmel/atmel toolchain/avr8 gcc/native/3.4.1061/avr8-gnu-toolchain/bin/../lib/gcc/avr/4.8.1/avr6\libgcc.a(_umulhisi3.o)
                0x0000713e                __umulhisi3
                0x0000715c                . = ALIGN (0x2)
 *(.fini9)
 .fini9         0x0000715c        0x0 c:/program files (x86)/atmel/atmel toolchain/avr8 gcc/native/3.4.1061/avr8-gnu-toolchain/bin/../lib/gcc/avr/4.8.1/avr6\libgcc.a(_exit.o)
                0x0000715c                _exit
                0x0000715c                exit
 *(.fini9)
 *(.fini8)
 *(.fini8)
 *(.fini7)
 *(.fini7)
 *(.fini6)
 *(.fini6)
 *(.fini5)
 *(.fini5)
 *(.fini4)
 *(.fini4)
 *(.fini3)
 *(.fini3)
 *(.fini2)
 *(.fini2)
 *(.fini1)
 *(.fini1)
 *(.fini0)
 .fini0         0x0000715c        0x4 c:/program files (x86)/atmel/atmel toolchain/avr8 gcc/native/3.4.1061/avr8-gnu-toolchain/bin/../lib/gcc/avr/4.8.1/avr6\libgcc.a(_exit.o)
 *(.fini0)
                0x00007160                _etext = .

.data           0x00800200      0x2c4 load address 0x00007160
                0x00800200                PROVIDE (__data_start, .)
 *(.data)
 .data          0x00800200        0x4 c:/program files (x86)/atmel/atmel toolchain/avr8 gcc/native/3.4.1061/avr8-gnu-toolchain/bin/../lib/gcc/avr/4.8.1/../../../../avr/lib/avr6\libc.a(random.o)
 *(.data*)
 .data.static_IP
                0x00800204        0x4 main.o
                0x00800204                static_IP
 .data.DHCP_Enable
                0x00800208        0x1 main.o
                0x00800208                DHCP_Enable
 .data.SNMP_VARS
                0x00800209       0x85 main.o
                0x00800209                SNMP_VARS
 .data.locServices
                0x0080028e        0x4 main.o
 .data.locLocation
                0x00800292       0x14 main.o
 .data.locName  0x008002a6       0x14 main.o
 .data.locContact
                0x008002ba       0x14 main.o
 .data.locObjectID
                0x008002ce       0x11 main.o
 .data.locDescr
                0x008002df       0x11 main.o
 .data.Tcond_var
                0x008002f0        0x4 main.o
                0x008002f0                Tcond_var
 .data.Tfree2cond_var
                0x008002f4        0x4 main.o
                0x008002f4                Tfree2cond_var
 .data.Vega_SN  0x008002f8        0x2 main.o
                0x008002f8                Vega_SN
 .data.FreeCoolPort
                0x008002fa        0x2 main.o
                0x008002fa                FreeCoolPort
 .data.FreeCoolListenerIP
                0x008002fc        0x4 main.o
                0x008002fc                FreeCoolListenerIP
 .data.VacantTimer32Sys
                0x00800300        0x1 main.o
                0x00800300                VacantTimer32Sys
 .data.VacantTimer16Sys
                0x00800301        0x1 main.o
                0x00800301                VacantTimer16Sys
 .data.VacantTimer32
                0x00800302        0x1 main.o
                0x00800302                VacantTimer32
 .data.VacantTimer16
                0x00800303        0x1 main.o
                0x00800303                VacantTimer16
 *(.rodata)
 *(.rodata*)
 .rodata.str1.1
                0x00800304      0x1c0 main.o
 *(.gnu.linkonce.d*)
                0x008004c4                . = ALIGN (0x2)
                0x008004c4                _edata = .
                0x008004c4                PROVIDE (__data_end, .)

.bss            0x008004c4      0xe3c
                0x008004c4                PROVIDE (__bss_start, .)
 *(.bss)
 *(.bss*)
 .bss.state.4756
                0x008004c4        0x1 main.o
 .bss.state.4735
                0x008004c5        0x1 main.o
 .bss.clo.4689  0x008004c6        0x4 main.o
 .bss.Timer.4688
                0x008004ca        0x1 main.o
 .bss.state.4686
                0x008004cb        0x1 main.o
 .bss.state.4515
                0x008004cc        0x1 main.o
 .bss.state.3854
                0x008004cd        0x1 main.o
 .bss.state.3784
                0x008004ce        0x1 main.o
 .bss.Timer.3418
                0x008004cf        0x1 main.o
 .bss.state.3416
                0x008004d0        0x1 main.o
 .bss.state.3286
                0x008004d1        0x1 main.o
 .bss.Timer.3257
                0x008004d2        0x1 main.o
 .bss.state.3255
                0x008004d3        0x1 main.o
 .bss.state.3235
                0x008004d4        0x1 main.o
 .bss.state.3217
                0x008004d5        0x1 main.o
 .bss.state.3200
                0x008004d6        0x1 main.o
 .bss.state.3159
                0x008004d7        0x1 main.o
 .bss.state.3140
                0x008004d8        0x1 main.o
 .bss.Count.2730
                0x008004d9        0x1 main.o
 .bss.Timer10ms.2163
                0x008004da        0x1 main.o
 .bss.state.1897
                0x008004db        0x1 main.o
 .bss.state.1879
                0x008004dc        0x1 main.o
 .bss.state.1861
                0x008004dd        0x1 main.o
 .bss.locUpTime
                0x008004de        0x4 main.o
                0x008004de                locUpTime
 .bss.count     0x008004e2        0x1 main.o
                0x008004e2                count
 .bss.TD_DHCP_lease_timer
                0x008004e3        0x1 main.o
 .bss.TD_DHCP_response_timer
                0x008004e4        0x1 main.o
 .bss.resetTEST_Counter
                0x008004e5        0x4 main.o
                0x008004e5                resetTEST_Counter
 .bss.TD_MB     0x008004e9        0x1 main.o
 .bss.SlaveSkip
                0x008004ea        0x4 main.o
 .bss.Try       0x008004ee        0x1 main.o
 .bss.LastProcSingle
                0x008004ef        0x1 main.o
 .bss.MB_SingleQuery
                0x008004f0        0x8 main.o
 .bss.MB_Err    0x008004f8        0x1 main.o
 .bss.TickCounter
                0x008004f9        0x1 main.o
 .bss.TD_Scan   0x008004fa        0x1 main.o
 .bss.Timer32Flg
                0x008004fb        0x6 main.o
 .bss.Timer16Flg
                0x00800501        0xd main.o
 .bss.Timer8Flg
                0x0080050e        0xc main.o
 .bss.Timer8_ISR_Flg
                0x0080051a        0x2 main.o
 .bss.Timer32   0x0080051c       0xa0 main.o
 .bss.Timer16   0x008005bc       0xc0 main.o
 .bss.Timer8    0x0080067c       0x58 main.o
 .bss.Timer8_ISR
                0x008006d4        0x8 main.o
 .bss.interru_enub_flg
                0x008006dc        0x1 main.o
 *(COMMON)
 COMMON         0x008006dd      0xc23 main.o
                0x008006dd                pi4
                0x008006df                MB_State
                0x008006e0                GPRS_DATA
                0x0080071e                _getCommName
                0x00800720                rsize
                0x00800722                _dhcpDhcpServerIp
                0x00800726                _packet
                0x008007bf                _packetPos
                0x008007c1                MB_M_TimeOff
                0x008007c2                RBASE
                0x008007ca                _offset1
                0x008007cc                _dhcpLocalIp
                0x008007d0                BulkValuesCount
                0x008007d1                MB_NativeAddr
                0x008007d2                _dhcpMacAddr
                0x008007d8                _packetSize
                0x008007da                _responseTimeout
                0x008007de                _getSize
                0x008007e0                _dhcpGatewayIp
                0x008007e4                CurrSlave
                0x008007e5                _dhcpLeaseTime
                0x008007e9                CurrQuery
                0x008007ea                get3idx
                0x008007ec                _port
                0x008007ee                _dstPort
                0x008007f0                _dhcpTransactionId
                0x008007f4                MB_M_Period
                0x008007f6                MB_SingleState
                0x008007f7                Timer1min
                0x008007f8                MaxScanCycle
                0x008007f9                ptr
                0x008007fb                _dhcpT1
                0x008007ff                _dstIp
                0x00800803                get2idx
                0x00800805                _lastCheckLeaseMillis
                0x00800809                MB_Master_MaxCycle
                0x0080080b                myMillisTimer
                0x0080080c                _remaining
                0x00800814                _setSize
                0x00800816                BulkValuesIndexes
                0x0080082a                getidx
                0x0080082c                MB_M_Try
                0x0080082d                _dhcpT2
                0x00800831                MB_Frame_Sz
                0x00800832                ScanCycle
                0x00800833                _rebindInSec
                0x00800837                LED_Timer
                0x00800838                buf1
                0x0080089c                C
                0x0080091c                oid
                0x0080095c                ScanCount
                0x0080095e                _offset2
                0x00800960                MB_Master_Cycle
                0x00800962                _dstType
                0x00800963                MB_Coil
                0x00800967                SerialVal1
                0x00800969                LiveTime
                0x0080096d                MB_BitRate_RAM
                0x0080096e                ScanPerSec
                0x00800970                data
                0x00800a9c                SerialVal2
                0x00800a9e                _timeout
                0x00800aa2                ris1idx
                0x00800aa4                MB_InReg
                0x00800b44                _setCommName
                0x00800b46                R
                0x00800c40                _dhcpInitialTransactionId
                0x00800c44                MemFail
                0x00800c45                SBASE
                0x00800c4d                buf
                0x0080104d                Timer1s
                0x0080104e                _dhcpSubnetMask
                0x00801052                MB_M_Timeout
                0x00801053                MB_TimerFlag
                0x00801054                SlaveOff
                0x00801058                _remotePort
                0x00801060                _remoteIP
                0x00801064                MB_CPT
                0x00801074                respId
                0x00801078                MB_Input
                0x0080107c                _dhcpDnsServerIp
                0x00801080                sockstat
                0x00801081                _dhcp_state
                0x00801082                _renewInSec
                0x00801086                get1idx
                0x00801088                get0idx
                0x0080108a                _offset
                0x0080108c                MB_HoldReg
                0x00801100                status
                0x00801101                risidx
                0x00801103                MB_Frame
                0x00801203                Timer1hour
                0x00801205                api_status
                0x00801206                IR
                0x00801300                PROVIDE (__bss_end, .)
                0x00007160                __data_load_start = LOADADDR (.data)
                0x00007424                __data_load_end = (__data_load_start + SIZEOF (.data))

.noinit         0x00801300        0x0
                0x00801300                PROVIDE (__noinit_start, .)
 *(.noinit*)
                0x00801300                PROVIDE (__noinit_end, .)
                0x00801300                _end = .
                0x00801300                PROVIDE (__heap_start, .)

.eeprom         0x00810000       0x11
 *(.eeprom*)
 .eeprom        0x00810000       0x11 main.o
                0x00810005                MB_Param
                0x00810009                DateBackUp
                0x00810011                __eeprom_end = .

.fuse
 *(.fuse)
 *(.lfuse)
 *(.hfuse)
 *(.efuse)

.lock
 *(.lock*)

.signature
 *(.signature*)

.user_signatures
 *(.user_signatures*)

.stab
 *(.stab)

.stabstr
 *(.stabstr)

.stab.excl
 *(.stab.excl)

.stab.exclstr
 *(.stab.exclstr)

.stab.index
 *(.stab.index)

.stab.indexstr
 *(.stab.indexstr)

.comment        0x00000000       0x5c
 *(.comment)
 .comment       0x00000000       0x30 main.o
                                 0x31 (size before relaxing)
 .comment       0x00000000       0x31 c:/program files (x86)/atmel/atmel toolchain/avr8 gcc/native/3.4.1061/avr8-gnu-toolchain/bin/../lib/gcc/avr/4.8.1/../../../../avr/lib/avr6\libc.a(random.o)
 .comment       0x00000000       0x31 c:/program files (x86)/atmel/atmel toolchain/avr8 gcc/native/3.4.1061/avr8-gnu-toolchain/bin/../lib/gcc/avr/4.8.1/../../../../avr/lib/avr6\libc.a(sscanf.o)
 .comment       0x00000030       0x2c c:/program files (x86)/atmel/atmel toolchain/avr8 gcc/native/3.4.1061/avr8-gnu-toolchain/bin/../lib/gcc/avr/4.8.1/../../../../avr/lib/avr6\libc.a(vfscanf_std.o)
                                 0x2d (size before relaxing)
 .comment       0x00000000       0x31 c:/program files (x86)/atmel/atmel toolchain/avr8 gcc/native/3.4.1061/avr8-gnu-toolchain/bin/../lib/gcc/avr/4.8.1/../../../../avr/lib/avr6\libc.a(fgetc.o)
 .comment       0x00000000       0x31 c:/program files (x86)/atmel/atmel toolchain/avr8 gcc/native/3.4.1061/avr8-gnu-toolchain/bin/../lib/gcc/avr/4.8.1/../../../../avr/lib/avr6\libc.a(ungetc.o)

.note.gnu.build-id
 *(.note.gnu.build-id)

.debug
 *(.debug)

.line
 *(.line)

.debug_srcinfo
 *(.debug_srcinfo)

.debug_sfnames
 *(.debug_sfnames)

.debug_aranges  0x00000000      0x7f8
 *(.debug_aranges)
 .debug_aranges
                0x00000000      0x7f8 main.o

.debug_pubnames
 *(.debug_pubnames)

.debug_info     0x00000000     0xc5c5
 *(.debug_info .gnu.linkonce.wi.*)
 .debug_info    0x00000000     0xc5c5 main.o

.debug_abbrev   0x00000000      0x994
 *(.debug_abbrev)
 .debug_abbrev  0x00000000      0x994 main.o

.debug_line     0x00000000     0x5b3e
 *(.debug_line .debug_line.* .debug_line_end)
 .debug_line    0x00000000     0x5b3e main.o

.debug_frame    0x00000000     0x1e50
 *(.debug_frame)
 .debug_frame   0x00000000     0x1e50 main.o

.debug_str      0x00000000     0x262d
 *(.debug_str)
 .debug_str     0x00000000     0x262d main.o
                               0x2802 (size before relaxing)

.debug_loc      0x00000000     0xd72c
 *(.debug_loc)
 .debug_loc     0x00000000     0xd72c main.o

.debug_macinfo
 *(.debug_macinfo)

.debug_weaknames
 *(.debug_weaknames)

.debug_funcnames
 *(.debug_funcnames)

.debug_typenames
 *(.debug_typenames)

.debug_varnames
 *(.debug_varnames)

.debug_pubtypes
 *(.debug_pubtypes)

.debug_ranges   0x00000000      0xb58
 *(.debug_ranges)
 .debug_ranges  0x00000000      0xb58 main.o

.debug_macro
 *(.debug_macro)
OUTPUT(Ethernet_to_Serial.elf elf32-avr)
LOAD linker stubs
