Archive member included because of file (symbol)

c:/program files (x86)/atmel/atmel toolchain/avr8 gcc/native/3.4.1061/avr8-gnu-toolchain/bin/../lib/gcc/avr/4.8.1/../../../../avr/lib/avr6\libm.a(fixunssfsi.o)
                              main.o (__fixunssfsi)
c:/program files (x86)/atmel/atmel toolchain/avr8 gcc/native/3.4.1061/avr8-gnu-toolchain/bin/../lib/gcc/avr/4.8.1/../../../../avr/lib/avr6\libm.a(floatsisf.o)
                              main.o (__floatunsisf)
c:/program files (x86)/atmel/atmel toolchain/avr8 gcc/native/3.4.1061/avr8-gnu-toolchain/bin/../lib/gcc/avr/4.8.1/../../../../avr/lib/avr6\libm.a(fp_split3.o)
                              c:/program files (x86)/atmel/atmel toolchain/avr8 gcc/native/3.4.1061/avr8-gnu-toolchain/bin/../lib/gcc/avr/4.8.1/../../../../avr/lib/avr6\libm.a(fixunssfsi.o) (__fp_splitA)
c:/program files (x86)/atmel/atmel toolchain/avr8 gcc/native/3.4.1061/avr8-gnu-toolchain/bin/../lib/gcc/avr/4.8.1/../../../../avr/lib/avr6\libm.a(fp_zero.o)
                              c:/program files (x86)/atmel/atmel toolchain/avr8 gcc/native/3.4.1061/avr8-gnu-toolchain/bin/../lib/gcc/avr/4.8.1/../../../../avr/lib/avr6\libm.a(fixunssfsi.o) (__fp_zero)
c:/program files (x86)/atmel/atmel toolchain/avr8 gcc/native/3.4.1061/avr8-gnu-toolchain/bin/../lib/gcc/avr/4.8.1/../../../../avr/lib/avr6\libm.a(mulsf3.o)
                              main.o (__mulsf3)
c:/program files (x86)/atmel/atmel toolchain/avr8 gcc/native/3.4.1061/avr8-gnu-toolchain/bin/../lib/gcc/avr/4.8.1/../../../../avr/lib/avr6\libm.a(mulsf3x.o)
                              c:/program files (x86)/atmel/atmel toolchain/avr8 gcc/native/3.4.1061/avr8-gnu-toolchain/bin/../lib/gcc/avr/4.8.1/../../../../avr/lib/avr6\libm.a(mulsf3.o) (__mulsf3x)
c:/program files (x86)/atmel/atmel toolchain/avr8 gcc/native/3.4.1061/avr8-gnu-toolchain/bin/../lib/gcc/avr/4.8.1/../../../../avr/lib/avr6\libm.a(fp_inf.o)
                              c:/program files (x86)/atmel/atmel toolchain/avr8 gcc/native/3.4.1061/avr8-gnu-toolchain/bin/../lib/gcc/avr/4.8.1/../../../../avr/lib/avr6\libm.a(mulsf3x.o) (__fp_inf)
c:/program files (x86)/atmel/atmel toolchain/avr8 gcc/native/3.4.1061/avr8-gnu-toolchain/bin/../lib/gcc/avr/4.8.1/../../../../avr/lib/avr6\libm.a(fp_nan.o)
                              c:/program files (x86)/atmel/atmel toolchain/avr8 gcc/native/3.4.1061/avr8-gnu-toolchain/bin/../lib/gcc/avr/4.8.1/../../../../avr/lib/avr6\libm.a(mulsf3x.o) (__fp_nan)
c:/program files (x86)/atmel/atmel toolchain/avr8 gcc/native/3.4.1061/avr8-gnu-toolchain/bin/../lib/gcc/avr/4.8.1/../../../../avr/lib/avr6\libm.a(fp_pscA.o)
                              c:/program files (x86)/atmel/atmel toolchain/avr8 gcc/native/3.4.1061/avr8-gnu-toolchain/bin/../lib/gcc/avr/4.8.1/../../../../avr/lib/avr6\libm.a(mulsf3x.o) (__fp_pscA)
c:/program files (x86)/atmel/atmel toolchain/avr8 gcc/native/3.4.1061/avr8-gnu-toolchain/bin/../lib/gcc/avr/4.8.1/../../../../avr/lib/avr6\libm.a(fp_pscB.o)
                              c:/program files (x86)/atmel/atmel toolchain/avr8 gcc/native/3.4.1061/avr8-gnu-toolchain/bin/../lib/gcc/avr/4.8.1/../../../../avr/lib/avr6\libm.a(mulsf3x.o) (__fp_pscB)
c:/program files (x86)/atmel/atmel toolchain/avr8 gcc/native/3.4.1061/avr8-gnu-toolchain/bin/../lib/gcc/avr/4.8.1/../../../../avr/lib/avr6\libm.a(fp_round.o)
                              c:/program files (x86)/atmel/atmel toolchain/avr8 gcc/native/3.4.1061/avr8-gnu-toolchain/bin/../lib/gcc/avr/4.8.1/../../../../avr/lib/avr6\libm.a(mulsf3.o) (__fp_round)
c:/program files (x86)/atmel/atmel toolchain/avr8 gcc/native/3.4.1061/avr8-gnu-toolchain/bin/../lib/gcc/avr/4.8.1/avr6\libgcc.a(_udivmodsi4.o)
                              main.o (__udivmodsi4)
c:/program files (x86)/atmel/atmel toolchain/avr8 gcc/native/3.4.1061/avr8-gnu-toolchain/bin/../lib/gcc/avr/4.8.1/avr6\libgcc.a(_divmodsi4.o)
                              main.o (__divmodsi4)
c:/program files (x86)/atmel/atmel toolchain/avr8 gcc/native/3.4.1061/avr8-gnu-toolchain/bin/../lib/gcc/avr/4.8.1/avr6\libgcc.a(_negsi2.o)
                              c:/program files (x86)/atmel/atmel toolchain/avr8 gcc/native/3.4.1061/avr8-gnu-toolchain/bin/../lib/gcc/avr/4.8.1/avr6\libgcc.a(_divmodsi4.o) (__negsi2)
c:/program files (x86)/atmel/atmel toolchain/avr8 gcc/native/3.4.1061/avr8-gnu-toolchain/bin/../lib/gcc/avr/4.8.1/avr6\libgcc.a(_exit.o)
                              c:/program files (x86)/atmel/atmel toolchain/avr8 gcc/native/3.4.1061/avr8-gnu-toolchain/bin/../lib/gcc/avr/4.8.1/../../../../avr/lib/avr6/crtm2561.o (exit)
c:/program files (x86)/atmel/atmel toolchain/avr8 gcc/native/3.4.1061/avr8-gnu-toolchain/bin/../lib/gcc/avr/4.8.1/avr6\libgcc.a(_tablejump.o)
                              main.o (__tablejump2__)
c:/program files (x86)/atmel/atmel toolchain/avr8 gcc/native/3.4.1061/avr8-gnu-toolchain/bin/../lib/gcc/avr/4.8.1/avr6\libgcc.a(_copy_data.o)
                              main.o (__do_copy_data)
[...]
Memory Configuration

Name             Origin             Length             Attributes
text             0x00000000         0x00100000         xr
data             0x00800200         0x0000fe00         rw !x
eeprom           0x00810000         0x00010000         rw !x
fuse             0x00820000         0x00000400         rw !x
lock             0x00830000         0x00000400         rw !x
signature        0x00840000         0x00000400         rw !x
user_signatures  0x00850000         0x00000400         rw !x
*default*        0x00000000         0xffffffff

Linker script and memory map

Address of section .data set to 0x800200
LOAD c:/program files (x86)/atmel/atmel toolchain/avr8 gcc/native/3.4.1061/avr8-gnu-toolchain/bin/../lib/gcc/avr/4.8.1/../../../../avr/lib/avr6/crtm2561.o
LOAD main.o
START GROUP
LOAD c:/program files (x86)/atmel/atmel toolchain/avr8 gcc/native/3.4.1061/avr8-gnu-toolchain/bin/../lib/gcc/avr/4.8.1/../../../../avr/lib/avr6\libm.a
END GROUP
START GROUP
LOAD c:/program files (x86)/atmel/atmel toolchain/avr8 gcc/native/3.4.1061/avr8-gnu-toolchain/bin/../lib/gcc/avr/4.8.1/avr6\libgcc.a
LOAD c:/program files (x86)/atmel/atmel toolchain/avr8 gcc/native/3.4.1061/avr8-gnu-toolchain/bin/../lib/gcc/avr/4.8.1/../../../../avr/lib/avr6\libm.a
LOAD c:/program files (x86)/atmel/atmel toolchain/avr8 gcc/native/3.4.1061/avr8-gnu-toolchain/bin/../lib/gcc/avr/4.8.1/../../../../avr/lib/avr6\libc.a
END GROUP

.hash
 *(.hash)

.dynsym
 *(.dynsym)

.dynstr
 *(.dynstr)

.gnu.version
 *(.gnu.version)

.gnu.version_d
 *(.gnu.version_d)

.gnu.version_r
 *(.gnu.version_r)

.rel.init
 *(.rel.init)

.rela.init
 *(.rela.init)

.rel.text
 *(.rel.text)
 *(.rel.text.*)
 *(.rel.gnu.linkonce.t*)

.rela.text
 *(.rela.text)
 *(.rela.text.*)
 *(.rela.gnu.linkonce.t*)

.rel.fini
 *(.rel.fini)

.rela.fini
 *(.rela.fini)

.rel.rodata
 *(.rel.rodata)
 *(.rel.rodata.*)
 *(.rel.gnu.linkonce.r*)

.rela.rodata
 *(.rela.rodata)
 *(.rela.rodata.*)
 *(.rela.gnu.linkonce.r*)

.rel.data
 *(.rel.data)
 *(.rel.data.*)
 *(.rel.gnu.linkonce.d*)

.rela.data
 *(.rela.data)
 *(.rela.data.*)
 *(.rela.gnu.linkonce.d*)

.rel.ctors
 *(.rel.ctors)

.rela.ctors
 *(.rela.ctors)

.rel.dtors
 *(.rel.dtors)

.rela.dtors
 *(.rela.dtors)

.rel.got
 *(.rel.got)

.rela.got
 *(.rela.got)

.rel.bss
 *(.rel.bss)

.rela.bss
 *(.rela.bss)

.rel.plt
 *(.rel.plt)

.rela.plt
 *(.rela.plt)

.text           0x00000000     0x77dc
 *(.vectors)
 .vectors       0x00000000       0xcc c:/program files (x86)/atmel/atmel toolchain/avr8 gcc/native/3.4.1061/avr8-gnu-toolchain/bin/../lib/gcc/avr/4.8.1/../../../../avr/lib/avr6/crtm2561.o
                0x00000000                __vector_default
                0x00000000                __vectors
 *(.vectors)
 *(.progmem.gcc*)
 .progmem.gcc_sw_table.MB_S_Timer_ISR
                0x000000cc       0x20 main.o
 .progmem.gcc_sw_table.MB_M_Timer_ISR
                0x000000ec       0x20 main.o
 .progmem.gcc_sw_table.Webserver_Automat
                0x0000010c       0x20 main.o
                0x0000012c                . = ALIGN (0x2)
                0x0000012c                __trampolines_start = .
 *(.trampolines)
 .trampolines   0x0000012c        0x0 linker stubs
 *(.trampolines*)
                0x0000012c                __trampolines_end = .
 *(.progmem*)
 .progmem.data.aCRCLo.2498
                0x0000012c      0x100 main.o
 .progmem.data.aCRCHi.2497
                0x0000022c      0x100 main.o
 .progmem.data.remote_display
                0x0000032c      0xaf1 main.o
                0x0000032c                remote_display
 .progmem.data.Tcond
                0x00000e1d       0x18 main.o
 .progmem.data.Troom
                0x00000e35       0x18 main.o
 .progmem.data.Tair
                0x00000e4d       0x18 main.o
 .progmem.data.Tfree2cond
                0x00000e65       0x18 main.o
 .progmem.data.ledState
                0x00000e7d       0x18 main.o
 .progmem.data.AnalogPin0
                0x00000e95       0x15 main.o
 .progmem.data.sysServices
                0x00000eaa       0x12 main.o
 .progmem.data.sysLocation
                0x00000ebc       0x12 main.o
 .progmem.data.sysName
                0x00000ece       0x12 main.o
 .progmem.data.sysContact
                0x00000ee0       0x12 main.o
 .progmem.data.sysUpTime
                0x00000ef2       0x12 main.o
 .progmem.data.sysObjectID
                0x00000f04       0x12 main.o
 .progmem.data.sysDescr
                0x00000f16       0x12 main.o
 .progmem.data.MB_Master_List
                0x00000f28        0x3 main.o
                0x00000f28                MB_Master_List
 .progmem.data.MB_Slave_List
                0x00000f2b        0x4 main.o
                0x00000f2b                MB_Slave_List
 .progmem.data.MYQUERRY
                0x00000f2f        0xe main.o
                0x00000f2f                MYQUERRY
 .progmem.data.MB_Timer
                0x00000f3d       0x12 main.o
 .progmem.data.MB_Port
                0x00000f4f       0x14 main.o
 .progmem.data.BR_Tbl
                0x00000f63       0x1b main.o
                0x00000f63                BR_Tbl
 .progmem.data.Modbus_Map
                0x00000f7e       0x10 main.o
                0x00000f7e                Modbus_Map
 .progmem.data.MB_Role
                0x00000f8e        0x1 main.o
                0x00000f90                . = ALIGN (0x2)
 *fill*         0x00000f8f        0x1 
 *(.jumptables)
 *(.jumptables*)
 *(.lowtext)
 *(.lowtext*)
                0x00000f90                __ctors_start = .
 *(.ctors)
                0x00000f90                __ctors_end = .
                0x00000f90                __dtors_start = .
 *(.dtors)
                0x00000f90                __dtors_end = .
 SORT(*)(.ctors)
 SORT(*)(.dtors)
 *(.init0)
 .init0         0x00000f90        0x0 c:/program files (x86)/atmel/atmel toolchain/avr8 gcc/native/3.4.1061/avr8-gnu-toolchain/bin/../lib/gcc/avr/4.8.1/../../../../avr/lib/avr6/crtm2561.o
                0x00000f90                __init
 *(.init0)
 *(.init1)
 *(.init1)
 *(.init2)
 .init2         0x00000f90       0x10 c:/program files (x86)/atmel/atmel toolchain/avr8 gcc/native/3.4.1061/avr8-gnu-toolchain/bin/../lib/gcc/avr/4.8.1/../../../../avr/lib/avr6/crtm2561.o
 *(.init2)
 *(.init3)
 *(.init3)
 *(.init4)
 .init4         0x00000fa0       0x1a c:/program files (x86)/atmel/atmel toolchain/avr8 gcc/native/3.4.1061/avr8-gnu-toolchain/bin/../lib/gcc/avr/4.8.1/avr6\libgcc.a(_copy_data.o)
                0x00000fa0                __do_copy_data
 .init4         0x00000fba       0x10 c:/program files (x86)/atmel/atmel toolchain/avr8 gcc/native/3.4.1061/avr8-gnu-toolchain/bin/../lib/gcc/avr/4.8.1/avr6\libgcc.a(_clear_bss.o)
                0x00000fba                __do_clear_bss
 *(.init4)
 *(.init5)
 *(.init5)
 *(.init6)
 *(.init6)
 *(.init7)
 *(.init7)
 *(.init8)
 *(.init8)
 *(.init9)
 .init9         0x00000fca        0x8 c:/program files (x86)/atmel/atmel toolchain/avr8 gcc/native/3.4.1061/avr8-gnu-toolchain/bin/../lib/gcc/avr/4.8.1/../../../../avr/lib/avr6/crtm2561.o
 *(.init9)
 *(.text)
 .text          0x00000fd2        0x2 c:/program files (x86)/atmel/atmel toolchain/avr8 gcc/native/3.4.1061/avr8-gnu-toolchain/bin/../lib/gcc/avr/4.8.1/../../../../avr/lib/avr6/crtm2561.o
                0x00000fd2                __vector_22
                0x00000fd2                __vector_28
                0x00000fd2                __vector_1
                0x00000fd2                __vector_32
                0x00000fd2                __vector_34
                0x00000fd2                __vector_24
                0x00000fd2                __vector_12
                0x00000fd2                __vector_46
                0x00000fd2                __bad_interrupt
                0x00000fd2                __vector_6
                0x00000fd2                __vector_31
                0x00000fd2                __vector_35
                0x00000fd2                __vector_39
                0x00000fd2                __vector_3
                0x00000fd2                __vector_23
                0x00000fd2                __vector_30
                0x00000fd2                __vector_45
                0x00000fd2                __vector_11
                0x00000fd2                __vector_19
                0x00000fd2                __vector_7
                0x00000fd2                __vector_49
                0x00000fd2                __vector_41
                0x00000fd2                __vector_43
                0x00000fd2                __vector_5
                0x00000fd2                __vector_33
                0x00000fd2                __vector_47
                0x00000fd2                __vector_4
                0x00000fd2                __vector_44
                0x00000fd2                __vector_9
                0x00000fd2                __vector_2
                0x00000fd2                __vector_15
                0x00000fd2                __vector_29
                0x00000fd2                __vector_40
                0x00000fd2                __vector_8
                0x00000fd2                __vector_48
                0x00000fd2                __vector_14
                0x00000fd2                __vector_10
                0x00000fd2                __vector_50
                0x00000fd2                __vector_16
                0x00000fd2                __vector_18
                0x00000fd2                __vector_20
                0x00000fd4                . = ALIGN (0x2)
 *(.text.*)
 .text.rrb      0x00000fd4        0x6 main.o
                0x00000fd4                rrb
 .text.RS485_0  0x00000fda        0xa main.o
                0x00000fda                RS485_0
 .text.MB_LED0  0x00000fe4        0x2 main.o
                0x00000fe4                MB_LED0
 .text.MB_LED_Err_On_0
                0x00000fe6        0x2 main.o
                0x00000fe6                MB_LED_Err_On_0
 .text.MB_LED_Err_Off_0
                0x00000fe8        0x2 main.o
                0x00000fe8                MB_LED_Err_Off_0
 .text.StartTimer0
                0x00000fea       0x14 main.o
                0x00000fea                StartTimer0
 .text.StartTimer2
                0x00000ffe       0x18 main.o
                0x00000ffe                StartTimer2
 .text.StartTimer4
                0x00001016       0x16 main.o
                0x00001016                StartTimer4
 .text.erb      0x0000102c        0x6 main.o
                0x0000102c                erb
 .text.GetSlave
                0x00001032       0x30 main.o
 .text.MBRecept
                0x00001062       0x8c main.o
 .text.GetReg   0x000010ee       0x78 main.o
 .text.MB_Timer_ISR
                0x00001166       0xc8 main.o
 .text.SPItransfer
                0x0000122e        0xe main.o
                0x0000122e                SPItransfer
 .text.W5100read
                0x0000123c       0x22 main.o
                0x0000123c                W5100read
 .text.W5100readBlock
                0x0000125e       0x5a main.o
                0x0000125e                W5100readBlock
 .text.W5100writeBlock
                0x000012b8       0x58 main.o
                0x000012b8                W5100writeBlock
 .text.W5100_init
                0x00001310      0x120 main.o
                0x00001310                W5100_init
 .text.W5100write
                0x00001430       0x32 main.o
                0x00001430                W5100write
 .text.execCmdSn
                0x00001462       0x30 main.o
                0x00001462                execCmdSn
 .text.W5100_SetMac
                0x00001492       0x4e main.o
                0x00001492                W5100_SetMac
 .text.W5100_SetIP
                0x000014e0       0x36 main.o
                0x000014e0                W5100_SetIP
 .text.W5100_SetGateway
                0x00001516       0x36 main.o
                0x00001516                W5100_SetGateway
 .text.W5100_SetMask
                0x0000154c       0x36 main.o
                0x0000154c                W5100_SetMask
 .text.readSn   0x00001582       0x10 main.o
                0x00001582                readSn
 .text.readSnTX_FSR
                0x00001592       0x2c main.o
 .text.readSnRX_RSR
                0x000015be       0x2c main.o
 .text.writeSn  0x000015ea       0x14 main.o
                0x000015ea                writeSn
 .text.execCmdS0_Automat
                0x000015fe       0x62 main.o
                0x000015fe                execCmdS0_Automat
 .text.execCmdS1_Automat
                0x00001660       0x62 main.o
                0x00001660                execCmdS1_Automat
 .text.execCmdS2_Automat
                0x000016c2       0x62 main.o
                0x000016c2                execCmdS2_Automat
 .text.W5100_writeS0DPORT
                0x00001724       0x18 main.o
                0x00001724                W5100_writeS0DPORT
 .text.W5100_writeS0DIPR
                0x0000173c       0x2c main.o
                0x0000173c                W5100_writeS0DIPR
 .text.W5100_writeS1DPORT
                0x00001768       0x18 main.o
                0x00001768                W5100_writeS1DPORT
 .text.W5100_writeS1DIPR
                0x00001780       0x2c main.o
                0x00001780                W5100_writeS1DIPR
 .text.W5100_writeS2DPORT
                0x000017ac       0x18 main.o
                0x000017ac                W5100_writeS2DPORT
 .text.W5100_writeS2DIPR
                0x000017c4       0x2c main.o
                0x000017c4                W5100_writeS2DIPR
 .text.W5100_send_data_processing_offset
                0x000017f0       0xc4 main.o
                0x000017f0                W5100_send_data_processing_offset
 .text.W5100_getTXFreeSize
                0x000018b4       0x4a main.o
                0x000018b4                W5100_getTXFreeSize
 .text.bufferData
                0x000018fe       0x40 main.o
                0x000018fe                bufferData
 .text.printByte
                0x0000193e       0x2c main.o
                0x0000193e                printByte
 .text.IntOff   0x0000196a       0x10 main.o
                0x0000196a                IntOff
 .text.IntOn    0x0000197a       0x10 main.o
                0x0000197a                IntOn
 .text.WdtOn    0x0000198a       0x1a main.o
                0x0000198a                WdtOn
 .text.Timer16Alloc
                0x000019a4        0xe main.o
                0x000019a4                Timer16Alloc
 .text.Timer32Alloc
                0x000019b2        0xe main.o
                0x000019b2                Timer32Alloc
 .text.StartTimer8
                0x000019c0       0x70 main.o
                0x000019c0                StartTimer8
 .text.StartTimer16
                0x00001a30       0x7a main.o
                0x00001a30                StartTimer16
 .text.SlavesOn
                0x00001aaa       0x36 main.o
 .text.NextSlave
                0x00001ae0      0x13e main.o
 .text.FailSlave
                0x00001c1e       0xda main.o
 .text.StartTimer32
                0x00001cf8       0x90 main.o
                0x00001cf8                StartTimer32
 .text.Timer16Stopp
                0x00001d88       0x4e main.o
                0x00001d88                Timer16Stopp
 .text.Timer32Stopp
                0x00001dd6       0x5a main.o
                0x00001dd6                Timer32Stopp
 .text.TimeInit
                0x00001e30       0x6a main.o
                0x00001e30                TimeInit
 .text.__vector_17
                0x00001e9a       0xdc main.o
                0x00001e9a                __vector_17
 .text.TimersInc
                0x00001f76      0x1cc main.o
                0x00001f76                TimersInc
 .text.TimeCycle
                0x00002142       0x3a main.o
                0x00002142                TimeCycle
 .text.CRC_Seed
                0x0000217c       0x8e main.o
                0x0000217c                CRC_Seed
 .text.CRC      0x0000220a       0x10 main.o
                0x0000220a                CRC
 .text.CRC_EEPROM_calc
                0x0000221a       0x34 main.o
 .text.CRC_EEPROM_upd
                0x0000224e       0x16 main.o
 .text.ewb      0x00002264        0x8 main.o
                0x00002264                ewb
 .text.MB_PLC_Init
                0x0000226c        0x6 main.o
                0x0000226c                MB_PLC_Init
 .text.__vector_21
                0x00002272       0x64 main.o
                0x00002272                __vector_21
 .text.__vector_13
                0x000022d6       0x68 main.o
                0x000022d6                __vector_13
 .text.__vector_42
                0x0000233e       0x68 main.o
                0x0000233e                __vector_42
 .text.SetParity
                0x000023a6       0x7c main.o
                0x000023a6                SetParity
 .text.SetBAUD  0x00002422       0x8e main.o
                0x00002422                SetBAUD
 .text.MB_Transm
                0x000024b0       0x84 main.o
                0x000024b0                MB_Transm
 .text.Modbus_RX
                0x00002534      0x108 main.o
                0x00002534                Modbus_RX
 .text.CommErr  0x0000263c       0xe0 main.o
                0x0000263c                CommErr
 .text.SetCRC_MB
                0x0000271c       0x36 main.o
                0x0000271c                SetCRC_MB
 .text.MB_FrameReg
                0x00002752       0x28 main.o
                0x00002752                MB_FrameReg
 .text.FormData
                0x0000277a      0x212 main.o
 .text.FormQuery
                0x0000298c       0x94 main.o
 .text.FormSingle
                0x00002a20       0x56 main.o
 .text.MB_S_Timer_ISR
                0x00002a76      0x730 main.o
                0x00002a76                MB_S_Timer_ISR
 .text.MB_S_Tx  0x000031a6       0x18 main.o
                0x000031a6                MB_S_Tx
 .text.MB_S_Init
                0x000031be       0x1e main.o
                0x000031be                MB_S_Init
 .text.MB_M_Timer_ISR
                0x000031dc      0x57a main.o
                0x000031dc                MB_M_Timer_ISR
 .text.MB_M_Tx  0x00003756       0x18 main.o
                0x00003756                MB_M_Tx
 .text.Modbus_TX
                0x0000376e      0x132 main.o
                0x0000376e                Modbus_TX
 .text.MB_M_Cycle
                0x000038a0      0x106 main.o
                0x000038a0                MB_M_Cycle
 .text.MB_Cycle
                0x000039a6       0x40 main.o
                0x000039a6                MB_Cycle
 .text.__vector_25
                0x000039e6       0x54 main.o
                0x000039e6                __vector_25
 .text.__vector_27
                0x00003a3a       0x52 main.o
                0x00003a3a                __vector_27
 .text.__vector_26
                0x00003a8c       0x52 main.o
                0x00003a8c                __vector_26
 .text.__vector_36
                0x00003ade       0x54 main.o
                0x00003ade                __vector_36
 .text.__vector_38
                0x00003b32       0x52 main.o
                0x00003b32                __vector_38
 .text.__vector_37
                0x00003b84       0x52 main.o
                0x00003b84                __vector_37
 .text.UDPbegin0_Automat
                0x00003bd6       0xa8 main.o
                0x00003bd6                UDPbegin0_Automat
 .text.UDPbegin1_Automat
                0x00003c7e       0xa8 main.o
                0x00003c7e                UDPbegin1_Automat
 .text.startUDP
                0x00003d26       0x7c main.o
                0x00003d26                startUDP
 .text._dhcpUdpSocket_beginPacket
                0x00003da2       0x12 main.o
                0x00003da2                _dhcpUdpSocket_beginPacket
 .text._UDPtoSerialSocket_beginPacket
                0x00003db4       0x12 main.o
                0x00003db4                _UDPtoSerialSocket_beginPacket
 .text._dhcpUdpSocket_write
                0x00003dc6       0x28 main.o
                0x00003dc6                _dhcpUdpSocket_write
 .text._UDPtoSerialSocket_write
                0x00003dee       0x28 main.o
                0x00003dee                _UDPtoSerialSocket_write
 .text._UDPtoSerialSocket_endPacket_Automat
                0x00003e16       0x8e main.o
                0x00003e16                _UDPtoSerialSocket_endPacket_Automat
 .text._dhcpUdpSocket_endPacket_Automat
                0x00003ea4       0x8e main.o
                0x00003ea4                _dhcpUdpSocket_endPacket_Automat
 .text.UDPbegin2_Automat
                0x00003f32       0xa8 main.o
                0x00003f32                UDPbegin2_Automat
 .text._Socket2_beginPacket
                0x00003fda       0x12 main.o
                0x00003fda                _Socket2_beginPacket
 .text._Socket2_write
                0x00003fec       0x28 main.o
                0x00003fec                _Socket2_write
 .text.read_data
                0x00004014       0x9e main.o
                0x00004014                read_data
 .text.W5100_recv_data_processing
                0x000040b2       0x66 main.o
                0x000040b2                W5100_recv_data_processing
 .text.W5100_getRXReceivedSize
                0x00004118       0x4e main.o
                0x00004118                W5100_getRXReceivedSize
 .text.recv     0x00004166       0x72 main.o
                0x00004166                recv
 .text.UDP_read
                0x000041d8       0x66 main.o
                0x000041d8                UDP_read
 .text.UDP_parsePacket
                0x0000423e       0xda main.o
                0x0000423e                UDP_parsePacket
 .text._dhcpUdpSocket_parsePacket
                0x00004318        0x6 main.o
                0x00004318                _dhcpUdpSocket_parsePacket
 .text._UDPtoSerialSocket_parsePacket
                0x0000431e        0x6 main.o
                0x0000431e                _UDPtoSerialSocket_parsePacket
 .text._dhcpUdpSocket_readBlock
                0x00004324       0x50 main.o
                0x00004324                _dhcpUdpSocket_readBlock
 .text._SNMPSocket_read
                0x00004374       0x50 main.o
                0x00004374                _SNMPSocket_read
 .text._dhcpUdpSocket_read
                0x000043c4        0x6 main.o
                0x000043c4                _dhcpUdpSocket_read
 .text.resetTEST
                0x000043ca       0x2c main.o
                0x000043ca                resetTEST
 .text._Socket2_endPacket_Automat
                0x000043f6       0xca main.o
                0x000043f6                _Socket2_endPacket_Automat
 .text.Socket2_sendmessage_Automat
                0x000044c0       0x7a main.o
                0x000044c0                Socket2_sendmessage_Automat
 .text.TEST_Automat
                0x0000453a      0x226 main.o
                0x0000453a                TEST_Automat
 .text.send_DHCP_MESSAGE
                0x00004760      0x230 main.o
                0x00004760                send_DHCP_MESSAGE
 .text.send_DHCP_MESSAGE_Automat
                0x00004990       0x5c main.o
                0x00004990                send_DHCP_MESSAGE_Automat
 .text.parseDHCPResponse
                0x000049ec      0x466 main.o
                0x000049ec                parseDHCPResponse
 .text.random1  0x00004e52       0x34 main.o
                0x00004e52                random1
 .text.DHCP_automat
                0x00004e86      0x2b8 main.o
                0x00004e86                DHCP_automat
 .text.SNMP_OID_toString
                0x0000513e      0x106 main.o
                0x0000513e                SNMP_OID_toString
 .text.clear    0x00005244       0x16 main.o
                0x00005244                clear
 .text.decodeOctetStringToString
                0x0000525a      0x1ce main.o
                0x0000525a                decodeOctetStringToString
 .text.decodeInt16toInt16
                0x00005428       0x70 main.o
                0x00005428                decodeInt16toInt16
 .text.decodeInt32ToInt32
                0x00005498       0x74 main.o
                0x00005498                decodeInt32ToInt32
 .text.encodeStringToOctetString
                0x0000550c       0x96 main.o
                0x0000550c                encodeStringToOctetString
 .text.encodeInt16ToInt
                0x000055a2       0x34 main.o
                0x000055a2                encodeInt16ToInt
 .text.encodeInt32ToInt32
                0x000055d6       0x38 main.o
                0x000055d6                encodeInt32ToInt32
 .text.encodeUint32ToUint32
                0x0000560e       0x40 main.o
                0x0000560e                encodeUint32ToUint32
 .text.SNMP_requestPdu
                0x0000564e      0x482 main.o
                0x0000564e                SNMP_requestPdu
 .text.SNMP_responsePdu
                0x00005ad0      0x342 main.o
                0x00005ad0                SNMP_responsePdu
 .text.SNMP_VARS_Processing
                0x00005e12      0x170 main.o
                0x00005e12                SNMP_VARS_Processing
 .text.pduReceived
                0x00005f82      0x476 main.o
                0x00005f82                pduReceived
 .text.Webserver_recv_size
                0x000063f8       0x28 main.o
                0x000063f8                Webserver_recv_size
 .text.WebserverSocket_close
                0x00006420       0x18 main.o
                0x00006420                WebserverSocket_close
 .text.WebserverSocketOpen
                0x00006438       0x6a main.o
                0x00006438                WebserverSocketOpen
 .text.Webserver_listen
                0x000064a2       0x3c main.o
                0x000064a2                Webserver_listen
 .text.Webserver_recv
                0x000064de       0xcc main.o
                0x000064de                Webserver_recv
 .text.WebserverSocket_disconnect
                0x000065aa       0x18 main.o
                0x000065aa                WebserverSocket_disconnect
 .text.Webserver_send
                0x000065c2      0x142 main.o
                0x000065c2                Webserver_send
 .text.strindex
                0x00006704       0x70 main.o
                0x00006704                strindex
 .text.Webserver_Automat
                0x00006774      0x4ce main.o
                0x00006774                Webserver_Automat
 .text.Ethernet_Automat
                0x00006c42       0xf4 main.o
                0x00006c42                Ethernet_Automat
 .text.resetEthernet
                0x00006d36        0x6 main.o
                0x00006d36                resetEthernet
 .text.SNMP_Automat
                0x00006d3c       0xd0 main.o
                0x00006d3c                SNMP_Automat
 .text.LED_On   0x00006e0c        0x4 main.o
                0x00006e0c                LED_On
 .text.MB_M_Init
                0x00006e10       0x86 main.o
                0x00006e10                MB_M_Init
 .text.MB_Init  0x00006e96       0x56 main.o
                0x00006e96                MB_Init
 .text.LED_Cycle
                0x00006eec       0x32 main.o
                0x00006eec                LED_Cycle
 .text.sysInit  0x00006f1e       0x36 main.o
                0x00006f1e                sysInit
 .text.sysCycle
                0x00006f54        0xa main.o
                0x00006f54                sysCycle
 .text.main     0x00006f5e       0x32 main.o
                0x00006f5e                main
 .text.libgcc.div
                0x00006f90       0x44 c:/program files (x86)/atmel/atmel toolchain/avr8 gcc/native/3.4.1061/avr8-gnu-toolchain/bin/../lib/gcc/avr/4.8.1/avr6\libgcc.a(_udivmodsi4.o)
                0x00006f90                __udivmodsi4
 .text.libgcc.div
                0x00006fd4       0x28 c:/program files (x86)/atmel/atmel toolchain/avr8 gcc/native/3.4.1061/avr8-gnu-toolchain/bin/../lib/gcc/avr/4.8.1/avr6\libgcc.a(_divmodsi4.o)
                0x00006fd4                __divmodsi4
 .text.libgcc.div
                0x00006ffc       0x10 c:/program files (x86)/atmel/atmel toolchain/avr8 gcc/native/3.4.1061/avr8-gnu-toolchain/bin/../lib/gcc/avr/4.8.1/avr6\libgcc.a(_negsi2.o)
                0x00006ffc                __negsi2
 .text.libgcc   0x0000700c        0xc c:/program files (x86)/atmel/atmel toolchain/avr8 gcc/native/3.4.1061/avr8-gnu-toolchain/bin/../lib/gcc/avr/4.8.1/avr6\libgcc.a(_tablejump.o)
                0x0000700c                __tablejump2__
                0x00007010                __tablejump__
 .text.avr-libc
                0x00007018       0xac c:/program files (x86)/atmel/atmel toolchain/avr8 gcc/native/3.4.1061/avr8-gnu-toolchain/bin/../lib/gcc/avr/4.8.1/../../../../avr/lib/avr6\libc.a(random.o)
                0x000070aa                random_r
                0x000070ac                random
                0x000070b2                srandom
 .text.avr-libc
                0x000070c4       0x12 c:/program files (x86)/atmel/atmel toolchain/avr8 gcc/native/3.4.1061/avr8-gnu-toolchain/bin/../lib/gcc/avr/4.8.1/../../../../avr/lib/avr6\libc.a(strcmp_P.o)
                0x000070c4                strcmp_P
 .text.avr-libc
                0x000070d6       0x1a c:/program files (x86)/atmel/atmel toolchain/avr8 gcc/native/3.4.1061/avr8-gnu-toolchain/bin/../lib/gcc/avr/4.8.1/../../../../avr/lib/avr6\libc.a(memcmp.o)
                0x000070d6                memcmp
 .text.avr-libc
                0x000070f0       0x16 c:/program files (x86)/atmel/atmel toolchain/avr8 gcc/native/3.4.1061/avr8-gnu-toolchain/bin/../lib/gcc/avr/4.8.1/../../../../avr/lib/avr6\libc.a(strcat.o)
                0x000070f0                strcat
 .text.avr-libc
                0x00007106       0x12 c:/program files (x86)/atmel/atmel toolchain/avr8 gcc/native/3.4.1061/avr8-gnu-toolchain/bin/../lib/gcc/avr/4.8.1/../../../../avr/lib/avr6\libc.a(strcmp.o)
                0x00007106                strcmp
 .text.avr-libc
                0x00007118       0x1c c:/program files (x86)/atmel/atmel toolchain/avr8 gcc/native/3.4.1061/avr8-gnu-toolchain/bin/../lib/gcc/avr/4.8.1/../../../../avr/lib/avr6\libc.a(strncmp.o)
                0x00007118                strncmp
 .text.avr-libc
                0x00007134       0x34 c:/program files (x86)/atmel/atmel toolchain/avr8 gcc/native/3.4.1061/avr8-gnu-toolchain/bin/../lib/gcc/avr/4.8.1/../../../../avr/lib/avr6\libc.a(strstr.o)
                0x00007134                strstr
 .text.avr-libc
                0x00007168       0x32 c:/program files (x86)/atmel/atmel toolchain/avr8 gcc/native/3.4.1061/avr8-gnu-toolchain/bin/../lib/gcc/avr/4.8.1/../../../../avr/lib/avr6\libc.a(utoa_ncheck.o)
                0x00007168                __utoa_ncheck
                0x0000716a                __utoa_common
 .text.avr-libc
                0x0000719a       0x5c c:/program files (x86)/atmel/atmel toolchain/avr8 gcc/native/3.4.1061/avr8-gnu-toolchain/bin/../lib/gcc/avr/4.8.1/../../../../avr/lib/avr6\libc.a(sprintf.o)
                0x0000719a                sprintf
 .text.avr-libc
                0x000071f6      0x3dc c:/program files (x86)/atmel/atmel toolchain/avr8 gcc/native/3.4.1061/avr8-gnu-toolchain/bin/../lib/gcc/avr/4.8.1/../../../../avr/lib/avr6\libc.a(vfprintf_std.o)
                0x000071f6                vfprintf
 .text.avr-libc
                0x000075d2       0x20 c:/program files (x86)/atmel/atmel toolchain/avr8 gcc/native/3.4.1061/avr8-gnu-toolchain/bin/../lib/gcc/avr/4.8.1/../../../../avr/lib/avr6\libc.a(eerd_block_atmega2561.o)
                0x000075d2                __eerd_block_m2561
                0x000075d6                __eerd_blraw_m2561
 .text.avr-libc
                0x000075f2       0x10 c:/program files (x86)/atmel/atmel toolchain/avr8 gcc/native/3.4.1061/avr8-gnu-toolchain/bin/../lib/gcc/avr/4.8.1/../../../../avr/lib/avr6\libc.a(eerd_byte_atmega2561.o)
                0x000075f2                __eerd_byte_m2561
 .text.avr-libc
                0x00007602        0xa c:/program files (x86)/atmel/atmel toolchain/avr8 gcc/native/3.4.1061/avr8-gnu-toolchain/bin/../lib/gcc/avr/4.8.1/../../../../avr/lib/avr6\libc.a(eerd_word_atmega2561.o)
                0x00007602                __eerd_word_m2561
 .text.avr-libc
                0x0000760c       0x1c c:/program files (x86)/atmel/atmel toolchain/avr8 gcc/native/3.4.1061/avr8-gnu-toolchain/bin/../lib/gcc/avr/4.8.1/../../../../avr/lib/avr6\libc.a(eewr_byte_atmega2561.o)
                0x0000760c                __eewr_byte_m2561
                0x0000760e                __eewr_r18_m2561
 .text.avr-libc
                0x00007628        0x6 c:/program files (x86)/atmel/atmel toolchain/avr8 gcc/native/3.4.1061/avr8-gnu-toolchain/bin/../lib/gcc/avr/4.8.1/../../../../avr/lib/avr6\libc.a(eewr_word_atmega2561.o)
                0x00007628                __eewr_word_m2561
 .text.avr-libc
                0x0000762e       0x16 c:/program files (x86)/atmel/atmel toolchain/avr8 gcc/native/3.4.1061/avr8-gnu-toolchain/bin/../lib/gcc/avr/4.8.1/../../../../avr/lib/avr6\libc.a(strnlen_P.o)
                0x0000762e                strnlen_P
 .text.avr-libc
                0x00007644       0x16 c:/program files (x86)/atmel/atmel toolchain/avr8 gcc/native/3.4.1061/avr8-gnu-toolchain/bin/../lib/gcc/avr/4.8.1/../../../../avr/lib/avr6\libc.a(strnlen.o)
                0x00007644                strnlen
 .text.avr-libc
                0x0000765a       0x20 c:/program files (x86)/atmel/atmel toolchain/avr8 gcc/native/3.4.1061/avr8-gnu-toolchain/bin/../lib/gcc/avr/4.8.1/../../../../avr/lib/avr6\libc.a(strrev.o)
                0x0000765a                strrev
 .text.avr-libc
                0x0000767a       0x64 c:/program files (x86)/atmel/atmel toolchain/avr8 gcc/native/3.4.1061/avr8-gnu-toolchain/bin/../lib/gcc/avr/4.8.1/../../../../avr/lib/avr6\libc.a(fputc.o)
                0x0000767a                fputc
 .text.avr-libc
                0x000076de       0xbc c:/program files (x86)/atmel/atmel toolchain/avr8 gcc/native/3.4.1061/avr8-gnu-toolchain/bin/../lib/gcc/avr/4.8.1/../../../../avr/lib/avr6\libc.a(ultoa_invert.o)
                0x000076de                __ultoa_invert
 .text.libgcc.mul
                0x0000779a       0x14 c:/program files (x86)/atmel/atmel toolchain/avr8 gcc/native/3.4.1061/avr8-gnu-toolchain/bin/../lib/gcc/avr/4.8.1/avr6\libgcc.a(_muluhisi3.o)
                0x0000779a                __muluhisi3
 .text.libgcc.mul
                0x000077ae        0xc c:/program files (x86)/atmel/atmel toolchain/avr8 gcc/native/3.4.1061/avr8-gnu-toolchain/bin/../lib/gcc/avr/4.8.1/avr6\libgcc.a(_mulshisi3.o)
                0x000077ae                __mulshisi3
                0x000077b2                __mulohisi3
 .text.libgcc.mul
                0x000077ba       0x1e c:/program files (x86)/atmel/atmel toolchain/avr8 gcc/native/3.4.1061/avr8-gnu-toolchain/bin/../lib/gcc/avr/4.8.1/avr6\libgcc.a(_umulhisi3.o)
                0x000077ba                __umulhisi3
                0x000077d8                . = ALIGN (0x2)
 *(.fini9)
 .fini9         0x000077d8        0x0 c:/program files (x86)/atmel/atmel toolchain/avr8 gcc/native/3.4.1061/avr8-gnu-toolchain/bin/../lib/gcc/avr/4.8.1/avr6\libgcc.a(_exit.o)
                0x000077d8                _exit
                0x000077d8                exit
 *(.fini9)
 *(.fini8)
 *(.fini8)
 *(.fini7)
 *(.fini7)
 *(.fini6)
 *(.fini6)
 *(.fini5)
 *(.fini5)
 *(.fini4)
 *(.fini4)
 *(.fini3)
 *(.fini3)
 *(.fini2)
 *(.fini2)
 *(.fini1)
 *(.fini1)
 *(.fini0)
 .fini0         0x000077d8        0x4 c:/program files (x86)/atmel/atmel toolchain/avr8 gcc/native/3.4.1061/avr8-gnu-toolchain/bin/../lib/gcc/avr/4.8.1/avr6\libgcc.a(_exit.o)
 *(.fini0)
                0x000077dc                _etext = .

.data           0x00800200      0x3b6 load address 0x000077dc
                0x00800200                PROVIDE (__data_start, .)
 *(.data)
 .data          0x00800200        0x4 c:/program files (x86)/atmel/atmel toolchain/avr8 gcc/native/3.4.1061/avr8-gnu-toolchain/bin/../lib/gcc/avr/4.8.1/../../../../avr/lib/avr6\libc.a(random.o)
 *(.data*)
 .data.static_IP
                0x00800204        0x4 main.o
                0x00800204                static_IP
 .data.DHCP_Enable
                0x00800208        0x1 main.o
                0x00800208                DHCP_Enable
 .data.SNMP_VARS
                0x00800209       0x3c main.o
                0x00800209                SNMP_VARS
 .data.locLocation
                0x00800245       0x14 main.o
 .data.locName  0x00800259       0x14 main.o
 .data.locContact
                0x0080026d       0x14 main.o
 .data.locObjectID
                0x00800281       0x11 main.o
 .data.locDescr
                0x00800292       0x11 main.o
 .data.Tcond_var
                0x008002a3        0x4 main.o
                0x008002a3                Tcond_var
 .data.Troom_var
                0x008002a7        0x4 main.o
                0x008002a7                Troom_var
 .data.Tair_var
                0x008002ab        0x4 main.o
                0x008002ab                Tair_var
 .data.Tfree2cond_var
                0x008002af        0x4 main.o
                0x008002af                Tfree2cond_var
 .data.Vega_SN  0x008002b3        0x2 main.o
                0x008002b3                Vega_SN
 .data.FreeCoolPort
                0x008002b5        0x2 main.o
                0x008002b5                FreeCoolPort
 .data.FreeCoolListenerIP
                0x008002b7        0x4 main.o
                0x008002b7                FreeCoolListenerIP
 .data.VacantTimer32Sys
                0x008002bb        0x1 main.o
                0x008002bb                VacantTimer32Sys
 .data.VacantTimer16Sys
                0x008002bc        0x1 main.o
                0x008002bc                VacantTimer16Sys
 .data.VacantTimer32
                0x008002bd        0x1 main.o
                0x008002bd                VacantTimer32
 .data.VacantTimer16
                0x008002be        0x1 main.o
                0x008002be                VacantTimer16
 *(.rodata)
 *(.rodata*)
 .rodata.str1.1
                0x008002bf      0x2f6 main.o
 *(.gnu.linkonce.d*)
                0x008005b6                . = ALIGN (0x2)
 *fill*         0x008005b5        0x1 
                0x008005b6                _edata = .
                0x008005b6                PROVIDE (__data_end, .)

.bss            0x008005b6      0xbbd
                0x008005b6                PROVIDE (__bss_start, .)
 *(.bss)
 *(.bss*)
 .bss.state.4594
                0x008005b6        0x1 main.o
 .bss.state.4573
                0x008005b7        0x1 main.o
 .bss.clo.4516  0x008005b8        0x2 main.o
 .bss.Timer.4515
                0x008005ba        0x1 main.o
 .bss.state.4513
                0x008005bb        0x1 main.o
 .bss.state.4234
                0x008005bc        0x1 main.o
 .bss.state.3854
                0x008005bd        0x1 main.o
 .bss.state.3784
                0x008005be        0x1 main.o
 .bss.Timer.3418
                0x008005bf        0x1 main.o
 .bss.state.3416
                0x008005c0        0x1 main.o
 .bss.state.3286
                0x008005c1        0x1 main.o
 .bss.Timer.3257
                0x008005c2        0x1 main.o
 .bss.state.3255
                0x008005c3        0x1 main.o
 .bss.state.3235
                0x008005c4        0x1 main.o
 .bss.state.3217
                0x008005c5        0x1 main.o
 .bss.state.3200
                0x008005c6        0x1 main.o
 .bss.state.3159
                0x008005c7        0x1 main.o
 .bss.state.3140
                0x008005c8        0x1 main.o
 .bss.Count.2730
                0x008005c9        0x1 main.o
 .bss.Timer10ms.2163
                0x008005ca        0x1 main.o
 .bss.state.1897
                0x008005cb        0x1 main.o
 .bss.state.1879
                0x008005cc        0x1 main.o
 .bss.state.1861
                0x008005cd        0x1 main.o
 .bss.nc        0x008005ce        0x2 main.o
                0x008005ce                nc
 .bss.nn        0x008005d0        0x2 main.o
                0x008005d0                nn
 .bss.ii        0x008005d2        0x2 main.o
                0x008005d2                ii
 .bss.cC        0x008005d4        0x2 main.o
                0x008005d4                cC
 .bss.locUpTime
                0x008005d6        0x4 main.o
                0x008005d6                locUpTime
 .bss.ledstate  0x008005da        0x4 main.o
                0x008005da                ledstate
 .bss.count     0x008005de        0x1 main.o
                0x008005de                count
 .bss.TD_DHCP_lease_timer
                0x008005df        0x1 main.o
 .bss.TD_DHCP_response_timer
                0x008005e0        0x1 main.o
 .bss.resetTEST_Counter
                0x008005e1        0x4 main.o
                0x008005e1                resetTEST_Counter
 .bss.TD_MB     0x008005e5        0x1 main.o
 .bss.SlaveSkip
                0x008005e6        0x4 main.o
 .bss.Try       0x008005ea        0x1 main.o
 .bss.LastProcSingle
                0x008005eb        0x1 main.o
 .bss.MB_SingleQuery
                0x008005ec        0x8 main.o
 .bss.MB_Err    0x008005f4        0x1 main.o
 .bss.TickCounter
                0x008005f5        0x1 main.o
 .bss.TD_Scan   0x008005f6        0x1 main.o
 .bss.Timer32Flg
                0x008005f7        0x6 main.o
 .bss.Timer16Flg
                0x008005fd        0xd main.o
 .bss.Timer8Flg
                0x0080060a        0xc main.o
 .bss.Timer8_ISR_Flg
                0x00800616        0x2 main.o
 .bss.Timer32   0x00800618       0xa0 main.o
 .bss.Timer16   0x008006b8       0xc0 main.o
 .bss.Timer8    0x00800778       0x58 main.o
 .bss.Timer8_ISR
                0x008007d0        0x8 main.o
 .bss.interru_enub_flg
                0x008007d8        0x1 main.o
 *(COMMON)
 COMMON         0x008007d9      0x99a main.o
                0x008007d9                pi4
                0x008007db                MB_State
                0x008007dc                GPRS_DATA
                0x0080081a                _getCommName
                0x0080081c                rsize
                0x0080081e                _dhcpDhcpServerIp
                0x00800822                _packet
                0x008008bb                _packetPos
                0x008008bd                MB_M_TimeOff
                0x008008be                RBASE
                0x008008c6                _offset1
                0x008008c8                _dhcpLocalIp
                0x008008cc                MB_NativeAddr
                0x008008cd                _dhcpMacAddr
                0x008008d3                _packetSize
                0x008008d5                _responseTimeout
                0x008008d9                _getSize
                0x008008db                _dhcpGatewayIp
                0x008008df                CurrSlave
                0x008008e0                _dhcpLeaseTime
                0x008008e4                CurrQuery
                0x008008e5                get3idx
                0x008008e7                _port
                0x008008e9                _dstPort
                0x008008eb                _dhcpTransactionId
                0x008008ef                MB_M_Period
                0x008008f1                MB_SingleState
                0x008008f2                Timer1min
                0x008008f3                MaxScanCycle
                0x008008f4                ptr
                0x008008f6                _dhcpT1
                0x008008fa                _dstIp
                0x008008fe                get2idx
                0x00800900                _lastCheckLeaseMillis
                0x00800904                MB_Master_MaxCycle
                0x00800906                myMillisTimer
                0x00800907                _remaining
                0x0080090f                _setSize
                0x00800911                getidx
                0x00800913                MB_M_Try
                0x00800914                _dhcpT2
                0x00800918                MB_Frame_Sz
                0x00800919                ScanCycle
                0x0080091a                _rebindInSec
                0x0080091e                LED_Timer
                0x0080091f                buf1
                0x00800983                oid
                0x008009c3                ScanCount
                0x008009c5                _offset2
                0x008009c7                MB_Master_Cycle
                0x008009c9                _dstType
                0x008009ca                MB_Coil
                0x008009ce                SerialVal1
                0x008009d0                LiveTime
                0x008009d4                MB_BitRate_RAM
                0x008009d5                ScanPerSec
                0x008009d7                data
                0x00800b03                SerialVal2
                0x00800b05                _timeout
                0x00800b09                ris1idx
                0x00800b0b                MB_InReg
                0x00800bab                _setCommName
                0x00800bad                _dhcpInitialTransactionId
                0x00800bb1                MemFail
                0x00800bb2                SBASE
                0x00800bba                buf
                0x00800fba                Timer1s
                0x00800fbb                _dhcpSubnetMask
                0x00800fbf                MB_M_Timeout
                0x00800fc0                MB_TimerFlag
                0x00800fc1                SlaveOff
                0x00800fc5                _remotePort
                0x00800fcd                _remoteIP
                0x00800fd1                MB_CPT
                0x00800fe1                respId
                0x00800fe5                MB_Input
                0x00800fe9                _dhcpDnsServerIp
                0x00800fed                sockstat
                0x00800fee                _dhcp_state
                0x00800fef                _renewInSec
                0x00800ff3                get1idx
                0x00800ff5                get0idx
                0x00800ff7                _offset
                0x00800ff9                MB_HoldReg
                0x0080106d                status
                0x0080106e                risidx
                0x00801070                MB_Frame
                0x00801170                Timer1hour
                0x00801172                api_status
                0x00801173                PROVIDE (__bss_end, .)
                0x000077dc                __data_load_start = LOADADDR (.data)
                0x00007b92                __data_load_end = (__data_load_start + SIZEOF (.data))

.noinit         0x00801173        0x0
                0x00801173                PROVIDE (__noinit_start, .)
 *(.noinit*)
                0x00801173                PROVIDE (__noinit_end, .)
                0x00801173                _end = .
                0x00801173                PROVIDE (__heap_start, .)

.eeprom         0x00810000       0x11
 *(.eeprom*)
 .eeprom        0x00810000       0x11 main.o
                0x00810005                MB_Param
                0x00810009                DateBackUp
                0x00810011                __eeprom_end = .

.fuse
 *(.fuse)
 *(.lfuse)
 *(.hfuse)
 *(.efuse)

.lock
 *(.lock*)

.signature
 *(.signature*)

.user_signatures
 *(.user_signatures*)

.stab
 *(.stab)

.stabstr
 *(.stabstr)

.stab.excl
 *(.stab.excl)

.stab.exclstr
 *(.stab.exclstr)

.stab.index
 *(.stab.index)

.stab.indexstr
 *(.stab.indexstr)

.comment        0x00000000       0x5c
 *(.comment)
 .comment       0x00000000       0x30 main.o
                                 0x31 (size before relaxing)
 .comment       0x00000000       0x31 c:/program files (x86)/atmel/atmel toolchain/avr8 gcc/native/3.4.1061/avr8-gnu-toolchain/bin/../lib/gcc/avr/4.8.1/../../../../avr/lib/avr6\libc.a(random.o)
 .comment       0x00000000       0x31 c:/program files (x86)/atmel/atmel toolchain/avr8 gcc/native/3.4.1061/avr8-gnu-toolchain/bin/../lib/gcc/avr/4.8.1/../../../../avr/lib/avr6\libc.a(sprintf.o)
 .comment       0x00000030       0x2c c:/program files (x86)/atmel/atmel toolchain/avr8 gcc/native/3.4.1061/avr8-gnu-toolchain/bin/../lib/gcc/avr/4.8.1/../../../../avr/lib/avr6\libc.a(vfprintf_std.o)
                                 0x2d (size before relaxing)
 .comment       0x00000000       0x31 c:/program files (x86)/atmel/atmel toolchain/avr8 gcc/native/3.4.1061/avr8-gnu-toolchain/bin/../lib/gcc/avr/4.8.1/../../../../avr/lib/avr6\libc.a(fputc.o)

.note.gnu.build-id
 *(.note.gnu.build-id)

.debug
 *(.debug)

.line
 *(.line)

.debug_srcinfo
 *(.debug_srcinfo)

.debug_sfnames
 *(.debug_sfnames)

.debug_aranges  0x00000000      0x7a8
 *(.debug_aranges)
 .debug_aranges
                0x00000000      0x7a8 main.o

.debug_pubnames
 *(.debug_pubnames)

.debug_info     0x00000000     0xba5a
 *(.debug_info .gnu.linkonce.wi.*)
 .debug_info    0x00000000     0xba5a main.o

.debug_abbrev   0x00000000      0x976
 *(.debug_abbrev)
 .debug_abbrev  0x00000000      0x976 main.o

.debug_line     0x00000000     0x558d
 *(.debug_line .debug_line.* .debug_line_end)
 .debug_line    0x00000000     0x558d main.o

.debug_frame    0x00000000     0x1cb8
 *(.debug_frame)
 .debug_frame   0x00000000     0x1cb8 main.o

.debug_str      0x00000000     0x23f1
 *(.debug_str)
 .debug_str     0x00000000     0x23f1 main.o
                               0x25c1 (size before relaxing)

.debug_loc      0x00000000     0xbc20
 *(.debug_loc)
 .debug_loc     0x00000000     0xbc20 main.o

.debug_macinfo
 *(.debug_macinfo)

.debug_weaknames
 *(.debug_weaknames)

.debug_funcnames
 *(.debug_funcnames)

.debug_typenames
 *(.debug_typenames)

.debug_varnames
 *(.debug_varnames)

.debug_pubtypes
 *(.debug_pubtypes)

.debug_ranges   0x00000000      0xa18
 *(.debug_ranges)
 .debug_ranges  0x00000000      0xa18 main.o

.debug_macro
 *(.debug_macro)
OUTPUT(Ethernet_to_Serial.elf elf32-avr)
LOAD linker stubs
