Archive member included because of file (symbol)

c:/program files (x86)/atmel/atmel toolchain/avr8 gcc/native/3.4.1061/avr8-gnu-toolchain/bin/../lib/gcc/avr/4.8.1/../../../../avr/lib/avr6\libm.a(fixunssfsi.o)
                              main.o (__fixunssfsi)
c:/program files (x86)/atmel/atmel toolchain/avr8 gcc/native/3.4.1061/avr8-gnu-toolchain/bin/../lib/gcc/avr/4.8.1/../../../../avr/lib/avr6\libm.a(floatsisf.o)
                              main.o (__floatunsisf)
c:/program files (x86)/atmel/atmel toolchain/avr8 gcc/native/3.4.1061/avr8-gnu-toolchain/bin/../lib/gcc/avr/4.8.1/../../../../avr/lib/avr6\libm.a(fp_split3.o)
                              c:/program files (x86)/atmel/atmel toolchain/avr8 gcc/native/3.4.1061/avr8-gnu-toolchain/bin/../lib/gcc/avr/4.8.1/../../../../avr/lib/avr6\libm.a(fixunssfsi.o) (__fp_splitA)
c:/program files (x86)/atmel/atmel toolchain/avr8 gcc/native/3.4.1061/avr8-gnu-toolchain/bin/../lib/gcc/avr/4.8.1/../../../../avr/lib/avr6\libm.a(fp_zero.o)
                              c:/program files (x86)/atmel/atmel toolchain/avr8 gcc/native/3.4.1061/avr8-gnu-toolchain/bin/../lib/gcc/avr/4.8.1/../../../../avr/lib/avr6\libm.a(fixunssfsi.o) (__fp_zero)
c:/program files (x86)/atmel/atmel toolchain/avr8 gcc/native/3.4.1061/avr8-gnu-toolchain/bin/../lib/gcc/avr/4.8.1/../../../../avr/lib/avr6\libm.a(mulsf3.o)
                              main.o (__mulsf3)
c:/program files (x86)/atmel/atmel toolchain/avr8 gcc/native/3.4.1061/avr8-gnu-toolchain/bin/../lib/gcc/avr/4.8.1/../../../../avr/lib/avr6\libm.a(mulsf3x.o)
                              c:/program files (x86)/atmel/atmel toolchain/avr8 gcc/native/3.4.1061/avr8-gnu-toolchain/bin/../lib/gcc/avr/4.8.1/../../../../avr/lib/avr6\libm.a(mulsf3.o) (__mulsf3x)
c:/program files (x86)/atmel/atmel toolchain/avr8 gcc/native/3.4.1061/avr8-gnu-toolchain/bin/../lib/gcc/avr/4.8.1/../../../../avr/lib/avr6\libm.a(fp_inf.o)
                              c:/program files (x86)/atmel/atmel toolchain/avr8 gcc/native/3.4.1061/avr8-gnu-toolchain/bin/../lib/gcc/avr/4.8.1/../../../../avr/lib/avr6\libm.a(mulsf3x.o) (__fp_inf)
c:/program files (x86)/atmel/atmel toolchain/avr8 gcc/native/3.4.1061/avr8-gnu-toolchain/bin/../lib/gcc/avr/4.8.1/../../../../avr/lib/avr6\libm.a(fp_nan.o)
                              c:/program files (x86)/atmel/atmel toolchain/avr8 gcc/native/3.4.1061/avr8-gnu-toolchain/bin/../lib/gcc/avr/4.8.1/../../../../avr/lib/avr6\libm.a(mulsf3x.o) (__fp_nan)
c:/program files (x86)/atmel/atmel toolchain/avr8 gcc/native/3.4.1061/avr8-gnu-toolchain/bin/../lib/gcc/avr/4.8.1/../../../../avr/lib/avr6\libm.a(fp_pscA.o)
                              c:/program files (x86)/atmel/atmel toolchain/avr8 gcc/native/3.4.1061/avr8-gnu-toolchain/bin/../lib/gcc/avr/4.8.1/../../../../avr/lib/avr6\libm.a(mulsf3x.o) (__fp_pscA)
c:/program files (x86)/atmel/atmel toolchain/avr8 gcc/native/3.4.1061/avr8-gnu-toolchain/bin/../lib/gcc/avr/4.8.1/../../../../avr/lib/avr6\libm.a(fp_pscB.o)
                              c:/program files (x86)/atmel/atmel toolchain/avr8 gcc/native/3.4.1061/avr8-gnu-toolchain/bin/../lib/gcc/avr/4.8.1/../../../../avr/lib/avr6\libm.a(mulsf3x.o) (__fp_pscB)
c:/program files (x86)/atmel/atmel toolchain/avr8 gcc/native/3.4.1061/avr8-gnu-toolchain/bin/../lib/gcc/avr/4.8.1/../../../../avr/lib/avr6\libm.a(fp_round.o)
                              c:/program files (x86)/atmel/atmel toolchain/avr8 gcc/native/3.4.1061/avr8-gnu-toolchain/bin/../lib/gcc/avr/4.8.1/../../../../avr/lib/avr6\libm.a(mulsf3.o) (__fp_round)
c:/program files (x86)/atmel/atmel toolchain/avr8 gcc/native/3.4.1061/avr8-gnu-toolchain/bin/../lib/gcc/avr/4.8.1/avr6\libgcc.a(_udivmodsi4.o)
                              main.o (__udivmodsi4)
c:/program files (x86)/atmel/atmel toolchain/avr8 gcc/native/3.4.1061/avr8-gnu-toolchain/bin/../lib/gcc/avr/4.8.1/avr6\libgcc.a(_divmodsi4.o)
                              main.o (__divmodsi4)
c:/program files (x86)/atmel/atmel toolchain/avr8 gcc/native/3.4.1061/avr8-gnu-toolchain/bin/../lib/gcc/avr/4.8.1/avr6\libgcc.a(_negsi2.o)
                              c:/program files (x86)/atmel/atmel toolchain/avr8 gcc/native/3.4.1061/avr8-gnu-toolchain/bin/../lib/gcc/avr/4.8.1/avr6\libgcc.a(_divmodsi4.o) (__negsi2)
c:/program files (x86)/atmel/atmel toolchain/avr8 gcc/native/3.4.1061/avr8-gnu-toolchain/bin/../lib/gcc/avr/4.8.1/avr6\libgcc.a(_exit.o)
                              c:/program files (x86)/atmel/atmel toolchain/avr8 gcc/native/3.4.1061/avr8-gnu-toolchain/bin/../lib/gcc/avr/4.8.1/../../../../avr/lib/avr6/crtm2561.o (exit)
c:/program files (x86)/atmel/atmel toolchain/avr8 gcc/native/3.4.1061/avr8-gnu-toolchain/bin/../lib/gcc/avr/4.8.1/avr6\libgcc.a(_tablejump.o)
                              main.o (__tablejump2__)
c:/program files (x86)/atmel/atmel toolchain/avr8 gcc/native/3.4.1061/avr8-gnu-toolchain/bin/../lib/gcc/avr/4.8.1/avr6\libgcc.a(_copy_data.o)
                              main.o (__do_copy_data)
[...]
Memory Configuration

Name             Origin             Length             Attributes
text             0x00000000         0x00100000         xr
data             0x00800200         0x0000fe00         rw !x
eeprom           0x00810000         0x00010000         rw !x
fuse             0x00820000         0x00000400         rw !x
lock             0x00830000         0x00000400         rw !x
signature        0x00840000         0x00000400         rw !x
user_signatures  0x00850000         0x00000400         rw !x
*default*        0x00000000         0xffffffff

Linker script and memory map

Address of section .data set to 0x800200
LOAD c:/program files (x86)/atmel/atmel toolchain/avr8 gcc/native/3.4.1061/avr8-gnu-toolchain/bin/../lib/gcc/avr/4.8.1/../../../../avr/lib/avr6/crtm2561.o
LOAD main.o
START GROUP
LOAD c:/program files (x86)/atmel/atmel toolchain/avr8 gcc/native/3.4.1061/avr8-gnu-toolchain/bin/../lib/gcc/avr/4.8.1/../../../../avr/lib/avr6\libm.a
END GROUP
START GROUP
LOAD c:/program files (x86)/atmel/atmel toolchain/avr8 gcc/native/3.4.1061/avr8-gnu-toolchain/bin/../lib/gcc/avr/4.8.1/avr6\libgcc.a
LOAD c:/program files (x86)/atmel/atmel toolchain/avr8 gcc/native/3.4.1061/avr8-gnu-toolchain/bin/../lib/gcc/avr/4.8.1/../../../../avr/lib/avr6\libm.a
LOAD c:/program files (x86)/atmel/atmel toolchain/avr8 gcc/native/3.4.1061/avr8-gnu-toolchain/bin/../lib/gcc/avr/4.8.1/../../../../avr/lib/avr6\libc.a
END GROUP

.hash
 *(.hash)

.dynsym
 *(.dynsym)

.dynstr
 *(.dynstr)

.gnu.version
 *(.gnu.version)

.gnu.version_d
 *(.gnu.version_d)

.gnu.version_r
 *(.gnu.version_r)

.rel.init
 *(.rel.init)

.rela.init
 *(.rela.init)

.rel.text
 *(.rel.text)
 *(.rel.text.*)
 *(.rel.gnu.linkonce.t*)

.rela.text
 *(.rela.text)
 *(.rela.text.*)
 *(.rela.gnu.linkonce.t*)

.rel.fini
 *(.rel.fini)

.rela.fini
 *(.rela.fini)

.rel.rodata
 *(.rel.rodata)
 *(.rel.rodata.*)
 *(.rel.gnu.linkonce.r*)

.rela.rodata
 *(.rela.rodata)
 *(.rela.rodata.*)
 *(.rela.gnu.linkonce.r*)

.rel.data
 *(.rel.data)
 *(.rel.data.*)
 *(.rel.gnu.linkonce.d*)

.rela.data
 *(.rela.data)
 *(.rela.data.*)
 *(.rela.gnu.linkonce.d*)

.rel.ctors
 *(.rel.ctors)

.rela.ctors
 *(.rela.ctors)

.rel.dtors
 *(.rel.dtors)

.rela.dtors
 *(.rela.dtors)

.rel.got
 *(.rel.got)

.rela.got
 *(.rela.got)

.rel.bss
 *(.rel.bss)

.rela.bss
 *(.rela.bss)

.rel.plt
 *(.rel.plt)

.rela.plt
 *(.rela.plt)

.text           0x00000000     0x6f02
 *(.vectors)
 .vectors       0x00000000       0xcc c:/program files (x86)/atmel/atmel toolchain/avr8 gcc/native/3.4.1061/avr8-gnu-toolchain/bin/../lib/gcc/avr/4.8.1/../../../../avr/lib/avr6/crtm2561.o
                0x00000000                __vector_default
                0x00000000                __vectors
 *(.vectors)
 *(.progmem.gcc*)
 .progmem.gcc_sw_table.MB_S_Timer_ISR
                0x000000cc       0x20 main.o
 .progmem.gcc_sw_table.MB_M_Timer_ISR
                0x000000ec       0x20 main.o
 .progmem.gcc_sw_table.SNMP_VARS_Processing
                0x0000010c       0x8e main.o
 .progmem.gcc_sw_table.Modbus_TCP_Automat
                0x0000019a       0x20 main.o
                0x000001ba                . = ALIGN (0x2)
                0x000001ba                __trampolines_start = .
 *(.trampolines)
 .trampolines   0x000001ba        0x0 linker stubs
 *(.trampolines*)
                0x000001ba                __trampolines_end = .
 *(.progmem*)
 .progmem.data.aCRCLo.2498
                0x000001ba      0x100 main.o
 .progmem.data.aCRCHi.2497
                0x000002ba      0x100 main.o
 .progmem.data.Tcond
                0x000003ba       0x18 main.o
 .progmem.data.Troom
                0x000003d2       0x18 main.o
 .progmem.data.Tair
                0x000003ea       0x18 main.o
 .progmem.data.Tfree2cond
                0x00000402       0x18 main.o
 .progmem.data.ledState
                0x0000041a       0x18 main.o
 .progmem.data.AnalogPin0
                0x00000432       0x15 main.o
 .progmem.data.sysServices
                0x00000447       0x12 main.o
 .progmem.data.sysLocation
                0x00000459       0x12 main.o
 .progmem.data.sysName
                0x0000046b       0x12 main.o
 .progmem.data.sysContact
                0x0000047d       0x12 main.o
 .progmem.data.sysUpTime
                0x0000048f       0x12 main.o
 .progmem.data.sysObjectID
                0x000004a1       0x12 main.o
 .progmem.data.sysDescr
                0x000004b3       0x12 main.o
 .progmem.data.MB_Master_List
                0x000004c5        0x3 main.o
                0x000004c5                MB_Master_List
 .progmem.data.MB_Slave_List
                0x000004c8        0x4 main.o
                0x000004c8                MB_Slave_List
 .progmem.data.MYQUERRY
                0x000004cc        0xe main.o
                0x000004cc                MYQUERRY
 .progmem.data.MB_Timer
                0x000004da       0x12 main.o
 .progmem.data.MB_Port
                0x000004ec       0x14 main.o
 .progmem.data.BR_Tbl
                0x00000500       0x1b main.o
                0x00000500                BR_Tbl
 .progmem.data.Modbus_Map
                0x0000051b       0x10 main.o
                0x0000051b                Modbus_Map
 .progmem.data.MB_Role
                0x0000052b        0x1 main.o
                0x0000052c                . = ALIGN (0x2)
 *(.jumptables)
 *(.jumptables*)
 *(.lowtext)
 *(.lowtext*)
                0x0000052c                __ctors_start = .
 *(.ctors)
                0x0000052c                __ctors_end = .
                0x0000052c                __dtors_start = .
 *(.dtors)
                0x0000052c                __dtors_end = .
 SORT(*)(.ctors)
 SORT(*)(.dtors)
 *(.init0)
 .init0         0x0000052c        0x0 c:/program files (x86)/atmel/atmel toolchain/avr8 gcc/native/3.4.1061/avr8-gnu-toolchain/bin/../lib/gcc/avr/4.8.1/../../../../avr/lib/avr6/crtm2561.o
                0x0000052c                __init
 *(.init0)
 *(.init1)
 *(.init1)
 *(.init2)
 .init2         0x0000052c       0x10 c:/program files (x86)/atmel/atmel toolchain/avr8 gcc/native/3.4.1061/avr8-gnu-toolchain/bin/../lib/gcc/avr/4.8.1/../../../../avr/lib/avr6/crtm2561.o
 *(.init2)
 *(.init3)
 *(.init3)
 *(.init4)
 .init4         0x0000053c       0x1a c:/program files (x86)/atmel/atmel toolchain/avr8 gcc/native/3.4.1061/avr8-gnu-toolchain/bin/../lib/gcc/avr/4.8.1/avr6\libgcc.a(_copy_data.o)
                0x0000053c                __do_copy_data
 .init4         0x00000556       0x10 c:/program files (x86)/atmel/atmel toolchain/avr8 gcc/native/3.4.1061/avr8-gnu-toolchain/bin/../lib/gcc/avr/4.8.1/avr6\libgcc.a(_clear_bss.o)
                0x00000556                __do_clear_bss
 *(.init4)
 *(.init5)
 *(.init5)
 *(.init6)
 *(.init6)
 *(.init7)
 *(.init7)
 *(.init8)
 *(.init8)
 *(.init9)
 .init9         0x00000566        0x8 c:/program files (x86)/atmel/atmel toolchain/avr8 gcc/native/3.4.1061/avr8-gnu-toolchain/bin/../lib/gcc/avr/4.8.1/../../../../avr/lib/avr6/crtm2561.o
 *(.init9)
 *(.text)
 .text          0x0000056e        0x2 c:/program files (x86)/atmel/atmel toolchain/avr8 gcc/native/3.4.1061/avr8-gnu-toolchain/bin/../lib/gcc/avr/4.8.1/../../../../avr/lib/avr6/crtm2561.o
                0x0000056e                __vector_22
                0x0000056e                __vector_28
                0x0000056e                __vector_1
                0x0000056e                __vector_32
                0x0000056e                __vector_34
                0x0000056e                __vector_24
                0x0000056e                __vector_12
                0x0000056e                __vector_46
                0x0000056e                __bad_interrupt
                0x0000056e                __vector_6
                0x0000056e                __vector_31
                0x0000056e                __vector_35
                0x0000056e                __vector_39
                0x0000056e                __vector_3
                0x0000056e                __vector_23
                0x0000056e                __vector_30
                0x0000056e                __vector_45
                0x0000056e                __vector_11
                0x0000056e                __vector_19
                0x0000056e                __vector_7
                0x0000056e                __vector_49
                0x0000056e                __vector_41
                0x0000056e                __vector_43
                0x0000056e                __vector_5
                0x0000056e                __vector_33
                0x0000056e                __vector_47
                0x0000056e                __vector_4
                0x0000056e                __vector_44
                0x0000056e                __vector_9
                0x0000056e                __vector_2
                0x0000056e                __vector_15
                0x0000056e                __vector_29
                0x0000056e                __vector_40
                0x0000056e                __vector_8
                0x0000056e                __vector_48
                0x0000056e                __vector_14
                0x0000056e                __vector_10
                0x0000056e                __vector_50
                0x0000056e                __vector_16
                0x0000056e                __vector_18
                0x0000056e                __vector_20
                0x00000570                . = ALIGN (0x2)
 *(.text.*)
 .text.rrb      0x00000570        0x6 main.o
                0x00000570                rrb
 .text.RS485_0  0x00000576        0xa main.o
                0x00000576                RS485_0
 .text.MB_LED0  0x00000580        0x2 main.o
                0x00000580                MB_LED0
 .text.MB_LED_Err_On_0
                0x00000582        0x2 main.o
                0x00000582                MB_LED_Err_On_0
 .text.MB_LED_Err_Off_0
                0x00000584        0x2 main.o
                0x00000584                MB_LED_Err_Off_0
 .text.StartTimer0
                0x00000586       0x14 main.o
                0x00000586                StartTimer0
 .text.StartTimer2
                0x0000059a       0x18 main.o
                0x0000059a                StartTimer2
 .text.StartTimer4
                0x000005b2       0x16 main.o
                0x000005b2                StartTimer4
 .text.erb      0x000005c8        0x6 main.o
                0x000005c8                erb
 .text.GetSlave
                0x000005ce       0x30 main.o
 .text.MBRecept
                0x000005fe       0x8c main.o
 .text.GetReg   0x0000068a       0x78 main.o
 .text.MB_Timer_ISR
                0x00000702       0xc8 main.o
 .text.SPItransfer
                0x000007ca        0xe main.o
                0x000007ca                SPItransfer
 .text.W5100read
                0x000007d8       0x22 main.o
                0x000007d8                W5100read
 .text.W5100readBlock
                0x000007fa       0x5a main.o
                0x000007fa                W5100readBlock
 .text.W5100writeBlock
                0x00000854       0x58 main.o
                0x00000854                W5100writeBlock
 .text.W5100_init
                0x000008ac      0x120 main.o
                0x000008ac                W5100_init
 .text.W5100write
                0x000009cc       0x32 main.o
                0x000009cc                W5100write
 .text.execCmdSn
                0x000009fe       0x30 main.o
                0x000009fe                execCmdSn
 .text.W5100_SetMac
                0x00000a2e       0x4e main.o
                0x00000a2e                W5100_SetMac
 .text.W5100_SetIP
                0x00000a7c       0x36 main.o
                0x00000a7c                W5100_SetIP
 .text.W5100_SetGateway
                0x00000ab2       0x36 main.o
                0x00000ab2                W5100_SetGateway
 .text.W5100_SetMask
                0x00000ae8       0x36 main.o
                0x00000ae8                W5100_SetMask
 .text.readSn   0x00000b1e       0x10 main.o
                0x00000b1e                readSn
 .text.readSnTX_FSR
                0x00000b2e       0x2c main.o
 .text.readSnRX_RSR
                0x00000b5a       0x2c main.o
 .text.writeSn  0x00000b86       0x14 main.o
                0x00000b86                writeSn
 .text.execCmdS0_Automat
                0x00000b9a       0x62 main.o
                0x00000b9a                execCmdS0_Automat
 .text.execCmdS1_Automat
                0x00000bfc       0x62 main.o
                0x00000bfc                execCmdS1_Automat
 .text.execCmdS2_Automat
                0x00000c5e       0x62 main.o
                0x00000c5e                execCmdS2_Automat
 .text.W5100_writeS0DPORT
                0x00000cc0       0x18 main.o
                0x00000cc0                W5100_writeS0DPORT
 .text.W5100_writeS0DIPR
                0x00000cd8       0x2c main.o
                0x00000cd8                W5100_writeS0DIPR
 .text.W5100_writeS1DPORT
                0x00000d04       0x18 main.o
                0x00000d04                W5100_writeS1DPORT
 .text.W5100_writeS1DIPR
                0x00000d1c       0x2c main.o
                0x00000d1c                W5100_writeS1DIPR
 .text.W5100_writeS2DPORT
                0x00000d48       0x18 main.o
                0x00000d48                W5100_writeS2DPORT
 .text.W5100_writeS2DIPR
                0x00000d60       0x2c main.o
                0x00000d60                W5100_writeS2DIPR
 .text.W5100_send_data_processing_offset
                0x00000d8c       0xc4 main.o
                0x00000d8c                W5100_send_data_processing_offset
 .text.W5100_getTXFreeSize
                0x00000e50       0x4a main.o
                0x00000e50                W5100_getTXFreeSize
 .text.bufferData
                0x00000e9a       0x40 main.o
                0x00000e9a                bufferData
 .text.printByte
                0x00000eda       0x2c main.o
                0x00000eda                printByte
 .text.IntOff   0x00000f06       0x10 main.o
                0x00000f06                IntOff
 .text.IntOn    0x00000f16       0x10 main.o
                0x00000f16                IntOn
 .text.WdtOn    0x00000f26       0x1a main.o
                0x00000f26                WdtOn
 .text.Timer16Alloc
                0x00000f40        0xe main.o
                0x00000f40                Timer16Alloc
 .text.Timer32Alloc
                0x00000f4e        0xe main.o
                0x00000f4e                Timer32Alloc
 .text.StartTimer8
                0x00000f5c       0x70 main.o
                0x00000f5c                StartTimer8
 .text.StartTimer16
                0x00000fcc       0x7a main.o
                0x00000fcc                StartTimer16
 .text.SlavesOn
                0x00001046       0x36 main.o
 .text.NextSlave
                0x0000107c      0x13e main.o
 .text.FailSlave
                0x000011ba       0xda main.o
 .text.StartTimer32
                0x00001294       0x90 main.o
                0x00001294                StartTimer32
 .text.Timer16Stopp
                0x00001324       0x4e main.o
                0x00001324                Timer16Stopp
 .text.Timer32Stopp
                0x00001372       0x5a main.o
                0x00001372                Timer32Stopp
 .text.TimeInit
                0x000013cc       0x6a main.o
                0x000013cc                TimeInit
 .text.__vector_17
                0x00001436       0xdc main.o
                0x00001436                __vector_17
 .text.TimersInc
                0x00001512      0x1cc main.o
                0x00001512                TimersInc
 .text.TimeCycle
                0x000016de       0x3a main.o
                0x000016de                TimeCycle
 .text.CRC_Seed
                0x00001718       0x8e main.o
                0x00001718                CRC_Seed
 .text.CRC      0x000017a6       0x10 main.o
                0x000017a6                CRC
 .text.CRC_EEPROM_calc
                0x000017b6       0x34 main.o
 .text.CRC_EEPROM_upd
                0x000017ea       0x16 main.o
 .text.ewb      0x00001800        0x8 main.o
                0x00001800                ewb
 .text.MB_PLC_Init
                0x00001808        0x6 main.o
                0x00001808                MB_PLC_Init
 .text.__vector_21
                0x0000180e       0x64 main.o
                0x0000180e                __vector_21
 .text.__vector_13
                0x00001872       0x68 main.o
                0x00001872                __vector_13
 .text.__vector_42
                0x000018da       0x68 main.o
                0x000018da                __vector_42
 .text.SetParity
                0x00001942       0x7c main.o
                0x00001942                SetParity
 .text.SetBAUD  0x000019be       0x8e main.o
                0x000019be                SetBAUD
 .text.MB_Transm
                0x00001a4c       0x84 main.o
                0x00001a4c                MB_Transm
 .text.Modbus_RX
                0x00001ad0      0x108 main.o
                0x00001ad0                Modbus_RX
 .text.CommErr  0x00001bd8       0xe0 main.o
                0x00001bd8                CommErr
 .text.SetCRC_MB
                0x00001cb8       0x36 main.o
                0x00001cb8                SetCRC_MB
 .text.MB_FrameReg
                0x00001cee       0x28 main.o
                0x00001cee                MB_FrameReg
 .text.FormData
                0x00001d16      0x212 main.o
 .text.FormQuery
                0x00001f28       0x94 main.o
 .text.FormSingle
                0x00001fbc       0x56 main.o
 .text.MB_S_Timer_ISR
                0x00002012      0x730 main.o
                0x00002012                MB_S_Timer_ISR
 .text.MB_S_Tx  0x00002742       0x18 main.o
                0x00002742                MB_S_Tx
 .text.MB_S_Init
                0x0000275a       0x1e main.o
                0x0000275a                MB_S_Init
 .text.MB_M_Timer_ISR
                0x00002778      0x57a main.o
                0x00002778                MB_M_Timer_ISR
 .text.MB_M_Tx  0x00002cf2       0x18 main.o
                0x00002cf2                MB_M_Tx
 .text.Modbus_TX
                0x00002d0a      0x132 main.o
                0x00002d0a                Modbus_TX
 .text.MB_M_Cycle
                0x00002e3c      0x106 main.o
                0x00002e3c                MB_M_Cycle
 .text.MB_Cycle
                0x00002f42       0x40 main.o
                0x00002f42                MB_Cycle
 .text.__vector_25
                0x00002f82       0x54 main.o
                0x00002f82                __vector_25
 .text.__vector_27
                0x00002fd6       0x52 main.o
                0x00002fd6                __vector_27
 .text.__vector_26
                0x00003028       0x52 main.o
                0x00003028                __vector_26
 .text.__vector_36
                0x0000307a       0x54 main.o
                0x0000307a                __vector_36
 .text.__vector_38
                0x000030ce       0x52 main.o
                0x000030ce                __vector_38
 .text.__vector_37
                0x00003120       0x52 main.o
                0x00003120                __vector_37
 .text.UDPbegin0_Automat
                0x00003172       0xa8 main.o
                0x00003172                UDPbegin0_Automat
 .text.UDPbegin1_Automat
                0x0000321a       0xa8 main.o
                0x0000321a                UDPbegin1_Automat
 .text.startUDP
                0x000032c2       0x7c main.o
                0x000032c2                startUDP
 .text._dhcpUdpSocket_beginPacket
                0x0000333e       0x12 main.o
                0x0000333e                _dhcpUdpSocket_beginPacket
 .text._UDPtoSerialSocket_beginPacket
                0x00003350       0x12 main.o
                0x00003350                _UDPtoSerialSocket_beginPacket
 .text._dhcpUdpSocket_write
                0x00003362       0x28 main.o
                0x00003362                _dhcpUdpSocket_write
 .text._UDPtoSerialSocket_write
                0x0000338a       0x28 main.o
                0x0000338a                _UDPtoSerialSocket_write
 .text._UDPtoSerialSocket_endPacket_Automat
                0x000033b2       0x8e main.o
                0x000033b2                _UDPtoSerialSocket_endPacket_Automat
 .text._dhcpUdpSocket_endPacket_Automat
                0x00003440       0x8e main.o
                0x00003440                _dhcpUdpSocket_endPacket_Automat
 .text.UDPbegin2_Automat
                0x000034ce       0xa8 main.o
                0x000034ce                UDPbegin2_Automat
 .text._Socket2_beginPacket
                0x00003576       0x12 main.o
                0x00003576                _Socket2_beginPacket
 .text._Socket2_write
                0x00003588       0x28 main.o
                0x00003588                _Socket2_write
 .text.read_data
                0x000035b0       0x9e main.o
                0x000035b0                read_data
 .text.W5100_recv_data_processing
                0x0000364e       0x66 main.o
                0x0000364e                W5100_recv_data_processing
 .text.W5100_getRXReceivedSize
                0x000036b4       0x4e main.o
                0x000036b4                W5100_getRXReceivedSize
 .text.recv     0x00003702       0x72 main.o
                0x00003702                recv
 .text.UDP_read
                0x00003774       0x66 main.o
                0x00003774                UDP_read
 .text.UDP_parsePacket
                0x000037da       0xda main.o
                0x000037da                UDP_parsePacket
 .text._dhcpUdpSocket_parsePacket
                0x000038b4        0x6 main.o
                0x000038b4                _dhcpUdpSocket_parsePacket
 .text._UDPtoSerialSocket_parsePacket
                0x000038ba        0x6 main.o
                0x000038ba                _UDPtoSerialSocket_parsePacket
 .text._dhcpUdpSocket_readBlock
                0x000038c0       0x50 main.o
                0x000038c0                _dhcpUdpSocket_readBlock
 .text._SNMPSocket_read
                0x00003910       0x50 main.o
                0x00003910                _SNMPSocket_read
 .text._dhcpUdpSocket_read
                0x00003960        0x6 main.o
                0x00003960                _dhcpUdpSocket_read
 .text.resetTEST
                0x00003966       0x2c main.o
                0x00003966                resetTEST
 .text._Socket2_endPacket_Automat
                0x00003992       0xca main.o
                0x00003992                _Socket2_endPacket_Automat
 .text.Socket2_sendmessage_Automat
                0x00003a5c       0x7a main.o
                0x00003a5c                Socket2_sendmessage_Automat
 .text.TEST_Automat
                0x00003ad6      0x218 main.o
                0x00003ad6                TEST_Automat
 .text.send_DHCP_MESSAGE
                0x00003cee      0x230 main.o
                0x00003cee                send_DHCP_MESSAGE
 .text.send_DHCP_MESSAGE_Automat
                0x00003f1e       0x5c main.o
                0x00003f1e                send_DHCP_MESSAGE_Automat
 .text.parseDHCPResponse
                0x00003f7a      0x466 main.o
                0x00003f7a                parseDHCPResponse
 .text.random1  0x000043e0       0x34 main.o
                0x000043e0                random1
 .text.DHCP_automat
                0x00004414      0x2b8 main.o
                0x00004414                DHCP_automat
 .text.SNMP_OID_toString
                0x000046cc      0x106 main.o
                0x000046cc                SNMP_OID_toString
 .text.clear    0x000047d2       0x16 main.o
                0x000047d2                clear
 .text.decodeOctetStringToString
                0x000047e8      0x1ce main.o
                0x000047e8                decodeOctetStringToString
 .text.decodeInt16toHoldReg
                0x000049b6       0x80 main.o
                0x000049b6                decodeInt16toHoldReg
 .text.decodeInt32ToInt32
                0x00004a36       0x74 main.o
                0x00004a36                decodeInt32ToInt32
 .text.decodeUint32CounterTimeticksGaugeToUint32
                0x00004aaa       0x7c main.o
                0x00004aaa                decodeUint32CounterTimeticksGaugeToUint32
 .text.decodeIpAddressToByteArray
                0x00004b26       0x8a main.o
                0x00004b26                decodeIpAddressToByteArray
 .text.decodeBoolToUint8
                0x00004bb0       0x24 main.o
                0x00004bb0                decodeBoolToUint8
 .text.encodeStringToOctetString
                0x00004bd4       0x96 main.o
                0x00004bd4                encodeStringToOctetString
 .text.encodeInt16ToInt
                0x00004c6a       0x34 main.o
                0x00004c6a                encodeInt16ToInt
 .text.encodeInt32ToInt32
                0x00004c9e       0x38 main.o
                0x00004c9e                encodeInt32ToInt32
 .text.encodeUint32ToUint32
                0x00004cd6       0x40 main.o
                0x00004cd6                encodeUint32ToUint32
 .text.encodeByteArrayToIpAddress
                0x00004d16       0x5c main.o
                0x00004d16                encodeByteArrayToIpAddress
 .text.encodeUint8ToBool
                0x00004d72       0x3e main.o
                0x00004d72                encodeUint8ToBool
 .text.SNMP_requestPdu
                0x00004db0      0x482 main.o
                0x00004db0                SNMP_requestPdu
 .text.SNMP_responsePdu
                0x00005232      0x342 main.o
                0x00005232                SNMP_responsePdu
 .text.SNMP_VARS_Processing
                0x00005574      0x2f4 main.o
                0x00005574                SNMP_VARS_Processing
 .text.pduReceived
                0x00005868      0x48e main.o
                0x00005868                pduReceived
 .text.Webserver_recv_size
                0x00005cf6       0x28 main.o
                0x00005cf6                Webserver_recv_size
 .text.WebserverSocket_close
                0x00005d1e       0x18 main.o
                0x00005d1e                WebserverSocket_close
 .text.WebserverSocketOpen
                0x00005d36       0x6a main.o
                0x00005d36                WebserverSocketOpen
 .text.Webserver_listen
                0x00005da0       0x3c main.o
                0x00005da0                Webserver_listen
 .text.Webserver_recv
                0x00005ddc       0xcc main.o
                0x00005ddc                Webserver_recv
 .text.WebserverSocket_disconnect
                0x00005ea8       0x18 main.o
                0x00005ea8                WebserverSocket_disconnect
 .text.Webserver_send
                0x00005ec0      0x142 main.o
                0x00005ec0                Webserver_send
 .text.Modbus_TCP_Automat
                0x00006002      0x3b6 main.o
                0x00006002                Modbus_TCP_Automat
 .text.Ethernet_Automat
                0x000063b8       0xf4 main.o
                0x000063b8                Ethernet_Automat
 .text.resetEthernet
                0x000064ac        0x6 main.o
                0x000064ac                resetEthernet
 .text.SNMP_Automat
                0x000064b2       0xd0 main.o
                0x000064b2                SNMP_Automat
 .text.LED_On   0x00006582        0x4 main.o
                0x00006582                LED_On
 .text.MB_M_Init
                0x00006586       0x86 main.o
                0x00006586                MB_M_Init
 .text.MB_Init  0x0000660c       0x56 main.o
                0x0000660c                MB_Init
 .text.LED_Cycle
                0x00006662       0x32 main.o
                0x00006662                LED_Cycle
 .text.sysInit  0x00006694       0x36 main.o
                0x00006694                sysInit
 .text.sysCycle
                0x000066ca        0xa main.o
                0x000066ca                sysCycle
 .text.main     0x000066d4       0x32 main.o
                0x000066d4                main
 .text.libgcc.div
                0x00006706       0x44 c:/program files (x86)/atmel/atmel toolchain/avr8 gcc/native/3.4.1061/avr8-gnu-toolchain/bin/../lib/gcc/avr/4.8.1/avr6\libgcc.a(_udivmodsi4.o)
                0x00006706                __udivmodsi4
 .text.libgcc.div
                0x0000674a       0x28 c:/program files (x86)/atmel/atmel toolchain/avr8 gcc/native/3.4.1061/avr8-gnu-toolchain/bin/../lib/gcc/avr/4.8.1/avr6\libgcc.a(_divmodsi4.o)
                0x0000674a                __divmodsi4
 .text.libgcc.div
                0x00006772       0x10 c:/program files (x86)/atmel/atmel toolchain/avr8 gcc/native/3.4.1061/avr8-gnu-toolchain/bin/../lib/gcc/avr/4.8.1/avr6\libgcc.a(_negsi2.o)
                0x00006772                __negsi2
 .text.libgcc   0x00006782        0xc c:/program files (x86)/atmel/atmel toolchain/avr8 gcc/native/3.4.1061/avr8-gnu-toolchain/bin/../lib/gcc/avr/4.8.1/avr6\libgcc.a(_tablejump.o)
                0x00006782                __tablejump2__
                0x00006786                __tablejump__
 .text.avr-libc
                0x0000678e       0xac c:/program files (x86)/atmel/atmel toolchain/avr8 gcc/native/3.4.1061/avr8-gnu-toolchain/bin/../lib/gcc/avr/4.8.1/../../../../avr/lib/avr6\libc.a(random.o)
                0x00006820                random_r
                0x00006822                random
                0x00006828                srandom
 .text.avr-libc
                0x0000683a       0x12 c:/program files (x86)/atmel/atmel toolchain/avr8 gcc/native/3.4.1061/avr8-gnu-toolchain/bin/../lib/gcc/avr/4.8.1/../../../../avr/lib/avr6\libc.a(strcmp_P.o)
                0x0000683a                strcmp_P
 .text.avr-libc
                0x0000684c       0x1a c:/program files (x86)/atmel/atmel toolchain/avr8 gcc/native/3.4.1061/avr8-gnu-toolchain/bin/../lib/gcc/avr/4.8.1/../../../../avr/lib/avr6\libc.a(memcmp.o)
                0x0000684c                memcmp
 .text.avr-libc
                0x00006866       0x16 c:/program files (x86)/atmel/atmel toolchain/avr8 gcc/native/3.4.1061/avr8-gnu-toolchain/bin/../lib/gcc/avr/4.8.1/../../../../avr/lib/avr6\libc.a(strcat.o)
                0x00006866                strcat
 .text.avr-libc
                0x0000687c       0x12 c:/program files (x86)/atmel/atmel toolchain/avr8 gcc/native/3.4.1061/avr8-gnu-toolchain/bin/../lib/gcc/avr/4.8.1/../../../../avr/lib/avr6\libc.a(strcmp.o)
                0x0000687c                strcmp
 .text.avr-libc
                0x0000688e       0x32 c:/program files (x86)/atmel/atmel toolchain/avr8 gcc/native/3.4.1061/avr8-gnu-toolchain/bin/../lib/gcc/avr/4.8.1/../../../../avr/lib/avr6\libc.a(utoa_ncheck.o)
                0x0000688e                __utoa_ncheck
                0x00006890                __utoa_common
 .text.avr-libc
                0x000068c0       0x5c c:/program files (x86)/atmel/atmel toolchain/avr8 gcc/native/3.4.1061/avr8-gnu-toolchain/bin/../lib/gcc/avr/4.8.1/../../../../avr/lib/avr6\libc.a(sprintf.o)
                0x000068c0                sprintf
 .text.avr-libc
                0x0000691c      0x3dc c:/program files (x86)/atmel/atmel toolchain/avr8 gcc/native/3.4.1061/avr8-gnu-toolchain/bin/../lib/gcc/avr/4.8.1/../../../../avr/lib/avr6\libc.a(vfprintf_std.o)
                0x0000691c                vfprintf
 .text.avr-libc
                0x00006cf8       0x20 c:/program files (x86)/atmel/atmel toolchain/avr8 gcc/native/3.4.1061/avr8-gnu-toolchain/bin/../lib/gcc/avr/4.8.1/../../../../avr/lib/avr6\libc.a(eerd_block_atmega2561.o)
                0x00006cf8                __eerd_block_m2561
                0x00006cfc                __eerd_blraw_m2561
 .text.avr-libc
                0x00006d18       0x10 c:/program files (x86)/atmel/atmel toolchain/avr8 gcc/native/3.4.1061/avr8-gnu-toolchain/bin/../lib/gcc/avr/4.8.1/../../../../avr/lib/avr6\libc.a(eerd_byte_atmega2561.o)
                0x00006d18                __eerd_byte_m2561
 .text.avr-libc
                0x00006d28        0xa c:/program files (x86)/atmel/atmel toolchain/avr8 gcc/native/3.4.1061/avr8-gnu-toolchain/bin/../lib/gcc/avr/4.8.1/../../../../avr/lib/avr6\libc.a(eerd_word_atmega2561.o)
                0x00006d28                __eerd_word_m2561
 .text.avr-libc
                0x00006d32       0x1c c:/program files (x86)/atmel/atmel toolchain/avr8 gcc/native/3.4.1061/avr8-gnu-toolchain/bin/../lib/gcc/avr/4.8.1/../../../../avr/lib/avr6\libc.a(eewr_byte_atmega2561.o)
                0x00006d32                __eewr_byte_m2561
                0x00006d34                __eewr_r18_m2561
 .text.avr-libc
                0x00006d4e        0x6 c:/program files (x86)/atmel/atmel toolchain/avr8 gcc/native/3.4.1061/avr8-gnu-toolchain/bin/../lib/gcc/avr/4.8.1/../../../../avr/lib/avr6\libc.a(eewr_word_atmega2561.o)
                0x00006d4e                __eewr_word_m2561
 .text.avr-libc
                0x00006d54       0x16 c:/program files (x86)/atmel/atmel toolchain/avr8 gcc/native/3.4.1061/avr8-gnu-toolchain/bin/../lib/gcc/avr/4.8.1/../../../../avr/lib/avr6\libc.a(strnlen_P.o)
                0x00006d54                strnlen_P
 .text.avr-libc
                0x00006d6a       0x16 c:/program files (x86)/atmel/atmel toolchain/avr8 gcc/native/3.4.1061/avr8-gnu-toolchain/bin/../lib/gcc/avr/4.8.1/../../../../avr/lib/avr6\libc.a(strnlen.o)
                0x00006d6a                strnlen
 .text.avr-libc
                0x00006d80       0x20 c:/program files (x86)/atmel/atmel toolchain/avr8 gcc/native/3.4.1061/avr8-gnu-toolchain/bin/../lib/gcc/avr/4.8.1/../../../../avr/lib/avr6\libc.a(strrev.o)
                0x00006d80                strrev
 .text.avr-libc
                0x00006da0       0x64 c:/program files (x86)/atmel/atmel toolchain/avr8 gcc/native/3.4.1061/avr8-gnu-toolchain/bin/../lib/gcc/avr/4.8.1/../../../../avr/lib/avr6\libc.a(fputc.o)
                0x00006da0                fputc
 .text.avr-libc
                0x00006e04       0xbc c:/program files (x86)/atmel/atmel toolchain/avr8 gcc/native/3.4.1061/avr8-gnu-toolchain/bin/../lib/gcc/avr/4.8.1/../../../../avr/lib/avr6\libc.a(ultoa_invert.o)
                0x00006e04                __ultoa_invert
 .text.libgcc.mul
                0x00006ec0       0x14 c:/program files (x86)/atmel/atmel toolchain/avr8 gcc/native/3.4.1061/avr8-gnu-toolchain/bin/../lib/gcc/avr/4.8.1/avr6\libgcc.a(_muluhisi3.o)
                0x00006ec0                __muluhisi3
 .text.libgcc.mul
                0x00006ed4        0xc c:/program files (x86)/atmel/atmel toolchain/avr8 gcc/native/3.4.1061/avr8-gnu-toolchain/bin/../lib/gcc/avr/4.8.1/avr6\libgcc.a(_mulshisi3.o)
                0x00006ed4                __mulshisi3
                0x00006ed8                __mulohisi3
 .text.libgcc.mul
                0x00006ee0       0x1e c:/program files (x86)/atmel/atmel toolchain/avr8 gcc/native/3.4.1061/avr8-gnu-toolchain/bin/../lib/gcc/avr/4.8.1/avr6\libgcc.a(_umulhisi3.o)
                0x00006ee0                __umulhisi3
                0x00006efe                . = ALIGN (0x2)
 *(.fini9)
 .fini9         0x00006efe        0x0 c:/program files (x86)/atmel/atmel toolchain/avr8 gcc/native/3.4.1061/avr8-gnu-toolchain/bin/../lib/gcc/avr/4.8.1/avr6\libgcc.a(_exit.o)
                0x00006efe                _exit
                0x00006efe                exit
 *(.fini9)
 *(.fini8)
 *(.fini8)
 *(.fini7)
 *(.fini7)
 *(.fini6)
 *(.fini6)
 *(.fini5)
 *(.fini5)
 *(.fini4)
 *(.fini4)
 *(.fini3)
 *(.fini3)
 *(.fini2)
 *(.fini2)
 *(.fini1)
 *(.fini1)
 *(.fini0)
 .fini0         0x00006efe        0x4 c:/program files (x86)/atmel/atmel toolchain/avr8 gcc/native/3.4.1061/avr8-gnu-toolchain/bin/../lib/gcc/avr/4.8.1/avr6\libgcc.a(_exit.o)
 *(.fini0)
                0x00006f02                _etext = .

.data           0x00800200      0x362 load address 0x00006f02
                0x00800200                PROVIDE (__data_start, .)
 *(.data)
 .data          0x00800200        0x4 c:/program files (x86)/atmel/atmel toolchain/avr8 gcc/native/3.4.1061/avr8-gnu-toolchain/bin/../lib/gcc/avr/4.8.1/../../../../avr/lib/avr6\libc.a(random.o)
 *(.data*)
 .data.static_IP
                0x00800204        0x4 main.o
                0x00800204                static_IP
 .data.DHCP_Enable
                0x00800208        0x1 main.o
                0x00800208                DHCP_Enable
 .data.SNMP_VARS
                0x00800209       0x48 main.o
                0x00800209                SNMP_VARS
 .data.locLocation
                0x00800251       0x14 main.o
 .data.locName  0x00800265       0x14 main.o
 .data.locContact
                0x00800279       0x14 main.o
 .data.locObjectID
                0x0080028d       0x11 main.o
 .data.locDescr
                0x0080029e       0x11 main.o
 .data.Tcond_var
                0x008002af        0x4 main.o
                0x008002af                Tcond_var
 .data.Troom_var
                0x008002b3        0x4 main.o
                0x008002b3                Troom_var
 .data.Tair_var
                0x008002b7        0x4 main.o
                0x008002b7                Tair_var
 .data.Tfree2cond_var
                0x008002bb        0x4 main.o
                0x008002bb                Tfree2cond_var
 .data.Vega_SN  0x008002bf        0x2 main.o
                0x008002bf                Vega_SN
 .data.FreeCoolPort
                0x008002c1        0x2 main.o
                0x008002c1                FreeCoolPort
 .data.FreeCoolListenerIP
                0x008002c3        0x4 main.o
                0x008002c3                FreeCoolListenerIP
 .data.VacantTimer32Sys
                0x008002c7        0x1 main.o
                0x008002c7                VacantTimer32Sys
 .data.VacantTimer16Sys
                0x008002c8        0x1 main.o
                0x008002c8                VacantTimer16Sys
 .data.VacantTimer32
                0x008002c9        0x1 main.o
                0x008002c9                VacantTimer32
 .data.VacantTimer16
                0x008002ca        0x1 main.o
                0x008002ca                VacantTimer16
 *(.rodata)
 *(.rodata*)
 .rodata.str1.1
                0x008002cb      0x297 main.o
 *(.gnu.linkonce.d*)
                0x00800562                . = ALIGN (0x2)
                0x00800562                _edata = .
                0x00800562                PROVIDE (__data_end, .)

.bss            0x00800562      0xbb5
                0x00800562                PROVIDE (__bss_start, .)
 *(.bss)
 *(.bss*)
 .bss.state.4607
                0x00800562        0x1 main.o
 .bss.state.4586
                0x00800563        0x1 main.o
 .bss.clo.4535  0x00800564        0x2 main.o
 .bss.Timer.4534
                0x00800566        0x1 main.o
 .bss.state.4532
                0x00800567        0x1 main.o
 .bss.state.4243
                0x00800568        0x1 main.o
 .bss.state.3854
                0x00800569        0x1 main.o
 .bss.state.3784
                0x0080056a        0x1 main.o
 .bss.Timer.3418
                0x0080056b        0x1 main.o
 .bss.state.3416
                0x0080056c        0x1 main.o
 .bss.state.3286
                0x0080056d        0x1 main.o
 .bss.Timer.3257
                0x0080056e        0x1 main.o
 .bss.state.3255
                0x0080056f        0x1 main.o
 .bss.state.3235
                0x00800570        0x1 main.o
 .bss.state.3217
                0x00800571        0x1 main.o
 .bss.state.3200
                0x00800572        0x1 main.o
 .bss.state.3159
                0x00800573        0x1 main.o
 .bss.state.3140
                0x00800574        0x1 main.o
 .bss.Count.2730
                0x00800575        0x1 main.o
 .bss.Timer10ms.2163
                0x00800576        0x1 main.o
 .bss.state.1897
                0x00800577        0x1 main.o
 .bss.state.1879
                0x00800578        0x1 main.o
 .bss.state.1861
                0x00800579        0x1 main.o
 .bss.locUpTime
                0x0080057a        0x4 main.o
                0x0080057a                locUpTime
 .bss.ledstate  0x0080057e        0x4 main.o
                0x0080057e                ledstate
 .bss.count     0x00800582        0x1 main.o
                0x00800582                count
 .bss.TD_DHCP_lease_timer
                0x00800583        0x1 main.o
 .bss.TD_DHCP_response_timer
                0x00800584        0x1 main.o
 .bss.resetTEST_Counter
                0x00800585        0x4 main.o
                0x00800585                resetTEST_Counter
 .bss.TD_MB     0x00800589        0x1 main.o
 .bss.SlaveSkip
                0x0080058a        0x4 main.o
 .bss.Try       0x0080058e        0x1 main.o
 .bss.LastProcSingle
                0x0080058f        0x1 main.o
 .bss.MB_SingleQuery
                0x00800590        0x8 main.o
 .bss.MB_Err    0x00800598        0x1 main.o
 .bss.TickCounter
                0x00800599        0x1 main.o
 .bss.TD_Scan   0x0080059a        0x1 main.o
 .bss.Timer32Flg
                0x0080059b        0x6 main.o
 .bss.Timer16Flg
                0x008005a1        0xd main.o
 .bss.Timer8Flg
                0x008005ae        0xc main.o
 .bss.Timer8_ISR_Flg
                0x008005ba        0x2 main.o
 .bss.Timer32   0x008005bc       0xa0 main.o
 .bss.Timer16   0x0080065c       0xc0 main.o
 .bss.Timer8    0x0080071c       0x58 main.o
 .bss.Timer8_ISR
                0x00800774        0x8 main.o
 .bss.interru_enub_flg
                0x0080077c        0x1 main.o
 *(COMMON)
 COMMON         0x0080077d      0x99a main.o
                0x0080077d                pi4
                0x0080077f                MB_State
                0x00800780                GPRS_DATA
                0x008007be                _getCommName
                0x008007c0                rsize
                0x008007c2                _dhcpDhcpServerIp
                0x008007c6                _packet
                0x0080085f                _packetPos
                0x00800861                MB_M_TimeOff
                0x00800862                RBASE
                0x0080086a                _offset1
                0x0080086c                _dhcpLocalIp
                0x00800870                MB_NativeAddr
                0x00800871                _dhcpMacAddr
                0x00800877                _packetSize
                0x00800879                _responseTimeout
                0x0080087d                _getSize
                0x0080087f                _dhcpGatewayIp
                0x00800883                CurrSlave
                0x00800884                _dhcpLeaseTime
                0x00800888                CurrQuery
                0x00800889                get3idx
                0x0080088b                _port
                0x0080088d                _dstPort
                0x0080088f                _dhcpTransactionId
                0x00800893                MB_M_Period
                0x00800895                MB_SingleState
                0x00800896                Timer1min
                0x00800897                MaxScanCycle
                0x00800898                ptr
                0x0080089a                _dhcpT1
                0x0080089e                _dstIp
                0x008008a2                get2idx
                0x008008a4                _lastCheckLeaseMillis
                0x008008a8                MB_Master_MaxCycle
                0x008008aa                myMillisTimer
                0x008008ab                _remaining
                0x008008b3                _setSize
                0x008008b5                getidx
                0x008008b7                MB_M_Try
                0x008008b8                _dhcpT2
                0x008008bc                MB_Frame_Sz
                0x008008bd                ScanCycle
                0x008008be                _rebindInSec
                0x008008c2                LED_Timer
                0x008008c3                buf1
                0x00800927                oid
                0x00800967                ScanCount
                0x00800969                _offset2
                0x0080096b                MB_Master_Cycle
                0x0080096d                _dstType
                0x0080096e                MB_Coil
                0x00800972                SerialVal1
                0x00800974                LiveTime
                0x00800978                MB_BitRate_RAM
                0x00800979                ScanPerSec
                0x0080097b                data
                0x00800aa7                SerialVal2
                0x00800aa9                _timeout
                0x00800aad                ris1idx
                0x00800aaf                MB_InReg
                0x00800b4f                _setCommName
                0x00800b51                _dhcpInitialTransactionId
                0x00800b55                MemFail
                0x00800b56                SBASE
                0x00800b5e                buf
                0x00800f5e                Timer1s
                0x00800f5f                _dhcpSubnetMask
                0x00800f63                MB_M_Timeout
                0x00800f64                MB_TimerFlag
                0x00800f65                SlaveOff
                0x00800f69                _remotePort
                0x00800f71                _remoteIP
                0x00800f75                MB_CPT
                0x00800f85                respId
                0x00800f89                MB_Input
                0x00800f8d                _dhcpDnsServerIp
                0x00800f91                sockstat
                0x00800f92                _dhcp_state
                0x00800f93                _renewInSec
                0x00800f97                get1idx
                0x00800f99                get0idx
                0x00800f9b                _offset
                0x00800f9d                MB_HoldReg
                0x00801011                status
                0x00801012                risidx
                0x00801014                MB_Frame
                0x00801114                Timer1hour
                0x00801116                api_status
                0x00801117                PROVIDE (__bss_end, .)
                0x00006f02                __data_load_start = LOADADDR (.data)
                0x00007264                __data_load_end = (__data_load_start + SIZEOF (.data))

.noinit         0x00801117        0x0
                0x00801117                PROVIDE (__noinit_start, .)
 *(.noinit*)
                0x00801117                PROVIDE (__noinit_end, .)
                0x00801117                _end = .
                0x00801117                PROVIDE (__heap_start, .)

.eeprom         0x00810000       0x11
 *(.eeprom*)
 .eeprom        0x00810000       0x11 main.o
                0x00810005                MB_Param
                0x00810009                DateBackUp
                0x00810011                __eeprom_end = .

.fuse
 *(.fuse)
 *(.lfuse)
 *(.hfuse)
 *(.efuse)

.lock
 *(.lock*)

.signature
 *(.signature*)

.user_signatures
 *(.user_signatures*)

.stab
 *(.stab)

.stabstr
 *(.stabstr)

.stab.excl
 *(.stab.excl)

.stab.exclstr
 *(.stab.exclstr)

.stab.index
 *(.stab.index)

.stab.indexstr
 *(.stab.indexstr)

.comment        0x00000000       0x5c
 *(.comment)
 .comment       0x00000000       0x30 main.o
                                 0x31 (size before relaxing)
 .comment       0x00000000       0x31 c:/program files (x86)/atmel/atmel toolchain/avr8 gcc/native/3.4.1061/avr8-gnu-toolchain/bin/../lib/gcc/avr/4.8.1/../../../../avr/lib/avr6\libc.a(random.o)
 .comment       0x00000000       0x31 c:/program files (x86)/atmel/atmel toolchain/avr8 gcc/native/3.4.1061/avr8-gnu-toolchain/bin/../lib/gcc/avr/4.8.1/../../../../avr/lib/avr6\libc.a(sprintf.o)
 .comment       0x00000030       0x2c c:/program files (x86)/atmel/atmel toolchain/avr8 gcc/native/3.4.1061/avr8-gnu-toolchain/bin/../lib/gcc/avr/4.8.1/../../../../avr/lib/avr6\libc.a(vfprintf_std.o)
                                 0x2d (size before relaxing)
 .comment       0x00000000       0x31 c:/program files (x86)/atmel/atmel toolchain/avr8 gcc/native/3.4.1061/avr8-gnu-toolchain/bin/../lib/gcc/avr/4.8.1/../../../../avr/lib/avr6\libc.a(fputc.o)

.note.gnu.build-id
 *(.note.gnu.build-id)

.debug
 *(.debug)

.line
 *(.line)

.debug_srcinfo
 *(.debug_srcinfo)

.debug_sfnames
 *(.debug_sfnames)

.debug_aranges  0x00000000      0x7b0
 *(.debug_aranges)
 .debug_aranges
                0x00000000      0x7b0 main.o

.debug_pubnames
 *(.debug_pubnames)

.debug_info     0x00000000     0xbb61
 *(.debug_info .gnu.linkonce.wi.*)
 .debug_info    0x00000000     0xbb61 main.o

.debug_abbrev   0x00000000      0x9a1
 *(.debug_abbrev)
 .debug_abbrev  0x00000000      0x9a1 main.o

.debug_line     0x00000000     0x562d
 *(.debug_line .debug_line.* .debug_line_end)
 .debug_line    0x00000000     0x562d main.o

.debug_frame    0x00000000     0x1cd8
 *(.debug_frame)
 .debug_frame   0x00000000     0x1cd8 main.o

.debug_str      0x00000000     0x2413
 *(.debug_str)
 .debug_str     0x00000000     0x2413 main.o
                               0x25e3 (size before relaxing)

.debug_loc      0x00000000     0xbdc3
 *(.debug_loc)
 .debug_loc     0x00000000     0xbdc3 main.o

.debug_macinfo
 *(.debug_macinfo)

.debug_weaknames
 *(.debug_weaknames)

.debug_funcnames
 *(.debug_funcnames)

.debug_typenames
 *(.debug_typenames)

.debug_varnames
 *(.debug_varnames)

.debug_pubtypes
 *(.debug_pubtypes)

.debug_ranges   0x00000000      0xa38
 *(.debug_ranges)
 .debug_ranges  0x00000000      0xa38 main.o

.debug_macro
 *(.debug_macro)
OUTPUT(Ethernet_to_Serial.elf elf32-avr)
LOAD linker stubs
