Archive member included because of file (symbol)

c:/program files (x86)/atmel/atmel toolchain/avr8 gcc/native/3.4.1061/avr8-gnu-toolchain/bin/../lib/gcc/avr/4.8.1/../../../../avr/lib/avr6\libm.a(fixunssfsi.o)
                              main.o (__fixunssfsi)
c:/program files (x86)/atmel/atmel toolchain/avr8 gcc/native/3.4.1061/avr8-gnu-toolchain/bin/../lib/gcc/avr/4.8.1/../../../../avr/lib/avr6\libm.a(floatsisf.o)
                              main.o (__floatunsisf)
c:/program files (x86)/atmel/atmel toolchain/avr8 gcc/native/3.4.1061/avr8-gnu-toolchain/bin/../lib/gcc/avr/4.8.1/../../../../avr/lib/avr6\libm.a(fp_split3.o)
                              c:/program files (x86)/atmel/atmel toolchain/avr8 gcc/native/3.4.1061/avr8-gnu-toolchain/bin/../lib/gcc/avr/4.8.1/../../../../avr/lib/avr6\libm.a(fixunssfsi.o) (__fp_splitA)
c:/program files (x86)/atmel/atmel toolchain/avr8 gcc/native/3.4.1061/avr8-gnu-toolchain/bin/../lib/gcc/avr/4.8.1/../../../../avr/lib/avr6\libm.a(fp_zero.o)
                              c:/program files (x86)/atmel/atmel toolchain/avr8 gcc/native/3.4.1061/avr8-gnu-toolchain/bin/../lib/gcc/avr/4.8.1/../../../../avr/lib/avr6\libm.a(fixunssfsi.o) (__fp_zero)
c:/program files (x86)/atmel/atmel toolchain/avr8 gcc/native/3.4.1061/avr8-gnu-toolchain/bin/../lib/gcc/avr/4.8.1/../../../../avr/lib/avr6\libm.a(mulsf3.o)
                              main.o (__mulsf3)
c:/program files (x86)/atmel/atmel toolchain/avr8 gcc/native/3.4.1061/avr8-gnu-toolchain/bin/../lib/gcc/avr/4.8.1/../../../../avr/lib/avr6\libm.a(mulsf3x.o)
                              c:/program files (x86)/atmel/atmel toolchain/avr8 gcc/native/3.4.1061/avr8-gnu-toolchain/bin/../lib/gcc/avr/4.8.1/../../../../avr/lib/avr6\libm.a(mulsf3.o) (__mulsf3x)
c:/program files (x86)/atmel/atmel toolchain/avr8 gcc/native/3.4.1061/avr8-gnu-toolchain/bin/../lib/gcc/avr/4.8.1/../../../../avr/lib/avr6\libm.a(fp_inf.o)
                              c:/program files (x86)/atmel/atmel toolchain/avr8 gcc/native/3.4.1061/avr8-gnu-toolchain/bin/../lib/gcc/avr/4.8.1/../../../../avr/lib/avr6\libm.a(mulsf3x.o) (__fp_inf)
c:/program files (x86)/atmel/atmel toolchain/avr8 gcc/native/3.4.1061/avr8-gnu-toolchain/bin/../lib/gcc/avr/4.8.1/../../../../avr/lib/avr6\libm.a(fp_nan.o)
                              c:/program files (x86)/atmel/atmel toolchain/avr8 gcc/native/3.4.1061/avr8-gnu-toolchain/bin/../lib/gcc/avr/4.8.1/../../../../avr/lib/avr6\libm.a(mulsf3x.o) (__fp_nan)
c:/program files (x86)/atmel/atmel toolchain/avr8 gcc/native/3.4.1061/avr8-gnu-toolchain/bin/../lib/gcc/avr/4.8.1/../../../../avr/lib/avr6\libm.a(fp_pscA.o)
                              c:/program files (x86)/atmel/atmel toolchain/avr8 gcc/native/3.4.1061/avr8-gnu-toolchain/bin/../lib/gcc/avr/4.8.1/../../../../avr/lib/avr6\libm.a(mulsf3x.o) (__fp_pscA)
c:/program files (x86)/atmel/atmel toolchain/avr8 gcc/native/3.4.1061/avr8-gnu-toolchain/bin/../lib/gcc/avr/4.8.1/../../../../avr/lib/avr6\libm.a(fp_pscB.o)
                              c:/program files (x86)/atmel/atmel toolchain/avr8 gcc/native/3.4.1061/avr8-gnu-toolchain/bin/../lib/gcc/avr/4.8.1/../../../../avr/lib/avr6\libm.a(mulsf3x.o) (__fp_pscB)
c:/program files (x86)/atmel/atmel toolchain/avr8 gcc/native/3.4.1061/avr8-gnu-toolchain/bin/../lib/gcc/avr/4.8.1/../../../../avr/lib/avr6\libm.a(fp_round.o)
                              c:/program files (x86)/atmel/atmel toolchain/avr8 gcc/native/3.4.1061/avr8-gnu-toolchain/bin/../lib/gcc/avr/4.8.1/../../../../avr/lib/avr6\libm.a(mulsf3.o) (__fp_round)
c:/program files (x86)/atmel/atmel toolchain/avr8 gcc/native/3.4.1061/avr8-gnu-toolchain/bin/../lib/gcc/avr/4.8.1/avr6\libgcc.a(_divmodsi4.o)
                              main.o (__divmodsi4)
c:/program files (x86)/atmel/atmel toolchain/avr8 gcc/native/3.4.1061/avr8-gnu-toolchain/bin/../lib/gcc/avr/4.8.1/avr6\libgcc.a(_negsi2.o)
                              c:/program files (x86)/atmel/atmel toolchain/avr8 gcc/native/3.4.1061/avr8-gnu-toolchain/bin/../lib/gcc/avr/4.8.1/avr6\libgcc.a(_divmodsi4.o) (__negsi2)
c:/program files (x86)/atmel/atmel toolchain/avr8 gcc/native/3.4.1061/avr8-gnu-toolchain/bin/../lib/gcc/avr/4.8.1/avr6\libgcc.a(_exit.o)
                              c:/program files (x86)/atmel/atmel toolchain/avr8 gcc/native/3.4.1061/avr8-gnu-toolchain/bin/../lib/gcc/avr/4.8.1/../../../../avr/lib/avr6/crtm2561.o (exit)
c:/program files (x86)/atmel/atmel toolchain/avr8 gcc/native/3.4.1061/avr8-gnu-toolchain/bin/../lib/gcc/avr/4.8.1/avr6\libgcc.a(_tablejump.o)
                              main.o (__tablejump2__)
c:/program files (x86)/atmel/atmel toolchain/avr8 gcc/native/3.4.1061/avr8-gnu-toolchain/bin/../lib/gcc/avr/4.8.1/avr6\libgcc.a(_copy_data.o)
                              main.o (__do_copy_data)
c:/program files (x86)/atmel/atmel toolchain/avr8 gcc/native/3.4.1061/avr8-gnu-toolchain/bin/../lib/gcc/avr/4.8.1/avr6\libgcc.a(_clear_bss.o)
                              main.o (__do_clear_bss)
[...]
Memory Configuration

Name             Origin             Length             Attributes
text             0x00000000         0x00100000         xr
data             0x00800200         0x0000fe00         rw !x
eeprom           0x00810000         0x00010000         rw !x
fuse             0x00820000         0x00000400         rw !x
lock             0x00830000         0x00000400         rw !x
signature        0x00840000         0x00000400         rw !x
user_signatures  0x00850000         0x00000400         rw !x
*default*        0x00000000         0xffffffff

Linker script and memory map

Address of section .data set to 0x800200
LOAD c:/program files (x86)/atmel/atmel toolchain/avr8 gcc/native/3.4.1061/avr8-gnu-toolchain/bin/../lib/gcc/avr/4.8.1/../../../../avr/lib/avr6/crtm2561.o
LOAD main.o
START GROUP
LOAD c:/program files (x86)/atmel/atmel toolchain/avr8 gcc/native/3.4.1061/avr8-gnu-toolchain/bin/../lib/gcc/avr/4.8.1/../../../../avr/lib/avr6\libm.a
END GROUP
START GROUP
LOAD c:/program files (x86)/atmel/atmel toolchain/avr8 gcc/native/3.4.1061/avr8-gnu-toolchain/bin/../lib/gcc/avr/4.8.1/avr6\libgcc.a
LOAD c:/program files (x86)/atmel/atmel toolchain/avr8 gcc/native/3.4.1061/avr8-gnu-toolchain/bin/../lib/gcc/avr/4.8.1/../../../../avr/lib/avr6\libm.a
LOAD c:/program files (x86)/atmel/atmel toolchain/avr8 gcc/native/3.4.1061/avr8-gnu-toolchain/bin/../lib/gcc/avr/4.8.1/../../../../avr/lib/avr6\libc.a
END GROUP

.hash
 *(.hash)

.dynsym
 *(.dynsym)

.dynstr
 *(.dynstr)

.gnu.version
 *(.gnu.version)

.gnu.version_d
 *(.gnu.version_d)

.gnu.version_r
 *(.gnu.version_r)

.rel.init
 *(.rel.init)

.rela.init
 *(.rela.init)

.rel.text
 *(.rel.text)
 *(.rel.text.*)
 *(.rel.gnu.linkonce.t*)

.rela.text
 *(.rela.text)
 *(.rela.text.*)
 *(.rela.gnu.linkonce.t*)

.rel.fini
 *(.rel.fini)

.rela.fini
 *(.rela.fini)

.rel.rodata
 *(.rel.rodata)
 *(.rel.rodata.*)
 *(.rel.gnu.linkonce.r*)

.rela.rodata
 *(.rela.rodata)
 *(.rela.rodata.*)
 *(.rela.gnu.linkonce.r*)

.rel.data
 *(.rel.data)
 *(.rel.data.*)
 *(.rel.gnu.linkonce.d*)

.rela.data
 *(.rela.data)
 *(.rela.data.*)
 *(.rela.gnu.linkonce.d*)

.rel.ctors
 *(.rel.ctors)

.rela.ctors
 *(.rela.ctors)

.rel.dtors
 *(.rel.dtors)

.rela.dtors
 *(.rela.dtors)

.rel.got
 *(.rel.got)

.rela.got
 *(.rela.got)

.rel.bss
 *(.rel.bss)

.rela.bss
 *(.rela.bss)

.rel.plt
 *(.rel.plt)

.rela.plt
 *(.rela.plt)

.text           0x00000000     0x79b0
 *(.vectors)
 .vectors       0x00000000       0xcc c:/program files (x86)/atmel/atmel toolchain/avr8 gcc/native/3.4.1061/avr8-gnu-toolchain/bin/../lib/gcc/avr/4.8.1/../../../../avr/lib/avr6/crtm2561.o
                0x00000000                __vector_default
                0x00000000                __vectors
 *(.vectors)
 *(.progmem.gcc*)
 .progmem.gcc_sw_table.MB_S_Timer_ISR
                0x000000cc       0x20 main.o
 .progmem.gcc_sw_table.MB_M_Timer_ISR
                0x000000ec       0x20 main.o
 .progmem.gcc_sw_table.Modbus_TCP_Automat
                0x0000010c       0x20 main.o
                0x0000012c                . = ALIGN (0x2)
                0x0000012c                __trampolines_start = .
 *(.trampolines)
 .trampolines   0x0000012c        0x0 linker stubs
 *(.trampolines*)
                0x0000012c                __trampolines_end = .
 *(.progmem*)
 .progmem.data.aCRCLo.2502
                0x0000012c      0x100 main.o
 .progmem.data.aCRCHi.2501
                0x0000022c      0x100 main.o
 .progmem.data.MB_Master_List
                0x0000032c        0x3 main.o
                0x0000032c                MB_Master_List
 .progmem.data.MB_Slave_List
                0x0000032f        0x8 main.o
                0x0000032f                MB_Slave_List
 .progmem.data.DI8RO8_QUERRY
                0x00000337        0xe main.o
                0x00000337                DI8RO8_QUERRY
 .progmem.data.AI8AO4_QUERRY
                0x00000345        0xe main.o
                0x00000345                AI8AO4_QUERRY
 .progmem.data.MB_Timer
                0x00000353       0x12 main.o
 .progmem.data.MB_Port
                0x00000365       0x14 main.o
 .progmem.data.BR_Tbl
                0x00000379       0x1b main.o
                0x00000379                BR_Tbl
 .progmem.data.Modbus_Map
                0x00000394       0x10 main.o
                0x00000394                Modbus_Map
 .progmem.data.MB_Role
                0x000003a4        0x1 main.o
 .progmem.data  0x000003a5        0xc c:/program files (x86)/atmel/atmel toolchain/avr8 gcc/native/3.4.1061/avr8-gnu-toolchain/bin/../lib/gcc/avr/4.8.1/../../../../avr/lib/avr6\libc.a(vfscanf_std.o)
                0x000003b2                . = ALIGN (0x2)
 *fill*         0x000003b1        0x1 
 *(.jumptables)
 *(.jumptables*)
 *(.lowtext)
 *(.lowtext*)
                0x000003b2                __ctors_start = .
 *(.ctors)
                0x000003b2                __ctors_end = .
                0x000003b2                __dtors_start = .
 *(.dtors)
                0x000003b2                __dtors_end = .
 SORT(*)(.ctors)
 SORT(*)(.dtors)
 *(.init0)
 .init0         0x000003b2        0x0 c:/program files (x86)/atmel/atmel toolchain/avr8 gcc/native/3.4.1061/avr8-gnu-toolchain/bin/../lib/gcc/avr/4.8.1/../../../../avr/lib/avr6/crtm2561.o
                0x000003b2                __init
 *(.init0)
 *(.init1)
 *(.init1)
 *(.init2)
 .init2         0x000003b2       0x10 c:/program files (x86)/atmel/atmel toolchain/avr8 gcc/native/3.4.1061/avr8-gnu-toolchain/bin/../lib/gcc/avr/4.8.1/../../../../avr/lib/avr6/crtm2561.o
 *(.init2)
 *(.init3)
 *(.init3)
 *(.init4)
 .init4         0x000003c2       0x1a c:/program files (x86)/atmel/atmel toolchain/avr8 gcc/native/3.4.1061/avr8-gnu-toolchain/bin/../lib/gcc/avr/4.8.1/avr6\libgcc.a(_copy_data.o)
                0x000003c2                __do_copy_data
 .init4         0x000003dc       0x10 c:/program files (x86)/atmel/atmel toolchain/avr8 gcc/native/3.4.1061/avr8-gnu-toolchain/bin/../lib/gcc/avr/4.8.1/avr6\libgcc.a(_clear_bss.o)
                0x000003dc                __do_clear_bss
 *(.init4)
 *(.init5)
 *(.init5)
 *(.init6)
 *(.init6)
 *(.init7)
 *(.init7)
 *(.init8)
 *(.init8)
 *(.init9)
 .init9         0x000003ec        0x8 c:/program files (x86)/atmel/atmel toolchain/avr8 gcc/native/3.4.1061/avr8-gnu-toolchain/bin/../lib/gcc/avr/4.8.1/../../../../avr/lib/avr6/crtm2561.o
 *(.init9)
 *(.text)
 .text          0x000003f4        0x2 c:/program files (x86)/atmel/atmel toolchain/avr8 gcc/native/3.4.1061/avr8-gnu-toolchain/bin/../lib/gcc/avr/4.8.1/../../../../avr/lib/avr6/crtm2561.o
                0x000003f4                __vector_22
                0x000003f4                __vector_28
                0x000003f4                __vector_1
                0x000003f4                __vector_32
                0x000003f4                __vector_34
                0x000003f4                __vector_24
                0x000003f4                __vector_12
                0x000003f4                __vector_46
                0x000003f4                __bad_interrupt
                0x000003f4                __vector_6
                0x000003f4                __vector_31
                0x000003f4                __vector_35
                0x000003f4                __vector_39
                0x000003f4                __vector_3
                0x000003f4                __vector_23
                0x000003f4                __vector_30
                0x000003f4                __vector_45
                0x000003f4                __vector_11
                0x000003f4                __vector_19
                0x000003f4                __vector_7
                0x000003f4                __vector_49
                0x000003f4                __vector_41
                0x000003f4                __vector_43
                0x000003f4                __vector_5
                0x000003f4                __vector_33
                0x000003f4                __vector_47
                0x000003f4                __vector_4
                0x000003f4                __vector_44
                0x000003f4                __vector_9
                0x000003f4                __vector_2
                0x000003f4                __vector_15
                0x000003f4                __vector_29
                0x000003f4                __vector_40
                0x000003f4                __vector_8
                0x000003f4                __vector_48
                0x000003f4                __vector_14
                0x000003f4                __vector_10
                0x000003f4                __vector_50
                0x000003f4                __vector_16
                0x000003f4                __vector_18
                0x000003f4                __vector_20
                0x000003f6                . = ALIGN (0x2)
 *(.text.*)
 .text.rrb      0x000003f6        0x6 main.o
                0x000003f6                rrb
 .text.RS485_0  0x000003fc        0xa main.o
                0x000003fc                RS485_0
 .text.MB_LED0  0x00000406        0x2 main.o
                0x00000406                MB_LED0
 .text.MB_LED_Err_On_0
                0x00000408        0x2 main.o
                0x00000408                MB_LED_Err_On_0
 .text.MB_LED_Err_Off_0
                0x0000040a        0x2 main.o
                0x0000040a                MB_LED_Err_Off_0
 .text.StartTimer0
                0x0000040c       0x14 main.o
                0x0000040c                StartTimer0
 .text.StartTimer2
                0x00000420       0x18 main.o
                0x00000420                StartTimer2
 .text.StartTimer4
                0x00000438       0x16 main.o
                0x00000438                StartTimer4
 .text.erb      0x0000044e        0x6 main.o
                0x0000044e                erb
 .text.GetSlave
                0x00000454       0x30 main.o
 .text.MBRecept
                0x00000484       0x8c main.o
 .text.GetReg   0x00000510       0x78 main.o
 .text.MB_Timer_ISR
                0x00000588       0xc8 main.o
 .text.SPItransfer
                0x00000650        0xe main.o
                0x00000650                SPItransfer
 .text.W5100read
                0x0000065e       0x22 main.o
                0x0000065e                W5100read
 .text.W5100readBlock
                0x00000680       0x5a main.o
                0x00000680                W5100readBlock
 .text.W5100writeBlock
                0x000006da       0x58 main.o
                0x000006da                W5100writeBlock
 .text.W5100_init
                0x00000732       0xbc main.o
                0x00000732                W5100_init
 .text.W5100write
                0x000007ee       0x32 main.o
                0x000007ee                W5100write
 .text.W5100_SetMac
                0x00000820       0x4e main.o
                0x00000820                W5100_SetMac
 .text.W5100_SetIP
                0x0000086e       0x36 main.o
                0x0000086e                W5100_SetIP
 .text.W5100_SetGateway
                0x000008a4       0x36 main.o
                0x000008a4                W5100_SetGateway
 .text.W5100_SetMask
                0x000008da       0x36 main.o
                0x000008da                W5100_SetMask
 .text.readSn   0x00000910       0x10 main.o
                0x00000910                readSn
 .text.readSnTX_FSR
                0x00000920       0x2c main.o
 .text.readSnRX_RSR
                0x0000094c       0x2c main.o
 .text.writeSn  0x00000978       0x14 main.o
                0x00000978                writeSn
 .text.execCmdS0_Automat
                0x0000098c       0x62 main.o
                0x0000098c                execCmdS0_Automat
 .text.execCmdS1_Automat
                0x000009ee       0x62 main.o
                0x000009ee                execCmdS1_Automat
 .text.execCmdS2_Automat
                0x00000a50       0x62 main.o
                0x00000a50                execCmdS2_Automat
 .text.W5100_writeS0DPORT
                0x00000ab2       0x18 main.o
                0x00000ab2                W5100_writeS0DPORT
 .text.W5100_writeS0DIPR
                0x00000aca       0x2c main.o
                0x00000aca                W5100_writeS0DIPR
 .text.W5100_writeS1DPORT
                0x00000af6       0x18 main.o
                0x00000af6                W5100_writeS1DPORT
 .text.W5100_writeS1DIPR
                0x00000b0e       0x2c main.o
                0x00000b0e                W5100_writeS1DIPR
 .text.W5100_writeS2DPORT
                0x00000b3a       0x18 main.o
                0x00000b3a                W5100_writeS2DPORT
 .text.W5100_writeS2DIPR
                0x00000b52       0x2c main.o
                0x00000b52                W5100_writeS2DIPR
 .text.W5100_send_data_processing_offset
                0x00000b7e       0xc4 main.o
                0x00000b7e                W5100_send_data_processing_offset
 .text.W5100_getTXFreeSize
                0x00000c42       0x4a main.o
                0x00000c42                W5100_getTXFreeSize
 .text.bufferData
                0x00000c8c       0x40 main.o
                0x00000c8c                bufferData
 .text.printByte
                0x00000ccc       0x2c main.o
                0x00000ccc                printByte
 .text.IntOff   0x00000cf8       0x10 main.o
                0x00000cf8                IntOff
 .text.IntOn    0x00000d08       0x10 main.o
                0x00000d08                IntOn
 .text.WdtOn    0x00000d18       0x1a main.o
                0x00000d18                WdtOn
 .text.Timer16Alloc
                0x00000d32        0xe main.o
                0x00000d32                Timer16Alloc
 .text.StartTimer8
                0x00000d40       0x70 main.o
                0x00000d40                StartTimer8
 .text.StartTimer16
                0x00000db0       0x7a main.o
                0x00000db0                StartTimer16
 .text.SlavesOn
                0x00000e2a       0x36 main.o
 .text.NextSlave
                0x00000e60      0x13e main.o
 .text.FailSlave
                0x00000f9e       0xda main.o
 .text.StartTimer32
                0x00001078       0x90 main.o
                0x00001078                StartTimer32
 .text.Timer16Stopp
                0x00001108       0x4e main.o
                0x00001108                Timer16Stopp
 .text.Timer32Stopp
                0x00001156       0x5a main.o
                0x00001156                Timer32Stopp
 .text.TimeInit
                0x000011b0       0x6a main.o
                0x000011b0                TimeInit
 .text.__vector_17
                0x0000121a       0xdc main.o
                0x0000121a                __vector_17
 .text.TimersInc
                0x000012f6      0x1cc main.o
                0x000012f6                TimersInc
 .text.TimeCycle
                0x000014c2       0x3a main.o
                0x000014c2                TimeCycle
 .text.CRC_Seed
                0x000014fc       0x8e main.o
                0x000014fc                CRC_Seed
 .text.CRC      0x0000158a       0x10 main.o
                0x0000158a                CRC
 .text.CRC_EEPROM_calc
                0x0000159a       0x34 main.o
 .text.CRC_EEPROM_upd
                0x000015ce       0x16 main.o
 .text.ewb      0x000015e4        0x8 main.o
                0x000015e4                ewb
 .text.MB_PLC_Init
                0x000015ec        0x6 main.o
                0x000015ec                MB_PLC_Init
 .text.__vector_21
                0x000015f2       0x64 main.o
                0x000015f2                __vector_21
 .text.__vector_13
                0x00001656       0x68 main.o
                0x00001656                __vector_13
 .text.__vector_42
                0x000016be       0x68 main.o
                0x000016be                __vector_42
 .text.SetParity
                0x00001726       0x7c main.o
                0x00001726                SetParity
 .text.SetBAUD  0x000017a2       0x8e main.o
                0x000017a2                SetBAUD
 .text.MB_Transm
                0x00001830       0x84 main.o
                0x00001830                MB_Transm
 .text.Modbus_RX
                0x000018b4      0x108 main.o
                0x000018b4                Modbus_RX
 .text.CommErr  0x000019bc       0xe0 main.o
                0x000019bc                CommErr
 .text.SetCRC_MB
                0x00001a9c       0x36 main.o
                0x00001a9c                SetCRC_MB
 .text.MB_FrameReg
                0x00001ad2       0x28 main.o
                0x00001ad2                MB_FrameReg
 .text.FormData
                0x00001afa      0x212 main.o
 .text.FormQuery
                0x00001d0c       0x94 main.o
 .text.FormSingle
                0x00001da0       0x56 main.o
 .text.MB_S_Timer_ISR
                0x00001df6      0x730 main.o
                0x00001df6                MB_S_Timer_ISR
 .text.MB_S_Tx  0x00002526       0x18 main.o
                0x00002526                MB_S_Tx
 .text.MB_S_Init
                0x0000253e       0x1e main.o
                0x0000253e                MB_S_Init
 .text.MB_M_Init
                0x0000255c       0x80 main.o
                0x0000255c                MB_M_Init
 .text.MB_Init  0x000025dc       0x4e main.o
                0x000025dc                MB_Init
 .text.MB_M_Timer_ISR
                0x0000262a      0x57c main.o
                0x0000262a                MB_M_Timer_ISR
 .text.MB_M_Tx  0x00002ba6       0x18 main.o
                0x00002ba6                MB_M_Tx
 .text.Modbus_TX
                0x00002bbe      0x132 main.o
                0x00002bbe                Modbus_TX
 .text.MB_M_Cycle
                0x00002cf0      0x10e main.o
                0x00002cf0                MB_M_Cycle
 .text.MB_Cycle
                0x00002dfe       0x42 main.o
                0x00002dfe                MB_Cycle
 .text.SNMP_TO_MODUS
                0x00002e40       0x4a main.o
                0x00002e40                SNMP_TO_MODUS
 .text.MODUS_TO_SNMP
                0x00002e8a       0x4a main.o
                0x00002e8a                MODUS_TO_SNMP
 .text.USART_Cycle
                0x00002ed4        0x8 main.o
                0x00002ed4                USART_Cycle
 .text.__vector_25
                0x00002edc       0x54 main.o
                0x00002edc                __vector_25
 .text.__vector_27
                0x00002f30       0x52 main.o
                0x00002f30                __vector_27
 .text.__vector_26
                0x00002f82       0x52 main.o
                0x00002f82                __vector_26
 .text.__vector_36
                0x00002fd4       0x54 main.o
                0x00002fd4                __vector_36
 .text.__vector_38
                0x00003028       0x52 main.o
                0x00003028                __vector_38
 .text.__vector_37
                0x0000307a       0x52 main.o
                0x0000307a                __vector_37
 .text.UDPbegin0_Automat
                0x000030cc       0xa8 main.o
                0x000030cc                UDPbegin0_Automat
 .text.UDPbegin1_Automat
                0x00003174       0xa8 main.o
                0x00003174                UDPbegin1_Automat
 .text.startUDP
                0x0000321c       0x7c main.o
                0x0000321c                startUDP
 .text._dhcpUdpSocket_beginPacket
                0x00003298       0x12 main.o
                0x00003298                _dhcpUdpSocket_beginPacket
 .text._UDPtoSerialSocket_beginPacket
                0x000032aa       0x12 main.o
                0x000032aa                _UDPtoSerialSocket_beginPacket
 .text._dhcpUdpSocket_write
                0x000032bc       0x28 main.o
                0x000032bc                _dhcpUdpSocket_write
 .text._UDPtoSerialSocket_write
                0x000032e4       0x28 main.o
                0x000032e4                _UDPtoSerialSocket_write
 .text._UDPtoSerialSocket_endPacket_Automat
                0x0000330c       0x8e main.o
                0x0000330c                _UDPtoSerialSocket_endPacket_Automat
 .text._dhcpUdpSocket_endPacket_Automat
                0x0000339a       0x8e main.o
                0x0000339a                _dhcpUdpSocket_endPacket_Automat
 .text.UDPbegin2_Automat
                0x00003428       0xa8 main.o
                0x00003428                UDPbegin2_Automat
 .text._Socket2_beginPacket
                0x000034d0       0x12 main.o
                0x000034d0                _Socket2_beginPacket
 .text._Socket2_write
                0x000034e2       0x28 main.o
                0x000034e2                _Socket2_write
 .text.read_data
                0x0000350a       0x9e main.o
                0x0000350a                read_data
 .text.W5100_recv_data_processing
                0x000035a8       0x66 main.o
                0x000035a8                W5100_recv_data_processing
 .text.W5100_getRXReceivedSize
                0x0000360e       0x4e main.o
                0x0000360e                W5100_getRXReceivedSize
 .text.resetTEST
                0x0000365c       0x2c main.o
                0x0000365c                resetTEST
 .text._Socket2_endPacket_Automat
                0x00003688       0xca main.o
                0x00003688                _Socket2_endPacket_Automat
 .text.Socket2_sendmessage_Automat
                0x00003752       0x7a main.o
                0x00003752                Socket2_sendmessage_Automat
 .text.TEST_Automat
                0x000037cc      0x220 main.o
                0x000037cc                TEST_Automat
 .text.send_DHCP_MESSAGE
                0x000039ec      0x230 main.o
                0x000039ec                send_DHCP_MESSAGE
 .text.send_DHCP_MESSAGE_Automat
                0x00003c1c       0x5c main.o
                0x00003c1c                send_DHCP_MESSAGE_Automat
 .text.random1  0x00003c78       0x34 main.o
                0x00003c78                random1
 .text.SNMP_OID_toString
                0x00003cac      0x106 main.o
                0x00003cac                SNMP_OID_toString
 .text.SNMP_OID_fromString
                0x00003db2      0x230 main.o
                0x00003db2                SNMP_OID_fromString
 .text.clear    0x00003fe2       0x16 main.o
                0x00003fe2                clear
 .text.decodeOctetStringToString
                0x00003ff8      0x1ce main.o
                0x00003ff8                decodeOctetStringToString
 .text.decodeInt16toHoldReg
                0x000041c6       0x80 main.o
                0x000041c6                decodeInt16toHoldReg
 .text.encodeStringToOctetString
                0x00004246       0x96 main.o
                0x00004246                encodeStringToOctetString
 .text.encodeInt16ToInt
                0x000042dc       0x34 main.o
                0x000042dc                encodeInt16ToInt
 .text.encodeInt32ToInt32
                0x00004310       0x38 main.o
                0x00004310                encodeInt32ToInt32
 .text.encodeUint32ToUint32
                0x00004348       0x40 main.o
                0x00004348                encodeUint32ToUint32
 .text.GetOIDCount
                0x00004388       0x28 main.o
                0x00004388                GetOIDCount
 .text.GetNVal_FromOID_String
                0x000043b0       0xd6 main.o
                0x000043b0                GetNVal_FromOID_String
 .text.CompareOIDS
                0x00004486      0x156 main.o
                0x00004486                CompareOIDS
 .text.GetNextOid
                0x000045dc       0x4a main.o
                0x000045dc                GetNextOid
 .text.Encode   0x00004626       0x6e main.o
                0x00004626                Encode
 .text.Decode   0x00004694       0x3c main.o
                0x00004694                Decode
 .text.SNMP_responsePdu
                0x000046d0      0x342 main.o
                0x000046d0                SNMP_responsePdu
 .text.SNMP_responsePduGetBulk
                0x00004a12      0x470 main.o
                0x00004a12                SNMP_responsePduGetBulk
 .text.SNMP_VARS_Processing
                0x00004e82      0x172 main.o
                0x00004e82                SNMP_VARS_Processing
 .text.Webserver_recv_size
                0x00004ff4       0x28 main.o
                0x00004ff4                Webserver_recv_size
 .text.WebserverSocket_close
                0x0000501c       0x18 main.o
                0x0000501c                WebserverSocket_close
 .text.WebserverSocketOpen
                0x00005034       0x6a main.o
                0x00005034                WebserverSocketOpen
 .text.Webserver_listen
                0x0000509e       0x3c main.o
                0x0000509e                Webserver_listen
 .text.Webserver_recv
                0x000050da       0xcc main.o
                0x000050da                Webserver_recv
 .text.WebserverSocket_disconnect
                0x000051a6       0x18 main.o
                0x000051a6                WebserverSocket_disconnect
 .text.Webserver_send
                0x000051be      0x142 main.o
                0x000051be                Webserver_send
 .text.SendErrorWrongAddress
                0x00005300       0x16 main.o
                0x00005300                SendErrorWrongAddress
 .text.ModbusTCPRun
                0x00005316      0x5de main.o
                0x00005316                ModbusTCPRun
 .text.SetFC    0x000058f4       0x52 main.o
                0x000058f4                SetFC
 .text.Modbus_TCP_Automat
                0x00005946      0x25a main.o
                0x00005946                Modbus_TCP_Automat
 .text.Ethernet_Automat
                0x00005ba0      0x12c main.o
                0x00005ba0                Ethernet_Automat
 .text.resetEthernet
                0x00005ccc        0x6 main.o
                0x00005ccc                resetEthernet
 .text.execCmdSn
                0x00005cd2       0x3c main.o
                0x00005cd2                execCmdSn
 .text.recv     0x00005d0e       0x74 main.o
                0x00005d0e                recv
 .text.UDP_read
                0x00005d82       0x66 main.o
                0x00005d82                UDP_read
 .text._dhcpUdpSocket_read
                0x00005de8        0x6 main.o
                0x00005de8                _dhcpUdpSocket_read
 .text.UDP_parsePacket
                0x00005dee       0xf2 main.o
                0x00005dee                UDP_parsePacket
 .text._dhcpUdpSocket_parsePacket
                0x00005ee0        0x6 main.o
                0x00005ee0                _dhcpUdpSocket_parsePacket
 .text._UDPtoSerialSocket_parsePacket
                0x00005ee6        0x6 main.o
                0x00005ee6                _UDPtoSerialSocket_parsePacket
 .text._dhcpUdpSocket_readBlock
                0x00005eec       0x50 main.o
                0x00005eec                _dhcpUdpSocket_readBlock
 .text.parseDHCPResponse
                0x00005f3c      0x466 main.o
                0x00005f3c                parseDHCPResponse
 .text.DHCP_automat
                0x000063a2      0x35a main.o
                0x000063a2                DHCP_automat
 .text._SNMPSocket_read
                0x000066fc       0x50 main.o
                0x000066fc                _SNMPSocket_read
 .text.SNMP_requestPdu
                0x0000674c      0x61c main.o
                0x0000674c                SNMP_requestPdu
 .text.pduReceived
                0x00006d68      0x13e main.o
                0x00006d68                pduReceived
 .text.SNMP_Automat
                0x00006ea6       0xd2 main.o
                0x00006ea6                SNMP_Automat
 .text.LED_Cycle
                0x00006f78       0x32 main.o
                0x00006f78                LED_Cycle
 .text.sysInit  0x00006faa       0x24 main.o
                0x00006faa                sysInit
 .text.sysCycle
                0x00006fce        0xa main.o
                0x00006fce                sysCycle
 .text.main     0x00006fd8       0x24 main.o
                0x00006fd8                main
 .text.libgcc.div
                0x00006ffc       0x28 c:/program files (x86)/atmel/atmel toolchain/avr8 gcc/native/3.4.1061/avr8-gnu-toolchain/bin/../lib/gcc/avr/4.8.1/avr6\libgcc.a(_divmodsi4.o)
                0x00006ffc                __divmodsi4
 .text.libgcc.div
                0x00007024       0x10 c:/program files (x86)/atmel/atmel toolchain/avr8 gcc/native/3.4.1061/avr8-gnu-toolchain/bin/../lib/gcc/avr/4.8.1/avr6\libgcc.a(_negsi2.o)
                0x00007024                __negsi2
 .text.libgcc   0x00007034        0xc c:/program files (x86)/atmel/atmel toolchain/avr8 gcc/native/3.4.1061/avr8-gnu-toolchain/bin/../lib/gcc/avr/4.8.1/avr6\libgcc.a(_tablejump.o)
                0x00007034                __tablejump2__
                0x00007038                __tablejump__
 .text.libgcc.mul
                0x00007040       0x14 c:/program files (x86)/atmel/atmel toolchain/avr8 gcc/native/3.4.1061/avr8-gnu-toolchain/bin/../lib/gcc/avr/4.8.1/avr6\libgcc.a(_muluhisi3.o)
                0x00007040                __muluhisi3
 .text.libgcc.div
                0x00007054       0x44 c:/program files (x86)/atmel/atmel toolchain/avr8 gcc/native/3.4.1061/avr8-gnu-toolchain/bin/../lib/gcc/avr/4.8.1/avr6\libgcc.a(_udivmodsi4.o)
                0x00007054                __udivmodsi4
 .text.libgcc.mul
                0x00007098       0x1e c:/program files (x86)/atmel/atmel toolchain/avr8 gcc/native/3.4.1061/avr8-gnu-toolchain/bin/../lib/gcc/avr/4.8.1/avr6\libgcc.a(_umulhisi3.o)
                0x00007098                __umulhisi3
 .text.avr-libc
                0x000070b6       0xac c:/program files (x86)/atmel/atmel toolchain/avr8 gcc/native/3.4.1061/avr8-gnu-toolchain/bin/../lib/gcc/avr/4.8.1/../../../../avr/lib/avr6\libc.a(random.o)
                0x00007148                random_r
                0x0000714a                random
                0x00007150                srandom
 .text.avr-libc
                0x00007162       0x3a c:/program files (x86)/atmel/atmel toolchain/avr8 gcc/native/3.4.1061/avr8-gnu-toolchain/bin/../lib/gcc/avr/4.8.1/../../../../avr/lib/avr6\libc.a(atoi.o)
                0x00007162                atoi
 .text.avr-libc
                0x0000719c       0x4c c:/program files (x86)/atmel/atmel toolchain/avr8 gcc/native/3.4.1061/avr8-gnu-toolchain/bin/../lib/gcc/avr/4.8.1/../../../../avr/lib/avr6\libc.a(atol.o)
                0x0000719c                atol
 .text.avr-libc
                0x000071e8       0x1a c:/program files (x86)/atmel/atmel toolchain/avr8 gcc/native/3.4.1061/avr8-gnu-toolchain/bin/../lib/gcc/avr/4.8.1/../../../../avr/lib/avr6\libc.a(memcmp.o)
                0x000071e8                memcmp
 .text.avr-libc
                0x00007202       0x16 c:/program files (x86)/atmel/atmel toolchain/avr8 gcc/native/3.4.1061/avr8-gnu-toolchain/bin/../lib/gcc/avr/4.8.1/../../../../avr/lib/avr6\libc.a(strcat.o)
                0x00007202                strcat
 .text.avr-libc
                0x00007218       0x12 c:/program files (x86)/atmel/atmel toolchain/avr8 gcc/native/3.4.1061/avr8-gnu-toolchain/bin/../lib/gcc/avr/4.8.1/../../../../avr/lib/avr6\libc.a(strcmp.o)
                0x00007218                strcmp
 .text.avr-libc
                0x0000722a       0x2a c:/program files (x86)/atmel/atmel toolchain/avr8 gcc/native/3.4.1061/avr8-gnu-toolchain/bin/../lib/gcc/avr/4.8.1/../../../../avr/lib/avr6\libc.a(mulsi10.o)
                0x0000722a                __mulsi_const_10
 .text.avr-libc
                0x00007254       0x10 c:/program files (x86)/atmel/atmel toolchain/avr8 gcc/native/3.4.1061/avr8-gnu-toolchain/bin/../lib/gcc/avr/4.8.1/../../../../avr/lib/avr6\libc.a(mul10.o)
                0x00007254                __mulhi_const_10
 .text.avr-libc
                0x00007264       0x32 c:/program files (x86)/atmel/atmel toolchain/avr8 gcc/native/3.4.1061/avr8-gnu-toolchain/bin/../lib/gcc/avr/4.8.1/../../../../avr/lib/avr6\libc.a(utoa_ncheck.o)
                0x00007264                __utoa_ncheck
                0x00007266                __utoa_common
 .text.avr-libc
                0x00007296       0x42 c:/program files (x86)/atmel/atmel toolchain/avr8 gcc/native/3.4.1061/avr8-gnu-toolchain/bin/../lib/gcc/avr/4.8.1/../../../../avr/lib/avr6\libc.a(sscanf.o)
                0x00007296                sscanf
 .text.avr-libc
                0x000072d8      0x572 c:/program files (x86)/atmel/atmel toolchain/avr8 gcc/native/3.4.1061/avr8-gnu-toolchain/bin/../lib/gcc/avr/4.8.1/../../../../avr/lib/avr6\libc.a(vfscanf_std.o)
                0x000075f8                vfscanf
 .text.avr-libc
                0x0000784a       0x20 c:/program files (x86)/atmel/atmel toolchain/avr8 gcc/native/3.4.1061/avr8-gnu-toolchain/bin/../lib/gcc/avr/4.8.1/../../../../avr/lib/avr6\libc.a(eerd_block_atmega2561.o)
                0x0000784a                __eerd_block_m2561
                0x0000784e                __eerd_blraw_m2561
 .text.avr-libc
                0x0000786a       0x10 c:/program files (x86)/atmel/atmel toolchain/avr8 gcc/native/3.4.1061/avr8-gnu-toolchain/bin/../lib/gcc/avr/4.8.1/../../../../avr/lib/avr6\libc.a(eerd_byte_atmega2561.o)
                0x0000786a                __eerd_byte_m2561
 .text.avr-libc
                0x0000787a        0xa c:/program files (x86)/atmel/atmel toolchain/avr8 gcc/native/3.4.1061/avr8-gnu-toolchain/bin/../lib/gcc/avr/4.8.1/../../../../avr/lib/avr6\libc.a(eerd_word_atmega2561.o)
                0x0000787a                __eerd_word_m2561
 .text.avr-libc
                0x00007884       0x1c c:/program files (x86)/atmel/atmel toolchain/avr8 gcc/native/3.4.1061/avr8-gnu-toolchain/bin/../lib/gcc/avr/4.8.1/../../../../avr/lib/avr6\libc.a(eewr_byte_atmega2561.o)
                0x00007884                __eewr_byte_m2561
                0x00007886                __eewr_r18_m2561
 .text.avr-libc
                0x000078a0        0x6 c:/program files (x86)/atmel/atmel toolchain/avr8 gcc/native/3.4.1061/avr8-gnu-toolchain/bin/../lib/gcc/avr/4.8.1/../../../../avr/lib/avr6\libc.a(eewr_word_atmega2561.o)
                0x000078a0                __eewr_word_m2561
 .text.avr-libc
                0x000078a6       0x10 c:/program files (x86)/atmel/atmel toolchain/avr8 gcc/native/3.4.1061/avr8-gnu-toolchain/bin/../lib/gcc/avr/4.8.1/../../../../avr/lib/avr6\libc.a(isspace.o)
                0x000078a6                isspace
 .text.avr-libc
                0x000078b6       0x16 c:/program files (x86)/atmel/atmel toolchain/avr8 gcc/native/3.4.1061/avr8-gnu-toolchain/bin/../lib/gcc/avr/4.8.1/../../../../avr/lib/avr6\libc.a(strchr_P.o)
                0x000078b6                strchr_P
 .text.avr-libc
                0x000078cc       0x20 c:/program files (x86)/atmel/atmel toolchain/avr8 gcc/native/3.4.1061/avr8-gnu-toolchain/bin/../lib/gcc/avr/4.8.1/../../../../avr/lib/avr6\libc.a(strrev.o)
                0x000078cc                strrev
 .text.avr-libc
                0x000078ec       0x7c c:/program files (x86)/atmel/atmel toolchain/avr8 gcc/native/3.4.1061/avr8-gnu-toolchain/bin/../lib/gcc/avr/4.8.1/../../../../avr/lib/avr6\libc.a(fgetc.o)
                0x000078ec                fgetc
 .text.avr-libc
                0x00007968       0x32 c:/program files (x86)/atmel/atmel toolchain/avr8 gcc/native/3.4.1061/avr8-gnu-toolchain/bin/../lib/gcc/avr/4.8.1/../../../../avr/lib/avr6\libc.a(ungetc.o)
                0x00007968                ungetc
 .text.avr-libc
                0x0000799a        0x6 c:/program files (x86)/atmel/atmel toolchain/avr8 gcc/native/3.4.1061/avr8-gnu-toolchain/bin/../lib/gcc/avr/4.8.1/../../../../avr/lib/avr6\libc.a(cty_isfalse.o)
                0x0000799a                __ctype_isfalse
                0x0000799e                __ctype_istrue
 .text.libgcc.mul
                0x000079a0        0xc c:/program files (x86)/atmel/atmel toolchain/avr8 gcc/native/3.4.1061/avr8-gnu-toolchain/bin/../lib/gcc/avr/4.8.1/avr6\libgcc.a(_mulshisi3.o)
                0x000079a0                __mulshisi3
                0x000079a4                __mulohisi3
                0x000079ac                . = ALIGN (0x2)
 *(.fini9)
 .fini9         0x000079ac        0x0 c:/program files (x86)/atmel/atmel toolchain/avr8 gcc/native/3.4.1061/avr8-gnu-toolchain/bin/../lib/gcc/avr/4.8.1/avr6\libgcc.a(_exit.o)
                0x000079ac                _exit
                0x000079ac                exit
 *(.fini9)
 *(.fini8)
 *(.fini8)
 *(.fini7)
 *(.fini7)
 *(.fini6)
 *(.fini6)
 *(.fini5)
 *(.fini5)
 *(.fini4)
 *(.fini4)
 *(.fini3)
 *(.fini3)
 *(.fini2)
 *(.fini2)
 *(.fini1)
 *(.fini1)
 *(.fini0)
 .fini0         0x000079ac        0x4 c:/program files (x86)/atmel/atmel toolchain/avr8 gcc/native/3.4.1061/avr8-gnu-toolchain/bin/../lib/gcc/avr/4.8.1/avr6\libgcc.a(_exit.o)
 *(.fini0)
                0x000079b0                _etext = .

.data           0x00800200      0x4ac load address 0x000079b0
                0x00800200                PROVIDE (__data_start, .)
 *(.data)
 .data          0x00800200        0x4 c:/program files (x86)/atmel/atmel toolchain/avr8 gcc/native/3.4.1061/avr8-gnu-toolchain/bin/../lib/gcc/avr/4.8.1/../../../../avr/lib/avr6\libc.a(random.o)
 *(.data*)
 .data.static_dhcpSubnetMask
                0x00800204        0x4 main.o
                0x00800204                static_dhcpSubnetMask
 .data.static_dhcpGatewayIp
                0x00800208        0x4 main.o
                0x00800208                static_dhcpGatewayIp
 .data.static_IP
                0x0080020c        0x4 main.o
                0x0080020c                static_IP
 .data.DHCP_Enable
                0x00800210        0x1 main.o
                0x00800210                DHCP_Enable
 .data.SNMP_VARS
                0x00800211       0xf5 main.o
                0x00800211                SNMP_VARS
 .data.locServices
                0x00800306        0x4 main.o
 .data.locLocation
                0x0080030a       0x14 main.o
 .data.locName  0x0080031e       0x14 main.o
 .data.locContact
                0x00800332       0x14 main.o
 .data.locObjectID
                0x00800346       0x11 main.o
 .data.locDescr
                0x00800357       0x11 main.o
 .data.Vega_SN  0x00800368        0x2 main.o
                0x00800368                Vega_SN
 .data.FreeCoolPort
                0x0080036a        0x2 main.o
                0x0080036a                FreeCoolPort
 .data.FreeCoolListenerIP
                0x0080036c        0x4 main.o
                0x0080036c                FreeCoolListenerIP
 .data.VacantTimer32Sys
                0x00800370        0x1 main.o
                0x00800370                VacantTimer32Sys
 .data.VacantTimer16Sys
                0x00800371        0x1 main.o
                0x00800371                VacantTimer16Sys
 .data.VacantTimer16
                0x00800372        0x1 main.o
                0x00800372                VacantTimer16
 *(.rodata)
 *(.rodata*)
 .rodata.str1.1
                0x00800373      0x339 main.o
 *(.gnu.linkonce.d*)
                0x008006ac                . = ALIGN (0x2)
                0x008006ac                _edata = .
                0x008006ac                PROVIDE (__data_end, .)

.bss            0x008006ac      0xb7d
                0x008006ac                PROVIDE (__bss_start, .)
 *(.bss)
 *(.bss*)
 .bss.state.4806
                0x008006ac        0x1 main.o
 .bss.state.4785
                0x008006ad        0x1 main.o
 .bss.clo.4742  0x008006ae        0x4 main.o
 .bss.Timer.4741
                0x008006b2        0x1 main.o
 .bss.state.4739
                0x008006b3        0x1 main.o
 .bss.state.4557
                0x008006b4        0x1 main.o
 .bss.state.3873
                0x008006b5        0x1 main.o
 .bss.state.3803
                0x008006b6        0x1 main.o
 .bss.Timer.3434
                0x008006b7        0x1 main.o
 .bss.state.3432
                0x008006b8        0x1 main.o
 .bss.state.3309
                0x008006b9        0x1 main.o
 .bss.Timer.3280
                0x008006ba        0x1 main.o
 .bss.state.3278
                0x008006bb        0x1 main.o
 .bss.state.3258
                0x008006bc        0x1 main.o
 .bss.state.3240
                0x008006bd        0x1 main.o
 .bss.state.3223
                0x008006be        0x1 main.o
 .bss.state.3182
                0x008006bf        0x1 main.o
 .bss.state.3163
                0x008006c0        0x1 main.o
 .bss.Count.2734
                0x008006c1        0x1 main.o
 .bss.Timer10ms.2165
                0x008006c2        0x1 main.o
 .bss.state.1899
                0x008006c3        0x1 main.o
 .bss.state.1881
                0x008006c4        0x1 main.o
 .bss.state.1863
                0x008006c5        0x1 main.o
 .bss.locUpTime
                0x008006c6        0x4 main.o
                0x008006c6                locUpTime
 .bss.count     0x008006ca        0x1 main.o
                0x008006ca                count
 .bss.TD_DHCP_lease_timer
                0x008006cb        0x1 main.o
 .bss.TD_DHCP_response_timer
                0x008006cc        0x1 main.o
 .bss.resetTEST_Counter
                0x008006cd        0x4 main.o
                0x008006cd                resetTEST_Counter
 .bss.TD_MB     0x008006d1        0x1 main.o
 .bss.SlaveSkip
                0x008006d2        0x4 main.o
 .bss.Try       0x008006d6        0x1 main.o
 .bss.LastProcSingle
                0x008006d7        0x1 main.o
 .bss.MB_SingleQuery
                0x008006d8        0x8 main.o
 .bss.MB_Err    0x008006e0        0x1 main.o
 .bss.TickCounter
                0x008006e1        0x1 main.o
 .bss.TD_Scan   0x008006e2        0x1 main.o
 .bss.Timer32Flg
                0x008006e3        0x6 main.o
 .bss.Timer16Flg
                0x008006e9        0xd main.o
 .bss.Timer8Flg
                0x008006f6        0xc main.o
 .bss.Timer8_ISR_Flg
                0x00800702        0x2 main.o
 .bss.Timer32   0x00800704       0xa0 main.o
 .bss.Timer16   0x008007a4       0xc0 main.o
 .bss.Timer8    0x00800864       0x58 main.o
 .bss.Timer8_ISR
                0x008008bc        0x8 main.o
 .bss.interru_enub_flg
                0x008008c4        0x1 main.o
 *(COMMON)
 COMMON         0x008008c5      0x964 main.o
                0x008008c5                pi4
                0x008008c7                MB_State
                0x008008c8                GPRS_DATA
                0x00800906                MB_Coil_Vars
                0x00800916                _getCommName
                0x00800918                rsize
                0x0080091a                _dhcpDhcpServerIp
                0x0080091e                _packet
                0x008009b7                _packetPos
                0x008009b9                MB_M_TimeOff
                0x008009ba                RBASE
                0x008009c2                _offset1
                0x008009c4                _dhcpLocalIp
                0x008009c8                BulkValuesCount
                0x008009c9                MB_NativeAddr
                0x008009ca                _dhcpMacAddr
                0x008009d0                _packetSize
                0x008009d2                _responseTimeout
                0x008009d6                _getSize
                0x008009d8                _dhcpGatewayIp
                0x008009dc                CurrSlave
                0x008009dd                _dhcpLeaseTime
                0x008009e1                CurrQuery
                0x008009e2                get3idx
                0x008009e4                _port
                0x008009e6                _dstPort
                0x008009e8                _dhcpTransactionId
                0x008009ec                MB_M_Period
                0x008009ee                MB_SingleState
                0x008009ef                Timer1min
                0x008009f0                MaxScanCycle
                0x008009f1                ptr
                0x008009f3                _dhcpT1
                0x008009f7                _dstIp
                0x008009fb                get2idx
                0x008009fd                _lastCheckLeaseMillis
                0x00800a01                MB_Master_MaxCycle
                0x00800a03                _remaining
                0x00800a0b                _setSize
                0x00800a0d                BulkValuesIndexes
                0x00800a21                getidx
                0x00800a23                MB_Input_Vars
                0x00800a33                MB_M_Try
                0x00800a34                _dhcpT2
                0x00800a38                MB_Frame_Sz
                0x00800a39                ScanCycle
                0x00800a3a                _rebindInSec
                0x00800a3e                LED_Timer
                0x00800a3f                buf1
                0x00800aa3                C
                0x00800b23                oid
                0x00800b63                ScanCount
                0x00800b65                _offset2
                0x00800b67                MB_Master_Cycle
                0x00800b69                _dstType
                0x00800b6a                MB_Coil
                0x00800b6b                SerialVal1
                0x00800b6d                LiveTime
                0x00800b71                MB_BitRate_RAM
                0x00800b72                ScanPerSec
                0x00800b74                data
                0x00800ca0                SerialVal2
                0x00800ca2                _timeout
                0x00800ca6                ris1idx
                0x00800ca8                MB_InReg
                0x00800cb8                _setCommName
                0x00800cba                R
                0x00800cc2                _dhcpInitialTransactionId
                0x00800cc6                MemFail
                0x00800cc7                SBASE
                0x00800ccf                buf
                0x008010cf                Timer1s
                0x008010d0                _dhcpSubnetMask
                0x008010d4                MB_M_Timeout
                0x008010d5                MB_TimerFlag
                0x008010d6                SlaveOff
                0x008010da                _remotePort
                0x008010e2                _remoteIP
                0x008010e6                MB_CPT
                0x008010f6                respId
                0x008010fa                MB_Input
                0x008010fb                _dhcpDnsServerIp
                0x008010ff                sockstat
                0x00801100                _dhcp_state
                0x00801101                _renewInSec
                0x00801105                get1idx
                0x00801107                get0idx
                0x00801109                _offset
                0x0080110b                MB_HoldReg
                0x00801113                status
                0x00801114                risidx
                0x00801116                MB_Frame
                0x00801216                Timer1hour
                0x00801218                api_status
                0x00801219                IR
                0x00801229                PROVIDE (__bss_end, .)
                0x000079b0                __data_load_start = LOADADDR (.data)
                0x00007e5c                __data_load_end = (__data_load_start + SIZEOF (.data))

.noinit         0x00801229        0x0
                0x00801229                PROVIDE (__noinit_start, .)
 *(.noinit*)
                0x00801229                PROVIDE (__noinit_end, .)
                0x00801229                _end = .
                0x00801229                PROVIDE (__heap_start, .)

.eeprom         0x00810000       0x11
 *(.eeprom*)
 .eeprom        0x00810000       0x11 main.o
                0x00810005                MB_Param
                0x00810009                DateBackUp
                0x00810011                __eeprom_end = .

.fuse
 *(.fuse)
 *(.lfuse)
 *(.hfuse)
 *(.efuse)

.lock
 *(.lock*)

.signature
 *(.signature*)

.user_signatures
 *(.user_signatures*)

.stab
 *(.stab)

.stabstr
 *(.stabstr)

.stab.excl
 *(.stab.excl)

.stab.exclstr
 *(.stab.exclstr)

.stab.index
 *(.stab.index)

.stab.indexstr
 *(.stab.indexstr)

.comment        0x00000000       0x5c
 *(.comment)
 .comment       0x00000000       0x30 main.o
                                 0x31 (size before relaxing)
 .comment       0x00000000       0x31 c:/program files (x86)/atmel/atmel toolchain/avr8 gcc/native/3.4.1061/avr8-gnu-toolchain/bin/../lib/gcc/avr/4.8.1/../../../../avr/lib/avr6\libc.a(random.o)
 .comment       0x00000000       0x31 c:/program files (x86)/atmel/atmel toolchain/avr8 gcc/native/3.4.1061/avr8-gnu-toolchain/bin/../lib/gcc/avr/4.8.1/../../../../avr/lib/avr6\libc.a(sscanf.o)
 .comment       0x00000030       0x2c c:/program files (x86)/atmel/atmel toolchain/avr8 gcc/native/3.4.1061/avr8-gnu-toolchain/bin/../lib/gcc/avr/4.8.1/../../../../avr/lib/avr6\libc.a(vfscanf_std.o)
                                 0x2d (size before relaxing)
 .comment       0x00000000       0x31 c:/program files (x86)/atmel/atmel toolchain/avr8 gcc/native/3.4.1061/avr8-gnu-toolchain/bin/../lib/gcc/avr/4.8.1/../../../../avr/lib/avr6\libc.a(fgetc.o)
 .comment       0x00000000       0x31 c:/program files (x86)/atmel/atmel toolchain/avr8 gcc/native/3.4.1061/avr8-gnu-toolchain/bin/../lib/gcc/avr/4.8.1/../../../../avr/lib/avr6\libc.a(ungetc.o)

.note.gnu.build-id
 *(.note.gnu.build-id)

.debug
 *(.debug)

.line
 *(.line)

.debug_srcinfo
 *(.debug_srcinfo)

.debug_sfnames
 *(.debug_sfnames)

.debug_aranges  0x00000000      0x810
 *(.debug_aranges)
 .debug_aranges
                0x00000000      0x810 main.o

.debug_pubnames
 *(.debug_pubnames)

.debug_info     0x00000000     0xc847
 *(.debug_info .gnu.linkonce.wi.*)
 .debug_info    0x00000000     0xc847 main.o

.debug_abbrev   0x00000000      0x95e
 *(.debug_abbrev)
 .debug_abbrev  0x00000000      0x95e main.o

.debug_line     0x00000000     0x5f1d
 *(.debug_line .debug_line.* .debug_line_end)
 .debug_line    0x00000000     0x5f1d main.o

.debug_frame    0x00000000     0x1ebc
 *(.debug_frame)
 .debug_frame   0x00000000     0x1ebc main.o

.debug_str      0x00000000     0x265c
 *(.debug_str)
 .debug_str     0x00000000     0x265c main.o
                               0x2850 (size before relaxing)

.debug_loc      0x00000000     0xde9d
 *(.debug_loc)
 .debug_loc     0x00000000     0xde9d main.o

.debug_macinfo
 *(.debug_macinfo)

.debug_weaknames
 *(.debug_weaknames)

.debug_funcnames
 *(.debug_funcnames)

.debug_typenames
 *(.debug_typenames)

.debug_varnames
 *(.debug_varnames)

.debug_pubtypes
 *(.debug_pubtypes)

.debug_ranges   0x00000000      0xbb0
 *(.debug_ranges)
 .debug_ranges  0x00000000      0xbb0 main.o

.debug_macro
 *(.debug_macro)
OUTPUT(Ethernet_to_Serial.elf elf32-avr)
LOAD linker stubs
