Archive member included because of file (symbol)

c:/program files (x86)/atmel/atmel toolchain/avr8 gcc/native/3.4.1061/avr8-gnu-toolchain/bin/../lib/gcc/avr/4.8.1/../../../../avr/lib/avr6\libm.a(fixunssfsi.o)
                              main.o (__fixunssfsi)
c:/program files (x86)/atmel/atmel toolchain/avr8 gcc/native/3.4.1061/avr8-gnu-toolchain/bin/../lib/gcc/avr/4.8.1/../../../../avr/lib/avr6\libm.a(floatsisf.o)
                              main.o (__floatunsisf)
c:/program files (x86)/atmel/atmel toolchain/avr8 gcc/native/3.4.1061/avr8-gnu-toolchain/bin/../lib/gcc/avr/4.8.1/../../../../avr/lib/avr6\libm.a(fp_split3.o)
                              c:/program files (x86)/atmel/atmel toolchain/avr8 gcc/native/3.4.1061/avr8-gnu-toolchain/bin/../lib/gcc/avr/4.8.1/../../../../avr/lib/avr6\libm.a(fixunssfsi.o) (__fp_splitA)
c:/program files (x86)/atmel/atmel toolchain/avr8 gcc/native/3.4.1061/avr8-gnu-toolchain/bin/../lib/gcc/avr/4.8.1/../../../../avr/lib/avr6\libm.a(fp_zero.o)
                              c:/program files (x86)/atmel/atmel toolchain/avr8 gcc/native/3.4.1061/avr8-gnu-toolchain/bin/../lib/gcc/avr/4.8.1/../../../../avr/lib/avr6\libm.a(fixunssfsi.o) (__fp_zero)
c:/program files (x86)/atmel/atmel toolchain/avr8 gcc/native/3.4.1061/avr8-gnu-toolchain/bin/../lib/gcc/avr/4.8.1/../../../../avr/lib/avr6\libm.a(mulsf3.o)
                              main.o (__mulsf3)
c:/program files (x86)/atmel/atmel toolchain/avr8 gcc/native/3.4.1061/avr8-gnu-toolchain/bin/../lib/gcc/avr/4.8.1/../../../../avr/lib/avr6\libm.a(mulsf3x.o)
                              c:/program files (x86)/atmel/atmel toolchain/avr8 gcc/native/3.4.1061/avr8-gnu-toolchain/bin/../lib/gcc/avr/4.8.1/../../../../avr/lib/avr6\libm.a(mulsf3.o) (__mulsf3x)
c:/program files (x86)/atmel/atmel toolchain/avr8 gcc/native/3.4.1061/avr8-gnu-toolchain/bin/../lib/gcc/avr/4.8.1/../../../../avr/lib/avr6\libm.a(fp_inf.o)
                              c:/program files (x86)/atmel/atmel toolchain/avr8 gcc/native/3.4.1061/avr8-gnu-toolchain/bin/../lib/gcc/avr/4.8.1/../../../../avr/lib/avr6\libm.a(mulsf3x.o) (__fp_inf)
c:/program files (x86)/atmel/atmel toolchain/avr8 gcc/native/3.4.1061/avr8-gnu-toolchain/bin/../lib/gcc/avr/4.8.1/../../../../avr/lib/avr6\libm.a(fp_nan.o)
                              c:/program files (x86)/atmel/atmel toolchain/avr8 gcc/native/3.4.1061/avr8-gnu-toolchain/bin/../lib/gcc/avr/4.8.1/../../../../avr/lib/avr6\libm.a(mulsf3x.o) (__fp_nan)
c:/program files (x86)/atmel/atmel toolchain/avr8 gcc/native/3.4.1061/avr8-gnu-toolchain/bin/../lib/gcc/avr/4.8.1/../../../../avr/lib/avr6\libm.a(fp_pscA.o)
                              c:/program files (x86)/atmel/atmel toolchain/avr8 gcc/native/3.4.1061/avr8-gnu-toolchain/bin/../lib/gcc/avr/4.8.1/../../../../avr/lib/avr6\libm.a(mulsf3x.o) (__fp_pscA)
c:/program files (x86)/atmel/atmel toolchain/avr8 gcc/native/3.4.1061/avr8-gnu-toolchain/bin/../lib/gcc/avr/4.8.1/../../../../avr/lib/avr6\libm.a(fp_pscB.o)
                              c:/program files (x86)/atmel/atmel toolchain/avr8 gcc/native/3.4.1061/avr8-gnu-toolchain/bin/../lib/gcc/avr/4.8.1/../../../../avr/lib/avr6\libm.a(mulsf3x.o) (__fp_pscB)
c:/program files (x86)/atmel/atmel toolchain/avr8 gcc/native/3.4.1061/avr8-gnu-toolchain/bin/../lib/gcc/avr/4.8.1/../../../../avr/lib/avr6\libm.a(fp_round.o)
                              c:/program files (x86)/atmel/atmel toolchain/avr8 gcc/native/3.4.1061/avr8-gnu-toolchain/bin/../lib/gcc/avr/4.8.1/../../../../avr/lib/avr6\libm.a(mulsf3.o) (__fp_round)
c:/program files (x86)/atmel/atmel toolchain/avr8 gcc/native/3.4.1061/avr8-gnu-toolchain/bin/../lib/gcc/avr/4.8.1/avr6\libgcc.a(_divmodsi4.o)
                              main.o (__divmodsi4)
c:/program files (x86)/atmel/atmel toolchain/avr8 gcc/native/3.4.1061/avr8-gnu-toolchain/bin/../lib/gcc/avr/4.8.1/avr6\libgcc.a(_negsi2.o)
                              c:/program files (x86)/atmel/atmel toolchain/avr8 gcc/native/3.4.1061/avr8-gnu-toolchain/bin/../lib/gcc/avr/4.8.1/avr6\libgcc.a(_divmodsi4.o) (__negsi2)
c:/program files (x86)/atmel/atmel toolchain/avr8 gcc/native/3.4.1061/avr8-gnu-toolchain/bin/../lib/gcc/avr/4.8.1/avr6\libgcc.a(_exit.o)
                              c:/program files (x86)/atmel/atmel toolchain/avr8 gcc/native/3.4.1061/avr8-gnu-toolchain/bin/../lib/gcc/avr/4.8.1/../../../../avr/lib/avr6/crtm2561.o (exit)
c:/program files (x86)/atmel/atmel toolchain/avr8 gcc/native/3.4.1061/avr8-gnu-toolchain/bin/../lib/gcc/avr/4.8.1/avr6\libgcc.a(_tablejump.o)
                              main.o (__tablejump2__)
c:/program files (x86)/atmel/atmel toolchain/avr8 gcc/native/3.4.1061/avr8-gnu-toolchain/bin/../lib/gcc/avr/4.8.1/avr6\libgcc.a(_copy_data.o)
                              main.o (__do_copy_data)
c:/program files (x86)/atmel/atmel toolchain/avr8 gcc/native/3.4.1061/avr8-gnu-toolchain/bin/../lib/gcc/avr/4.8.1/avr6\libgcc.a(_clear_bss.o)
                              main.o (__do_clear_bss)
[...]
Memory Configuration

Name             Origin             Length             Attributes
text             0x00000000         0x00100000         xr
data             0x00800200         0x0000fe00         rw !x
eeprom           0x00810000         0x00010000         rw !x
fuse             0x00820000         0x00000400         rw !x
lock             0x00830000         0x00000400         rw !x
signature        0x00840000         0x00000400         rw !x
user_signatures  0x00850000         0x00000400         rw !x
*default*        0x00000000         0xffffffff

Linker script and memory map

Address of section .data set to 0x800200
LOAD c:/program files (x86)/atmel/atmel toolchain/avr8 gcc/native/3.4.1061/avr8-gnu-toolchain/bin/../lib/gcc/avr/4.8.1/../../../../avr/lib/avr6/crtm2561.o
LOAD main.o
START GROUP
LOAD c:/program files (x86)/atmel/atmel toolchain/avr8 gcc/native/3.4.1061/avr8-gnu-toolchain/bin/../lib/gcc/avr/4.8.1/../../../../avr/lib/avr6\libm.a
END GROUP
START GROUP
LOAD c:/program files (x86)/atmel/atmel toolchain/avr8 gcc/native/3.4.1061/avr8-gnu-toolchain/bin/../lib/gcc/avr/4.8.1/avr6\libgcc.a
LOAD c:/program files (x86)/atmel/atmel toolchain/avr8 gcc/native/3.4.1061/avr8-gnu-toolchain/bin/../lib/gcc/avr/4.8.1/../../../../avr/lib/avr6\libm.a
LOAD c:/program files (x86)/atmel/atmel toolchain/avr8 gcc/native/3.4.1061/avr8-gnu-toolchain/bin/../lib/gcc/avr/4.8.1/../../../../avr/lib/avr6\libc.a
END GROUP

.hash
 *(.hash)

.dynsym
 *(.dynsym)

.dynstr
 *(.dynstr)

.gnu.version
 *(.gnu.version)

.gnu.version_d
 *(.gnu.version_d)

.gnu.version_r
 *(.gnu.version_r)

.rel.init
 *(.rel.init)

.rela.init
 *(.rela.init)

.rel.text
 *(.rel.text)
 *(.rel.text.*)
 *(.rel.gnu.linkonce.t*)

.rela.text
 *(.rela.text)
 *(.rela.text.*)
 *(.rela.gnu.linkonce.t*)

.rel.fini
 *(.rel.fini)

.rela.fini
 *(.rela.fini)

.rel.rodata
 *(.rel.rodata)
 *(.rel.rodata.*)
 *(.rel.gnu.linkonce.r*)

.rela.rodata
 *(.rela.rodata)
 *(.rela.rodata.*)
 *(.rela.gnu.linkonce.r*)

.rel.data
 *(.rel.data)
 *(.rel.data.*)
 *(.rel.gnu.linkonce.d*)

.rela.data
 *(.rela.data)
 *(.rela.data.*)
 *(.rela.gnu.linkonce.d*)

.rel.ctors
 *(.rel.ctors)

.rela.ctors
 *(.rela.ctors)

.rel.dtors
 *(.rel.dtors)

.rela.dtors
 *(.rela.dtors)

.rel.got
 *(.rel.got)

.rela.got
 *(.rela.got)

.rel.bss
 *(.rel.bss)

.rela.bss
 *(.rela.bss)

.rel.plt
 *(.rel.plt)

.rela.plt
 *(.rela.plt)

.text           0x00000000     0x7400
 *(.vectors)
 .vectors       0x00000000       0xcc c:/program files (x86)/atmel/atmel toolchain/avr8 gcc/native/3.4.1061/avr8-gnu-toolchain/bin/../lib/gcc/avr/4.8.1/../../../../avr/lib/avr6/crtm2561.o
                0x00000000                __vector_default
                0x00000000                __vectors
 *(.vectors)
 *(.progmem.gcc*)
 .progmem.gcc_sw_table.MB_S_Timer_ISR
                0x000000cc       0x20 main.o
 .progmem.gcc_sw_table.MB_M_Timer_ISR
                0x000000ec       0x20 main.o
 .progmem.gcc_sw_table.SNMP_VARS_Processing
                0x0000010c       0x8e main.o
 .progmem.gcc_sw_table.Modbus_TCP_Automat
                0x0000019a       0x20 main.o
                0x000001ba                . = ALIGN (0x2)
                0x000001ba                __trampolines_start = .
 *(.trampolines)
 .trampolines   0x000001ba        0x0 linker stubs
 *(.trampolines*)
                0x000001ba                __trampolines_end = .
 *(.progmem*)
 .progmem.data.aCRCLo.2498
                0x000001ba      0x100 main.o
 .progmem.data.aCRCHi.2497
                0x000002ba      0x100 main.o
 .progmem.data.Tcond
                0x000003ba       0x18 main.o
 .progmem.data.Troom
                0x000003d2       0x18 main.o
 .progmem.data.Tair
                0x000003ea       0x18 main.o
 .progmem.data.Tfree2cond
                0x00000402       0x18 main.o
 .progmem.data.ledState
                0x0000041a       0x18 main.o
 .progmem.data.AnalogPin0
                0x00000432       0x15 main.o
 .progmem.data.sysServices
                0x00000447       0x12 main.o
 .progmem.data.sysLocation
                0x00000459       0x12 main.o
 .progmem.data.sysName
                0x0000046b       0x12 main.o
 .progmem.data.sysContact
                0x0000047d       0x12 main.o
 .progmem.data.sysUpTime
                0x0000048f       0x12 main.o
 .progmem.data.sysObjectID
                0x000004a1       0x12 main.o
 .progmem.data.sysDescr
                0x000004b3       0x12 main.o
 .progmem.data.MB_Master_List
                0x000004c5        0x3 main.o
                0x000004c5                MB_Master_List
 .progmem.data.MB_Slave_List
                0x000004c8        0x4 main.o
                0x000004c8                MB_Slave_List
 .progmem.data.MYQUERRY
                0x000004cc        0xe main.o
                0x000004cc                MYQUERRY
 .progmem.data.MB_Timer
                0x000004da       0x12 main.o
 .progmem.data.MB_Port
                0x000004ec       0x14 main.o
 .progmem.data.BR_Tbl
                0x00000500       0x1b main.o
                0x00000500                BR_Tbl
 .progmem.data.Modbus_Map
                0x0000051b       0x10 main.o
                0x0000051b                Modbus_Map
 .progmem.data.MB_Role
                0x0000052b        0x1 main.o
                0x0000052c                . = ALIGN (0x2)
 *(.jumptables)
 *(.jumptables*)
 *(.lowtext)
 *(.lowtext*)
                0x0000052c                __ctors_start = .
 *(.ctors)
                0x0000052c                __ctors_end = .
                0x0000052c                __dtors_start = .
 *(.dtors)
                0x0000052c                __dtors_end = .
 SORT(*)(.ctors)
 SORT(*)(.dtors)
 *(.init0)
 .init0         0x0000052c        0x0 c:/program files (x86)/atmel/atmel toolchain/avr8 gcc/native/3.4.1061/avr8-gnu-toolchain/bin/../lib/gcc/avr/4.8.1/../../../../avr/lib/avr6/crtm2561.o
                0x0000052c                __init
 *(.init0)
 *(.init1)
 *(.init1)
 *(.init2)
 .init2         0x0000052c       0x10 c:/program files (x86)/atmel/atmel toolchain/avr8 gcc/native/3.4.1061/avr8-gnu-toolchain/bin/../lib/gcc/avr/4.8.1/../../../../avr/lib/avr6/crtm2561.o
 *(.init2)
 *(.init3)
 *(.init3)
 *(.init4)
 .init4         0x0000053c       0x1a c:/program files (x86)/atmel/atmel toolchain/avr8 gcc/native/3.4.1061/avr8-gnu-toolchain/bin/../lib/gcc/avr/4.8.1/avr6\libgcc.a(_copy_data.o)
                0x0000053c                __do_copy_data
 .init4         0x00000556       0x10 c:/program files (x86)/atmel/atmel toolchain/avr8 gcc/native/3.4.1061/avr8-gnu-toolchain/bin/../lib/gcc/avr/4.8.1/avr6\libgcc.a(_clear_bss.o)
                0x00000556                __do_clear_bss
 *(.init4)
 *(.init5)
 *(.init5)
 *(.init6)
 *(.init6)
 *(.init7)
 *(.init7)
 *(.init8)
 *(.init8)
 *(.init9)
 .init9         0x00000566        0x8 c:/program files (x86)/atmel/atmel toolchain/avr8 gcc/native/3.4.1061/avr8-gnu-toolchain/bin/../lib/gcc/avr/4.8.1/../../../../avr/lib/avr6/crtm2561.o
 *(.init9)
 *(.text)
 .text          0x0000056e        0x2 c:/program files (x86)/atmel/atmel toolchain/avr8 gcc/native/3.4.1061/avr8-gnu-toolchain/bin/../lib/gcc/avr/4.8.1/../../../../avr/lib/avr6/crtm2561.o
                0x0000056e                __vector_22
                0x0000056e                __vector_28
                0x0000056e                __vector_1
                0x0000056e                __vector_32
                0x0000056e                __vector_34
                0x0000056e                __vector_24
                0x0000056e                __vector_12
                0x0000056e                __vector_46
                0x0000056e                __bad_interrupt
                0x0000056e                __vector_6
                0x0000056e                __vector_31
                0x0000056e                __vector_35
                0x0000056e                __vector_39
                0x0000056e                __vector_3
                0x0000056e                __vector_23
                0x0000056e                __vector_30
                0x0000056e                __vector_45
                0x0000056e                __vector_11
                0x0000056e                __vector_19
                0x0000056e                __vector_7
                0x0000056e                __vector_49
                0x0000056e                __vector_41
                0x0000056e                __vector_43
                0x0000056e                __vector_5
                0x0000056e                __vector_33
                0x0000056e                __vector_47
                0x0000056e                __vector_4
                0x0000056e                __vector_44
                0x0000056e                __vector_9
                0x0000056e                __vector_2
                0x0000056e                __vector_15
                0x0000056e                __vector_29
                0x0000056e                __vector_40
                0x0000056e                __vector_8
                0x0000056e                __vector_48
                0x0000056e                __vector_14
                0x0000056e                __vector_10
                0x0000056e                __vector_50
                0x0000056e                __vector_16
                0x0000056e                __vector_18
                0x0000056e                __vector_20
                0x00000570                . = ALIGN (0x2)
 *(.text.*)
 .text.rrb      0x00000570        0x6 main.o
                0x00000570                rrb
 .text.RS485_0  0x00000576        0xa main.o
                0x00000576                RS485_0
 .text.MB_LED0  0x00000580        0x2 main.o
                0x00000580                MB_LED0
 .text.MB_LED_Err_On_0
                0x00000582        0x2 main.o
                0x00000582                MB_LED_Err_On_0
 .text.MB_LED_Err_Off_0
                0x00000584        0x2 main.o
                0x00000584                MB_LED_Err_Off_0
 .text.StartTimer0
                0x00000586       0x14 main.o
                0x00000586                StartTimer0
 .text.StartTimer2
                0x0000059a       0x18 main.o
                0x0000059a                StartTimer2
 .text.StartTimer4
                0x000005b2       0x16 main.o
                0x000005b2                StartTimer4
 .text.erb      0x000005c8        0x6 main.o
                0x000005c8                erb
 .text.GetSlave
                0x000005ce       0x30 main.o
 .text.MBRecept
                0x000005fe       0x8c main.o
 .text.GetReg   0x0000068a       0x78 main.o
 .text.MB_Timer_ISR
                0x00000702       0xc8 main.o
 .text.SPItransfer
                0x000007ca        0xe main.o
                0x000007ca                SPItransfer
 .text.W5100read
                0x000007d8       0x22 main.o
                0x000007d8                W5100read
 .text.W5100readBlock
                0x000007fa       0x5a main.o
                0x000007fa                W5100readBlock
 .text.W5100writeBlock
                0x00000854       0x58 main.o
                0x00000854                W5100writeBlock
 .text.W5100_init
                0x000008ac      0x120 main.o
                0x000008ac                W5100_init
 .text.W5100write
                0x000009cc       0x32 main.o
                0x000009cc                W5100write
 .text.execCmdSn
                0x000009fe       0x30 main.o
                0x000009fe                execCmdSn
 .text.W5100_SetMac
                0x00000a2e       0x4e main.o
                0x00000a2e                W5100_SetMac
 .text.W5100_SetIP
                0x00000a7c       0x36 main.o
                0x00000a7c                W5100_SetIP
 .text.W5100_SetGateway
                0x00000ab2       0x36 main.o
                0x00000ab2                W5100_SetGateway
 .text.W5100_SetMask
                0x00000ae8       0x36 main.o
                0x00000ae8                W5100_SetMask
 .text.readSn   0x00000b1e       0x10 main.o
                0x00000b1e                readSn
 .text.readSnTX_FSR
                0x00000b2e       0x2c main.o
 .text.readSnRX_RSR
                0x00000b5a       0x2c main.o
 .text.writeSn  0x00000b86       0x14 main.o
                0x00000b86                writeSn
 .text.execCmdS0_Automat
                0x00000b9a       0x62 main.o
                0x00000b9a                execCmdS0_Automat
 .text.execCmdS1_Automat
                0x00000bfc       0x62 main.o
                0x00000bfc                execCmdS1_Automat
 .text.execCmdS2_Automat
                0x00000c5e       0x62 main.o
                0x00000c5e                execCmdS2_Automat
 .text.W5100_writeS0DPORT
                0x00000cc0       0x18 main.o
                0x00000cc0                W5100_writeS0DPORT
 .text.W5100_writeS0DIPR
                0x00000cd8       0x2c main.o
                0x00000cd8                W5100_writeS0DIPR
 .text.W5100_writeS1DPORT
                0x00000d04       0x18 main.o
                0x00000d04                W5100_writeS1DPORT
 .text.W5100_writeS1DIPR
                0x00000d1c       0x2c main.o
                0x00000d1c                W5100_writeS1DIPR
 .text.W5100_writeS2DPORT
                0x00000d48       0x18 main.o
                0x00000d48                W5100_writeS2DPORT
 .text.W5100_writeS2DIPR
                0x00000d60       0x2c main.o
                0x00000d60                W5100_writeS2DIPR
 .text.W5100_send_data_processing_offset
                0x00000d8c       0xc4 main.o
                0x00000d8c                W5100_send_data_processing_offset
 .text.W5100_getTXFreeSize
                0x00000e50       0x4a main.o
                0x00000e50                W5100_getTXFreeSize
 .text.bufferData
                0x00000e9a       0x40 main.o
                0x00000e9a                bufferData
 .text.printByte
                0x00000eda       0x2c main.o
                0x00000eda                printByte
 .text.IntOff   0x00000f06       0x10 main.o
                0x00000f06                IntOff
 .text.IntOn    0x00000f16       0x10 main.o
                0x00000f16                IntOn
 .text.WdtOn    0x00000f26       0x1a main.o
                0x00000f26                WdtOn
 .text.Timer16Alloc
                0x00000f40        0xe main.o
                0x00000f40                Timer16Alloc
 .text.Timer32Alloc
                0x00000f4e        0xe main.o
                0x00000f4e                Timer32Alloc
 .text.StartTimer8
                0x00000f5c       0x70 main.o
                0x00000f5c                StartTimer8
 .text.StartTimer16
                0x00000fcc       0x7a main.o
                0x00000fcc                StartTimer16
 .text.SlavesOn
                0x00001046       0x36 main.o
 .text.NextSlave
                0x0000107c      0x13e main.o
 .text.FailSlave
                0x000011ba       0xda main.o
 .text.StartTimer32
                0x00001294       0x90 main.o
                0x00001294                StartTimer32
 .text.Timer16Stopp
                0x00001324       0x4e main.o
                0x00001324                Timer16Stopp
 .text.Timer32Stopp
                0x00001372       0x5a main.o
                0x00001372                Timer32Stopp
 .text.TimeInit
                0x000013cc       0x6a main.o
                0x000013cc                TimeInit
 .text.__vector_17
                0x00001436       0xdc main.o
                0x00001436                __vector_17
 .text.TimersInc
                0x00001512      0x1cc main.o
                0x00001512                TimersInc
 .text.TimeCycle
                0x000016de       0x3a main.o
                0x000016de                TimeCycle
 .text.CRC_Seed
                0x00001718       0x8e main.o
                0x00001718                CRC_Seed
 .text.CRC      0x000017a6       0x10 main.o
                0x000017a6                CRC
 .text.CRC_EEPROM_calc
                0x000017b6       0x34 main.o
 .text.CRC_EEPROM_upd
                0x000017ea       0x16 main.o
 .text.ewb      0x00001800        0x8 main.o
                0x00001800                ewb
 .text.MB_PLC_Init
                0x00001808        0x6 main.o
                0x00001808                MB_PLC_Init
 .text.__vector_21
                0x0000180e       0x64 main.o
                0x0000180e                __vector_21
 .text.__vector_13
                0x00001872       0x68 main.o
                0x00001872                __vector_13
 .text.__vector_42
                0x000018da       0x68 main.o
                0x000018da                __vector_42
 .text.SetParity
                0x00001942       0x7c main.o
                0x00001942                SetParity
 .text.SetBAUD  0x000019be       0x8e main.o
                0x000019be                SetBAUD
 .text.MB_Transm
                0x00001a4c       0x84 main.o
                0x00001a4c                MB_Transm
 .text.Modbus_RX
                0x00001ad0      0x108 main.o
                0x00001ad0                Modbus_RX
 .text.CommErr  0x00001bd8       0xe0 main.o
                0x00001bd8                CommErr
 .text.SetCRC_MB
                0x00001cb8       0x36 main.o
                0x00001cb8                SetCRC_MB
 .text.MB_FrameReg
                0x00001cee       0x28 main.o
                0x00001cee                MB_FrameReg
 .text.FormData
                0x00001d16      0x212 main.o
 .text.FormQuery
                0x00001f28       0x94 main.o
 .text.FormSingle
                0x00001fbc       0x56 main.o
 .text.MB_S_Timer_ISR
                0x00002012      0x730 main.o
                0x00002012                MB_S_Timer_ISR
 .text.MB_S_Tx  0x00002742       0x18 main.o
                0x00002742                MB_S_Tx
 .text.MB_S_Init
                0x0000275a       0x1e main.o
                0x0000275a                MB_S_Init
 .text.MB_M_Timer_ISR
                0x00002778      0x57c main.o
                0x00002778                MB_M_Timer_ISR
 .text.MB_M_Tx  0x00002cf4       0x18 main.o
                0x00002cf4                MB_M_Tx
 .text.Modbus_TX
                0x00002d0c      0x132 main.o
                0x00002d0c                Modbus_TX
 .text.MB_M_Cycle
                0x00002e3e      0x106 main.o
                0x00002e3e                MB_M_Cycle
 .text.MB_Cycle
                0x00002f44       0x40 main.o
                0x00002f44                MB_Cycle
 .text.__vector_25
                0x00002f84       0x54 main.o
                0x00002f84                __vector_25
 .text.__vector_27
                0x00002fd8       0x52 main.o
                0x00002fd8                __vector_27
 .text.__vector_26
                0x0000302a       0x52 main.o
                0x0000302a                __vector_26
 .text.__vector_36
                0x0000307c       0x54 main.o
                0x0000307c                __vector_36
 .text.__vector_38
                0x000030d0       0x52 main.o
                0x000030d0                __vector_38
 .text.__vector_37
                0x00003122       0x52 main.o
                0x00003122                __vector_37
 .text.UDPbegin0_Automat
                0x00003174       0xa8 main.o
                0x00003174                UDPbegin0_Automat
 .text.UDPbegin1_Automat
                0x0000321c       0xa8 main.o
                0x0000321c                UDPbegin1_Automat
 .text.startUDP
                0x000032c4       0x7c main.o
                0x000032c4                startUDP
 .text._dhcpUdpSocket_beginPacket
                0x00003340       0x12 main.o
                0x00003340                _dhcpUdpSocket_beginPacket
 .text._UDPtoSerialSocket_beginPacket
                0x00003352       0x12 main.o
                0x00003352                _UDPtoSerialSocket_beginPacket
 .text._dhcpUdpSocket_write
                0x00003364       0x28 main.o
                0x00003364                _dhcpUdpSocket_write
 .text._UDPtoSerialSocket_write
                0x0000338c       0x28 main.o
                0x0000338c                _UDPtoSerialSocket_write
 .text._UDPtoSerialSocket_endPacket_Automat
                0x000033b4       0x8e main.o
                0x000033b4                _UDPtoSerialSocket_endPacket_Automat
 .text._dhcpUdpSocket_endPacket_Automat
                0x00003442       0x8e main.o
                0x00003442                _dhcpUdpSocket_endPacket_Automat
 .text.UDPbegin2_Automat
                0x000034d0       0xa8 main.o
                0x000034d0                UDPbegin2_Automat
 .text._Socket2_beginPacket
                0x00003578       0x12 main.o
                0x00003578                _Socket2_beginPacket
 .text._Socket2_write
                0x0000358a       0x28 main.o
                0x0000358a                _Socket2_write
 .text.read_data
                0x000035b2       0x9e main.o
                0x000035b2                read_data
 .text.W5100_recv_data_processing
                0x00003650       0x66 main.o
                0x00003650                W5100_recv_data_processing
 .text.W5100_getRXReceivedSize
                0x000036b6       0x4e main.o
                0x000036b6                W5100_getRXReceivedSize
 .text.recv     0x00003704       0x72 main.o
                0x00003704                recv
 .text.UDP_read
                0x00003776       0x66 main.o
                0x00003776                UDP_read
 .text.UDP_parsePacket
                0x000037dc       0xda main.o
                0x000037dc                UDP_parsePacket
 .text._dhcpUdpSocket_parsePacket
                0x000038b6        0x6 main.o
                0x000038b6                _dhcpUdpSocket_parsePacket
 .text._UDPtoSerialSocket_parsePacket
                0x000038bc        0x6 main.o
                0x000038bc                _UDPtoSerialSocket_parsePacket
 .text._dhcpUdpSocket_readBlock
                0x000038c2       0x50 main.o
                0x000038c2                _dhcpUdpSocket_readBlock
 .text._SNMPSocket_read
                0x00003912       0x50 main.o
                0x00003912                _SNMPSocket_read
 .text._dhcpUdpSocket_read
                0x00003962        0x6 main.o
                0x00003962                _dhcpUdpSocket_read
 .text.resetTEST
                0x00003968       0x2c main.o
                0x00003968                resetTEST
 .text._Socket2_endPacket_Automat
                0x00003994       0xca main.o
                0x00003994                _Socket2_endPacket_Automat
 .text.Socket2_sendmessage_Automat
                0x00003a5e       0x7a main.o
                0x00003a5e                Socket2_sendmessage_Automat
 .text.TEST_Automat
                0x00003ad8      0x218 main.o
                0x00003ad8                TEST_Automat
 .text.send_DHCP_MESSAGE
                0x00003cf0      0x230 main.o
                0x00003cf0                send_DHCP_MESSAGE
 .text.send_DHCP_MESSAGE_Automat
                0x00003f20       0x5c main.o
                0x00003f20                send_DHCP_MESSAGE_Automat
 .text.parseDHCPResponse
                0x00003f7c      0x466 main.o
                0x00003f7c                parseDHCPResponse
 .text.random1  0x000043e2       0x34 main.o
                0x000043e2                random1
 .text.DHCP_automat
                0x00004416      0x2b8 main.o
                0x00004416                DHCP_automat
 .text.SNMP_OID_toString
                0x000046ce      0x106 main.o
                0x000046ce                SNMP_OID_toString
 .text.SNMP_OID_fromString
                0x000047d4      0x230 main.o
                0x000047d4                SNMP_OID_fromString
 .text.clear    0x00004a04       0x16 main.o
                0x00004a04                clear
 .text.decodeOctetStringToString
                0x00004a1a      0x1ce main.o
                0x00004a1a                decodeOctetStringToString
 .text.decodeInt16toHoldReg
                0x00004be8       0x80 main.o
                0x00004be8                decodeInt16toHoldReg
 .text.decodeInt32ToInt32
                0x00004c68       0x74 main.o
                0x00004c68                decodeInt32ToInt32
 .text.decodeUint32CounterTimeticksGaugeToUint32
                0x00004cdc       0x7c main.o
                0x00004cdc                decodeUint32CounterTimeticksGaugeToUint32
 .text.decodeIpAddressToByteArray
                0x00004d58       0x8a main.o
                0x00004d58                decodeIpAddressToByteArray
 .text.decodeBoolToUint8
                0x00004de2       0x24 main.o
                0x00004de2                decodeBoolToUint8
 .text.encodeStringToOctetString
                0x00004e06       0x96 main.o
                0x00004e06                encodeStringToOctetString
 .text.encodeInt16ToInt
                0x00004e9c       0x34 main.o
                0x00004e9c                encodeInt16ToInt
 .text.encodeInt32ToInt32
                0x00004ed0       0x38 main.o
                0x00004ed0                encodeInt32ToInt32
 .text.encodeUint32ToUint32
                0x00004f08       0x40 main.o
                0x00004f08                encodeUint32ToUint32
 .text.encodeByteArrayToIpAddress
                0x00004f48       0x5c main.o
                0x00004f48                encodeByteArrayToIpAddress
 .text.encodeUint8ToBool
                0x00004fa4       0x3e main.o
                0x00004fa4                encodeUint8ToBool
 .text.SNMP_requestPdu
                0x00004fe2      0x484 main.o
                0x00004fe2                SNMP_requestPdu
 .text.SNMP_responsePdu
                0x00005466      0x342 main.o
                0x00005466                SNMP_responsePdu
 .text.SNMP_VARS_Processing
                0x000057a8      0x39a main.o
                0x000057a8                SNMP_VARS_Processing
 .text.pduReceived
                0x00005b42      0x860 main.o
                0x00005b42                pduReceived
 .text.Webserver_recv_size
                0x000063a2       0x28 main.o
                0x000063a2                Webserver_recv_size
 .text.WebserverSocket_close
                0x000063ca       0x18 main.o
                0x000063ca                WebserverSocket_close
 .text.WebserverSocketOpen
                0x000063e2       0x6a main.o
                0x000063e2                WebserverSocketOpen
 .text.Webserver_listen
                0x0000644c       0x3c main.o
                0x0000644c                Webserver_listen
 .text.Webserver_recv
                0x00006488       0xcc main.o
                0x00006488                Webserver_recv
 .text.WebserverSocket_disconnect
                0x00006554       0x18 main.o
                0x00006554                WebserverSocket_disconnect
 .text.Webserver_send
                0x0000656c      0x142 main.o
                0x0000656c                Webserver_send
 .text.ModbusTCPRun
                0x000066ae      0x410 main.o
                0x000066ae                ModbusTCPRun
 .text.SetFC    0x00006abe       0x48 main.o
                0x00006abe                SetFC
 .text.Modbus_TCP_Automat
                0x00006b06      0x264 main.o
                0x00006b06                Modbus_TCP_Automat
 .text.Ethernet_Automat
                0x00006d6a       0xf4 main.o
                0x00006d6a                Ethernet_Automat
 .text.resetEthernet
                0x00006e5e        0x6 main.o
                0x00006e5e                resetEthernet
 .text.SNMP_Automat
                0x00006e64       0xd2 main.o
                0x00006e64                SNMP_Automat
 .text.LED_On   0x00006f36        0x4 main.o
                0x00006f36                LED_On
 .text.MB_M_Init
                0x00006f3a       0x86 main.o
                0x00006f3a                MB_M_Init
 .text.MB_Init  0x00006fc0       0x56 main.o
                0x00006fc0                MB_Init
 .text.LED_Cycle
                0x00007016       0x32 main.o
                0x00007016                LED_Cycle
 .text.sysInit  0x00007048       0x36 main.o
                0x00007048                sysInit
 .text.sysCycle
                0x0000707e        0xa main.o
                0x0000707e                sysCycle
 .text.main     0x00007088       0x32 main.o
                0x00007088                main
 .text.libgcc.div
                0x000070ba       0x28 c:/program files (x86)/atmel/atmel toolchain/avr8 gcc/native/3.4.1061/avr8-gnu-toolchain/bin/../lib/gcc/avr/4.8.1/avr6\libgcc.a(_divmodsi4.o)
                0x000070ba                __divmodsi4
 .text.libgcc.div
                0x000070e2       0x10 c:/program files (x86)/atmel/atmel toolchain/avr8 gcc/native/3.4.1061/avr8-gnu-toolchain/bin/../lib/gcc/avr/4.8.1/avr6\libgcc.a(_negsi2.o)
                0x000070e2                __negsi2
 .text.libgcc   0x000070f2        0xc c:/program files (x86)/atmel/atmel toolchain/avr8 gcc/native/3.4.1061/avr8-gnu-toolchain/bin/../lib/gcc/avr/4.8.1/avr6\libgcc.a(_tablejump.o)
                0x000070f2                __tablejump2__
                0x000070f6                __tablejump__
 .text.libgcc.div
                0x000070fe       0x44 c:/program files (x86)/atmel/atmel toolchain/avr8 gcc/native/3.4.1061/avr8-gnu-toolchain/bin/../lib/gcc/avr/4.8.1/avr6\libgcc.a(_udivmodsi4.o)
                0x000070fe                __udivmodsi4
 .text.avr-libc
                0x00007142       0xac c:/program files (x86)/atmel/atmel toolchain/avr8 gcc/native/3.4.1061/avr8-gnu-toolchain/bin/../lib/gcc/avr/4.8.1/../../../../avr/lib/avr6\libc.a(random.o)
                0x000071d4                random_r
                0x000071d6                random
                0x000071dc                srandom
 .text.avr-libc
                0x000071ee       0x3a c:/program files (x86)/atmel/atmel toolchain/avr8 gcc/native/3.4.1061/avr8-gnu-toolchain/bin/../lib/gcc/avr/4.8.1/../../../../avr/lib/avr6\libc.a(atoi.o)
                0x000071ee                atoi
 .text.avr-libc
                0x00007228       0x4c c:/program files (x86)/atmel/atmel toolchain/avr8 gcc/native/3.4.1061/avr8-gnu-toolchain/bin/../lib/gcc/avr/4.8.1/../../../../avr/lib/avr6\libc.a(atol.o)
                0x00007228                atol
 .text.avr-libc
                0x00007274       0x12 c:/program files (x86)/atmel/atmel toolchain/avr8 gcc/native/3.4.1061/avr8-gnu-toolchain/bin/../lib/gcc/avr/4.8.1/../../../../avr/lib/avr6\libc.a(strcmp_P.o)
                0x00007274                strcmp_P
 .text.avr-libc
                0x00007286        0xe c:/program files (x86)/atmel/atmel toolchain/avr8 gcc/native/3.4.1061/avr8-gnu-toolchain/bin/../lib/gcc/avr/4.8.1/../../../../avr/lib/avr6\libc.a(strcpy_P.o)
                0x00007286                strcpy_P
 .text.avr-libc
                0x00007294       0x1a c:/program files (x86)/atmel/atmel toolchain/avr8 gcc/native/3.4.1061/avr8-gnu-toolchain/bin/../lib/gcc/avr/4.8.1/../../../../avr/lib/avr6\libc.a(memcmp.o)
                0x00007294                memcmp
 .text.avr-libc
                0x000072ae       0x16 c:/program files (x86)/atmel/atmel toolchain/avr8 gcc/native/3.4.1061/avr8-gnu-toolchain/bin/../lib/gcc/avr/4.8.1/../../../../avr/lib/avr6\libc.a(strcat.o)
                0x000072ae                strcat
 .text.avr-libc
                0x000072c4       0x12 c:/program files (x86)/atmel/atmel toolchain/avr8 gcc/native/3.4.1061/avr8-gnu-toolchain/bin/../lib/gcc/avr/4.8.1/../../../../avr/lib/avr6\libc.a(strcmp.o)
                0x000072c4                strcmp
 .text.avr-libc
                0x000072d6       0x2a c:/program files (x86)/atmel/atmel toolchain/avr8 gcc/native/3.4.1061/avr8-gnu-toolchain/bin/../lib/gcc/avr/4.8.1/../../../../avr/lib/avr6\libc.a(mulsi10.o)
                0x000072d6                __mulsi_const_10
 .text.avr-libc
                0x00007300       0x10 c:/program files (x86)/atmel/atmel toolchain/avr8 gcc/native/3.4.1061/avr8-gnu-toolchain/bin/../lib/gcc/avr/4.8.1/../../../../avr/lib/avr6\libc.a(mul10.o)
                0x00007300                __mulhi_const_10
 .text.avr-libc
                0x00007310       0x32 c:/program files (x86)/atmel/atmel toolchain/avr8 gcc/native/3.4.1061/avr8-gnu-toolchain/bin/../lib/gcc/avr/4.8.1/../../../../avr/lib/avr6\libc.a(utoa_ncheck.o)
                0x00007310                __utoa_ncheck
                0x00007312                __utoa_common
 .text.avr-libc
                0x00007342       0x20 c:/program files (x86)/atmel/atmel toolchain/avr8 gcc/native/3.4.1061/avr8-gnu-toolchain/bin/../lib/gcc/avr/4.8.1/../../../../avr/lib/avr6\libc.a(eerd_block_atmega2561.o)
                0x00007342                __eerd_block_m2561
                0x00007346                __eerd_blraw_m2561
 .text.avr-libc
                0x00007362       0x10 c:/program files (x86)/atmel/atmel toolchain/avr8 gcc/native/3.4.1061/avr8-gnu-toolchain/bin/../lib/gcc/avr/4.8.1/../../../../avr/lib/avr6\libc.a(eerd_byte_atmega2561.o)
                0x00007362                __eerd_byte_m2561
 .text.avr-libc
                0x00007372        0xa c:/program files (x86)/atmel/atmel toolchain/avr8 gcc/native/3.4.1061/avr8-gnu-toolchain/bin/../lib/gcc/avr/4.8.1/../../../../avr/lib/avr6\libc.a(eerd_word_atmega2561.o)
                0x00007372                __eerd_word_m2561
 .text.avr-libc
                0x0000737c       0x1c c:/program files (x86)/atmel/atmel toolchain/avr8 gcc/native/3.4.1061/avr8-gnu-toolchain/bin/../lib/gcc/avr/4.8.1/../../../../avr/lib/avr6\libc.a(eewr_byte_atmega2561.o)
                0x0000737c                __eewr_byte_m2561
                0x0000737e                __eewr_r18_m2561
 .text.avr-libc
                0x00007398        0x6 c:/program files (x86)/atmel/atmel toolchain/avr8 gcc/native/3.4.1061/avr8-gnu-toolchain/bin/../lib/gcc/avr/4.8.1/../../../../avr/lib/avr6\libc.a(eewr_word_atmega2561.o)
                0x00007398                __eewr_word_m2561
 .text.avr-libc
                0x0000739e       0x20 c:/program files (x86)/atmel/atmel toolchain/avr8 gcc/native/3.4.1061/avr8-gnu-toolchain/bin/../lib/gcc/avr/4.8.1/../../../../avr/lib/avr6\libc.a(strrev.o)
                0x0000739e                strrev
 .text.libgcc.mul
                0x000073be       0x14 c:/program files (x86)/atmel/atmel toolchain/avr8 gcc/native/3.4.1061/avr8-gnu-toolchain/bin/../lib/gcc/avr/4.8.1/avr6\libgcc.a(_muluhisi3.o)
                0x000073be                __muluhisi3
 .text.libgcc.mul
                0x000073d2        0xc c:/program files (x86)/atmel/atmel toolchain/avr8 gcc/native/3.4.1061/avr8-gnu-toolchain/bin/../lib/gcc/avr/4.8.1/avr6\libgcc.a(_mulshisi3.o)
                0x000073d2                __mulshisi3
                0x000073d6                __mulohisi3
 .text.libgcc.mul
                0x000073de       0x1e c:/program files (x86)/atmel/atmel toolchain/avr8 gcc/native/3.4.1061/avr8-gnu-toolchain/bin/../lib/gcc/avr/4.8.1/avr6\libgcc.a(_umulhisi3.o)
                0x000073de                __umulhisi3
                0x000073fc                . = ALIGN (0x2)
 *(.fini9)
 .fini9         0x000073fc        0x0 c:/program files (x86)/atmel/atmel toolchain/avr8 gcc/native/3.4.1061/avr8-gnu-toolchain/bin/../lib/gcc/avr/4.8.1/avr6\libgcc.a(_exit.o)
                0x000073fc                _exit
                0x000073fc                exit
 *(.fini9)
 *(.fini8)
 *(.fini8)
 *(.fini7)
 *(.fini7)
 *(.fini6)
 *(.fini6)
 *(.fini5)
 *(.fini5)
 *(.fini4)
 *(.fini4)
 *(.fini3)
 *(.fini3)
 *(.fini2)
 *(.fini2)
 *(.fini1)
 *(.fini1)
 *(.fini0)
 .fini0         0x000073fc        0x4 c:/program files (x86)/atmel/atmel toolchain/avr8 gcc/native/3.4.1061/avr8-gnu-toolchain/bin/../lib/gcc/avr/4.8.1/avr6\libgcc.a(_exit.o)
 *(.fini0)
                0x00007400                _etext = .

.data           0x00800200      0x216 load address 0x00007400
                0x00800200                PROVIDE (__data_start, .)
 *(.data)
 .data          0x00800200        0x4 c:/program files (x86)/atmel/atmel toolchain/avr8 gcc/native/3.4.1061/avr8-gnu-toolchain/bin/../lib/gcc/avr/4.8.1/../../../../avr/lib/avr6\libc.a(random.o)
 *(.data*)
 .data.static_IP
                0x00800204        0x4 main.o
                0x00800204                static_IP
 .data.DHCP_Enable
                0x00800208        0x1 main.o
                0x00800208                DHCP_Enable
 .data.locLocation
                0x00800209       0x14 main.o
 .data.locName  0x0080021d       0x14 main.o
 .data.locContact
                0x00800231       0x14 main.o
 .data.locObjectID
                0x00800245       0x11 main.o
 .data.locDescr
                0x00800256       0x11 main.o
 .data.SNMP_VARS
                0x00800267       0x54 main.o
                0x00800267                SNMP_VARS
 .data.Tcond_var
                0x008002bb        0x4 main.o
                0x008002bb                Tcond_var
 .data.Troom_var
                0x008002bf        0x4 main.o
                0x008002bf                Troom_var
 .data.Tair_var
                0x008002c3        0x4 main.o
                0x008002c3                Tair_var
 .data.Tfree2cond_var
                0x008002c7        0x4 main.o
                0x008002c7                Tfree2cond_var
 .data.Vega_SN  0x008002cb        0x2 main.o
                0x008002cb                Vega_SN
 .data.FreeCoolPort
                0x008002cd        0x2 main.o
                0x008002cd                FreeCoolPort
 .data.FreeCoolListenerIP
                0x008002cf        0x4 main.o
                0x008002cf                FreeCoolListenerIP
 .data.VacantTimer32Sys
                0x008002d3        0x1 main.o
                0x008002d3                VacantTimer32Sys
 .data.VacantTimer16Sys
                0x008002d4        0x1 main.o
                0x008002d4                VacantTimer16Sys
 .data.VacantTimer32
                0x008002d5        0x1 main.o
                0x008002d5                VacantTimer32
 .data.VacantTimer16
                0x008002d6        0x1 main.o
                0x008002d6                VacantTimer16
 *(.rodata)
 *(.rodata*)
 .rodata.str1.1
                0x008002d7      0x13f main.o
 *(.gnu.linkonce.d*)
                0x00800416                . = ALIGN (0x2)
                0x00800416                _edata = .
                0x00800416                PROVIDE (__data_end, .)

.bss            0x00800416      0xe2b
                0x00800416                PROVIDE (__bss_start, .)
 *(.bss)
 *(.bss*)
 .bss.state.4689
                0x00800416        0x1 main.o
 .bss.state.4668
                0x00800417        0x1 main.o
 .bss.clo.4622  0x00800418        0x4 main.o
 .bss.Timer.4621
                0x0080041c        0x1 main.o
 .bss.state.4619
                0x0080041d        0x1 main.o
 .bss.state.4283
                0x0080041e        0x1 main.o
 .bss.state.3854
                0x0080041f        0x1 main.o
 .bss.state.3784
                0x00800420        0x1 main.o
 .bss.Timer.3418
                0x00800421        0x1 main.o
 .bss.state.3416
                0x00800422        0x1 main.o
 .bss.state.3286
                0x00800423        0x1 main.o
 .bss.Timer.3257
                0x00800424        0x1 main.o
 .bss.state.3255
                0x00800425        0x1 main.o
 .bss.state.3235
                0x00800426        0x1 main.o
 .bss.state.3217
                0x00800427        0x1 main.o
 .bss.state.3200
                0x00800428        0x1 main.o
 .bss.state.3159
                0x00800429        0x1 main.o
 .bss.state.3140
                0x0080042a        0x1 main.o
 .bss.Count.2730
                0x0080042b        0x1 main.o
 .bss.Timer10ms.2163
                0x0080042c        0x1 main.o
 .bss.state.1897
                0x0080042d        0x1 main.o
 .bss.state.1879
                0x0080042e        0x1 main.o
 .bss.state.1861
                0x0080042f        0x1 main.o
 .bss.locUpTime
                0x00800430        0x4 main.o
                0x00800430                locUpTime
 .bss.ledstate  0x00800434        0x4 main.o
                0x00800434                ledstate
 .bss.count     0x00800438        0x1 main.o
                0x00800438                count
 .bss.TD_DHCP_lease_timer
                0x00800439        0x1 main.o
 .bss.TD_DHCP_response_timer
                0x0080043a        0x1 main.o
 .bss.resetTEST_Counter
                0x0080043b        0x4 main.o
                0x0080043b                resetTEST_Counter
 .bss.TD_MB     0x0080043f        0x1 main.o
 .bss.SlaveSkip
                0x00800440        0x4 main.o
 .bss.Try       0x00800444        0x1 main.o
 .bss.LastProcSingle
                0x00800445        0x1 main.o
 .bss.MB_SingleQuery
                0x00800446        0x8 main.o
 .bss.MB_Err    0x0080044e        0x1 main.o
 .bss.TickCounter
                0x0080044f        0x1 main.o
 .bss.TD_Scan   0x00800450        0x1 main.o
 .bss.Timer32Flg
                0x00800451        0x6 main.o
 .bss.Timer16Flg
                0x00800457        0xd main.o
 .bss.Timer8Flg
                0x00800464        0xc main.o
 .bss.Timer8_ISR_Flg
                0x00800470        0x2 main.o
 .bss.Timer32   0x00800472       0xa0 main.o
 .bss.Timer16   0x00800512       0xc0 main.o
 .bss.Timer8    0x008005d2       0x58 main.o
 .bss.Timer8_ISR
                0x0080062a        0x8 main.o
 .bss.interru_enub_flg
                0x00800632        0x1 main.o
 *(COMMON)
 COMMON         0x00800633      0xc0e main.o
                0x00800633                pi4
                0x00800635                MB_State
                0x00800636                GPRS_DATA
                0x00800674                _getCommName
                0x00800676                rsize
                0x00800678                _dhcpDhcpServerIp
                0x0080067c                _packet
                0x00800715                _packetPos
                0x00800717                MB_M_TimeOff
                0x00800718                RBASE
                0x00800720                _offset1
                0x00800722                _dhcpLocalIp
                0x00800726                MB_NativeAddr
                0x00800727                _dhcpMacAddr
                0x0080072d                _packetSize
                0x0080072f                _responseTimeout
                0x00800733                _getSize
                0x00800735                _dhcpGatewayIp
                0x00800739                CurrSlave
                0x0080073a                _dhcpLeaseTime
                0x0080073e                CurrQuery
                0x0080073f                get3idx
                0x00800741                _port
                0x00800743                _dstPort
                0x00800745                _dhcpTransactionId
                0x00800749                MB_M_Period
                0x0080074b                MB_SingleState
                0x0080074c                Timer1min
                0x0080074d                MaxScanCycle
                0x0080074e                ptr
                0x00800750                _dhcpT1
                0x00800754                _dstIp
                0x00800758                get2idx
                0x0080075a                _lastCheckLeaseMillis
                0x0080075e                MB_Master_MaxCycle
                0x00800760                myMillisTimer
                0x00800761                _remaining
                0x00800769                _setSize
                0x0080076b                getidx
                0x0080076d                MB_M_Try
                0x0080076e                _dhcpT2
                0x00800772                MB_Frame_Sz
                0x00800773                ScanCycle
                0x00800774                _rebindInSec
                0x00800778                LED_Timer
                0x00800779                buf1
                0x008007dd                C
                0x0080085d                oid
                0x0080089d                ScanCount
                0x0080089f                _offset2
                0x008008a1                MB_Master_Cycle
                0x008008a3                _dstType
                0x008008a4                MB_Coil
                0x008008a8                SerialVal1
                0x008008aa                LiveTime
                0x008008ae                MB_BitRate_RAM
                0x008008af                ScanPerSec
                0x008008b1                data
                0x008009dd                SerialVal2
                0x008009df                _timeout
                0x008009e3                ris1idx
                0x008009e5                MB_InReg
                0x00800a85                _setCommName
                0x00800a87                R
                0x00800b81                _dhcpInitialTransactionId
                0x00800b85                MemFail
                0x00800b86                SBASE
                0x00800b8e                buf
                0x00800f8e                Timer1s
                0x00800f8f                _dhcpSubnetMask
                0x00800f93                MB_M_Timeout
                0x00800f94                MB_TimerFlag
                0x00800f95                SlaveOff
                0x00800f99                _remotePort
                0x00800fa1                _remoteIP
                0x00800fa5                MB_CPT
                0x00800fb5                respId
                0x00800fb9                MB_Input
                0x00800fbd                _dhcpDnsServerIp
                0x00800fc1                sockstat
                0x00800fc2                _dhcp_state
                0x00800fc3                _renewInSec
                0x00800fc7                get1idx
                0x00800fc9                get0idx
                0x00800fcb                _offset
                0x00800fcd                MB_HoldReg
                0x00801041                status
                0x00801042                risidx
                0x00801044                MB_Frame
                0x00801144                Timer1hour
                0x00801146                api_status
                0x00801147                IR
                0x00801241                PROVIDE (__bss_end, .)
                0x00007400                __data_load_start = LOADADDR (.data)
                0x00007616                __data_load_end = (__data_load_start + SIZEOF (.data))

.noinit         0x00801241        0x0
                0x00801241                PROVIDE (__noinit_start, .)
 *(.noinit*)
                0x00801241                PROVIDE (__noinit_end, .)
                0x00801241                _end = .
                0x00801241                PROVIDE (__heap_start, .)

.eeprom         0x00810000       0x11
 *(.eeprom*)
 .eeprom        0x00810000       0x11 main.o
                0x00810005                MB_Param
                0x00810009                DateBackUp
                0x00810011                __eeprom_end = .

.fuse
 *(.fuse)
 *(.lfuse)
 *(.hfuse)
 *(.efuse)

.lock
 *(.lock*)

.signature
 *(.signature*)

.user_signatures
 *(.user_signatures*)

.stab
 *(.stab)

.stabstr
 *(.stabstr)

.stab.excl
 *(.stab.excl)

.stab.exclstr
 *(.stab.exclstr)

.stab.index
 *(.stab.index)

.stab.indexstr
 *(.stab.indexstr)

.comment        0x00000000       0x30
 *(.comment)
 .comment       0x00000000       0x30 main.o
                                 0x31 (size before relaxing)
 .comment       0x00000000       0x31 c:/program files (x86)/atmel/atmel toolchain/avr8 gcc/native/3.4.1061/avr8-gnu-toolchain/bin/../lib/gcc/avr/4.8.1/../../../../avr/lib/avr6\libc.a(random.o)

.note.gnu.build-id
 *(.note.gnu.build-id)

.debug
 *(.debug)

.line
 *(.line)

.debug_srcinfo
 *(.debug_srcinfo)

.debug_sfnames
 *(.debug_sfnames)

.debug_aranges  0x00000000      0x7c8
 *(.debug_aranges)
 .debug_aranges
                0x00000000      0x7c8 main.o

.debug_pubnames
 *(.debug_pubnames)

.debug_info     0x00000000     0xcb9f
 *(.debug_info .gnu.linkonce.wi.*)
 .debug_info    0x00000000     0xcb9f main.o

.debug_abbrev   0x00000000      0x986
 *(.debug_abbrev)
 .debug_abbrev  0x00000000      0x986 main.o

.debug_line     0x00000000     0x5cef
 *(.debug_line .debug_line.* .debug_line_end)
 .debug_line    0x00000000     0x5cef main.o

.debug_frame    0x00000000     0x1d64
 *(.debug_frame)
 .debug_frame   0x00000000     0x1d64 main.o

.debug_str      0x00000000     0x2575
 *(.debug_str)
 .debug_str     0x00000000     0x2575 main.o
                               0x2745 (size before relaxing)

.debug_loc      0x00000000     0xcd5b
 *(.debug_loc)
 .debug_loc     0x00000000     0xcd5b main.o

.debug_macinfo
 *(.debug_macinfo)

.debug_weaknames
 *(.debug_weaknames)

.debug_funcnames
 *(.debug_funcnames)

.debug_typenames
 *(.debug_typenames)

.debug_varnames
 *(.debug_varnames)

.debug_pubtypes
 *(.debug_pubtypes)

.debug_ranges   0x00000000      0xa98
 *(.debug_ranges)
 .debug_ranges  0x00000000      0xa98 main.o

.debug_macro
 *(.debug_macro)
OUTPUT(Ethernet_to_Serial.elf elf32-avr)
LOAD linker stubs
