Archive member included because of file (symbol)

c:/program files (x86)/atmel/atmel toolchain/avr8 gcc/native/3.4.1061/avr8-gnu-toolchain/bin/../lib/gcc/avr/4.8.1/../../../../avr/lib/avr6\libm.a(fixunssfsi.o)
                              main.o (__fixunssfsi)
c:/program files (x86)/atmel/atmel toolchain/avr8 gcc/native/3.4.1061/avr8-gnu-toolchain/bin/../lib/gcc/avr/4.8.1/../../../../avr/lib/avr6\libm.a(floatsisf.o)
                              main.o (__floatunsisf)
c:/program files (x86)/atmel/atmel toolchain/avr8 gcc/native/3.4.1061/avr8-gnu-toolchain/bin/../lib/gcc/avr/4.8.1/../../../../avr/lib/avr6\libm.a(fp_split3.o)
                              c:/program files (x86)/atmel/atmel toolchain/avr8 gcc/native/3.4.1061/avr8-gnu-toolchain/bin/../lib/gcc/avr/4.8.1/../../../../avr/lib/avr6\libm.a(fixunssfsi.o) (__fp_splitA)
c:/program files (x86)/atmel/atmel toolchain/avr8 gcc/native/3.4.1061/avr8-gnu-toolchain/bin/../lib/gcc/avr/4.8.1/../../../../avr/lib/avr6\libm.a(fp_zero.o)
                              c:/program files (x86)/atmel/atmel toolchain/avr8 gcc/native/3.4.1061/avr8-gnu-toolchain/bin/../lib/gcc/avr/4.8.1/../../../../avr/lib/avr6\libm.a(fixunssfsi.o) (__fp_zero)
c:/program files (x86)/atmel/atmel toolchain/avr8 gcc/native/3.4.1061/avr8-gnu-toolchain/bin/../lib/gcc/avr/4.8.1/../../../../avr/lib/avr6\libm.a(mulsf3.o)
                              main.o (__mulsf3)
c:/program files (x86)/atmel/atmel toolchain/avr8 gcc/native/3.4.1061/avr8-gnu-toolchain/bin/../lib/gcc/avr/4.8.1/../../../../avr/lib/avr6\libm.a(mulsf3x.o)
                              c:/program files (x86)/atmel/atmel toolchain/avr8 gcc/native/3.4.1061/avr8-gnu-toolchain/bin/../lib/gcc/avr/4.8.1/../../../../avr/lib/avr6\libm.a(mulsf3.o) (__mulsf3x)
c:/program files (x86)/atmel/atmel toolchain/avr8 gcc/native/3.4.1061/avr8-gnu-toolchain/bin/../lib/gcc/avr/4.8.1/../../../../avr/lib/avr6\libm.a(fp_inf.o)
                              c:/program files (x86)/atmel/atmel toolchain/avr8 gcc/native/3.4.1061/avr8-gnu-toolchain/bin/../lib/gcc/avr/4.8.1/../../../../avr/lib/avr6\libm.a(mulsf3x.o) (__fp_inf)
c:/program files (x86)/atmel/atmel toolchain/avr8 gcc/native/3.4.1061/avr8-gnu-toolchain/bin/../lib/gcc/avr/4.8.1/../../../../avr/lib/avr6\libm.a(fp_nan.o)
                              c:/program files (x86)/atmel/atmel toolchain/avr8 gcc/native/3.4.1061/avr8-gnu-toolchain/bin/../lib/gcc/avr/4.8.1/../../../../avr/lib/avr6\libm.a(mulsf3x.o) (__fp_nan)
c:/program files (x86)/atmel/atmel toolchain/avr8 gcc/native/3.4.1061/avr8-gnu-toolchain/bin/../lib/gcc/avr/4.8.1/../../../../avr/lib/avr6\libm.a(fp_pscA.o)
                              c:/program files (x86)/atmel/atmel toolchain/avr8 gcc/native/3.4.1061/avr8-gnu-toolchain/bin/../lib/gcc/avr/4.8.1/../../../../avr/lib/avr6\libm.a(mulsf3x.o) (__fp_pscA)
c:/program files (x86)/atmel/atmel toolchain/avr8 gcc/native/3.4.1061/avr8-gnu-toolchain/bin/../lib/gcc/avr/4.8.1/../../../../avr/lib/avr6\libm.a(fp_pscB.o)
                              c:/program files (x86)/atmel/atmel toolchain/avr8 gcc/native/3.4.1061/avr8-gnu-toolchain/bin/../lib/gcc/avr/4.8.1/../../../../avr/lib/avr6\libm.a(mulsf3x.o) (__fp_pscB)
c:/program files (x86)/atmel/atmel toolchain/avr8 gcc/native/3.4.1061/avr8-gnu-toolchain/bin/../lib/gcc/avr/4.8.1/../../../../avr/lib/avr6\libm.a(fp_round.o)
                              c:/program files (x86)/atmel/atmel toolchain/avr8 gcc/native/3.4.1061/avr8-gnu-toolchain/bin/../lib/gcc/avr/4.8.1/../../../../avr/lib/avr6\libm.a(mulsf3.o) (__fp_round)
c:/program files (x86)/atmel/atmel toolchain/avr8 gcc/native/3.4.1061/avr8-gnu-toolchain/bin/../lib/gcc/avr/4.8.1/avr6\libgcc.a(_divmodsi4.o)
                              main.o (__divmodsi4)
c:/program files (x86)/atmel/atmel toolchain/avr8 gcc/native/3.4.1061/avr8-gnu-toolchain/bin/../lib/gcc/avr/4.8.1/avr6\libgcc.a(_negsi2.o)
                              c:/program files (x86)/atmel/atmel toolchain/avr8 gcc/native/3.4.1061/avr8-gnu-toolchain/bin/../lib/gcc/avr/4.8.1/avr6\libgcc.a(_divmodsi4.o) (__negsi2)
c:/program files (x86)/atmel/atmel toolchain/avr8 gcc/native/3.4.1061/avr8-gnu-toolchain/bin/../lib/gcc/avr/4.8.1/avr6\libgcc.a(_exit.o)
                              c:/program files (x86)/atmel/atmel toolchain/avr8 gcc/native/3.4.1061/avr8-gnu-toolchain/bin/../lib/gcc/avr/4.8.1/../../../../avr/lib/avr6/crtm2561.o (exit)
c:/program files (x86)/atmel/atmel toolchain/avr8 gcc/native/3.4.1061/avr8-gnu-toolchain/bin/../lib/gcc/avr/4.8.1/avr6\libgcc.a(_tablejump.o)
                              main.o (__tablejump2__)
c:/program files (x86)/atmel/atmel toolchain/avr8 gcc/native/3.4.1061/avr8-gnu-toolchain/bin/../lib/gcc/avr/4.8.1/avr6\libgcc.a(_copy_data.o)
                              main.o (__do_copy_data)
c:/program files (x86)/atmel/atmel toolchain/avr8 gcc/native/3.4.1061/avr8-gnu-toolchain/bin/../lib/gcc/avr/4.8.1/avr6\libgcc.a(_clear_bss.o)
                              main.o (__do_clear_bss)
[...]
Memory Configuration

Name             Origin             Length             Attributes
text             0x00000000         0x00100000         xr
data             0x00800200         0x0000fe00         rw !x
eeprom           0x00810000         0x00010000         rw !x
fuse             0x00820000         0x00000400         rw !x
lock             0x00830000         0x00000400         rw !x
signature        0x00840000         0x00000400         rw !x
user_signatures  0x00850000         0x00000400         rw !x
*default*        0x00000000         0xffffffff

Linker script and memory map

Address of section .data set to 0x800200
LOAD c:/program files (x86)/atmel/atmel toolchain/avr8 gcc/native/3.4.1061/avr8-gnu-toolchain/bin/../lib/gcc/avr/4.8.1/../../../../avr/lib/avr6/crtm2561.o
LOAD main.o
START GROUP
LOAD c:/program files (x86)/atmel/atmel toolchain/avr8 gcc/native/3.4.1061/avr8-gnu-toolchain/bin/../lib/gcc/avr/4.8.1/../../../../avr/lib/avr6\libm.a
END GROUP
START GROUP
LOAD c:/program files (x86)/atmel/atmel toolchain/avr8 gcc/native/3.4.1061/avr8-gnu-toolchain/bin/../lib/gcc/avr/4.8.1/avr6\libgcc.a
LOAD c:/program files (x86)/atmel/atmel toolchain/avr8 gcc/native/3.4.1061/avr8-gnu-toolchain/bin/../lib/gcc/avr/4.8.1/../../../../avr/lib/avr6\libm.a
LOAD c:/program files (x86)/atmel/atmel toolchain/avr8 gcc/native/3.4.1061/avr8-gnu-toolchain/bin/../lib/gcc/avr/4.8.1/../../../../avr/lib/avr6\libc.a
END GROUP

.hash
 *(.hash)

.dynsym
 *(.dynsym)

.dynstr
 *(.dynstr)

.gnu.version
 *(.gnu.version)

.gnu.version_d
 *(.gnu.version_d)

.gnu.version_r
 *(.gnu.version_r)

.rel.init
 *(.rel.init)

.rela.init
 *(.rela.init)

.rel.text
 *(.rel.text)
 *(.rel.text.*)
 *(.rel.gnu.linkonce.t*)

.rela.text
 *(.rela.text)
 *(.rela.text.*)
 *(.rela.gnu.linkonce.t*)

.rel.fini
 *(.rel.fini)

.rela.fini
 *(.rela.fini)

.rel.rodata
 *(.rel.rodata)
 *(.rel.rodata.*)
 *(.rel.gnu.linkonce.r*)

.rela.rodata
 *(.rela.rodata)
 *(.rela.rodata.*)
 *(.rela.gnu.linkonce.r*)

.rel.data
 *(.rel.data)
 *(.rel.data.*)
 *(.rel.gnu.linkonce.d*)

.rela.data
 *(.rela.data)
 *(.rela.data.*)
 *(.rela.gnu.linkonce.d*)

.rel.ctors
 *(.rel.ctors)

.rela.ctors
 *(.rela.ctors)

.rel.dtors
 *(.rel.dtors)

.rela.dtors
 *(.rela.dtors)

.rel.got
 *(.rel.got)

.rela.got
 *(.rela.got)

.rel.bss
 *(.rel.bss)

.rela.bss
 *(.rela.bss)

.rel.plt
 *(.rel.plt)

.rela.plt
 *(.rela.plt)

.text           0x00000000     0x78b6
 *(.vectors)
 .vectors       0x00000000       0xcc c:/program files (x86)/atmel/atmel toolchain/avr8 gcc/native/3.4.1061/avr8-gnu-toolchain/bin/../lib/gcc/avr/4.8.1/../../../../avr/lib/avr6/crtm2561.o
                0x00000000                __vector_default
                0x00000000                __vectors
 *(.vectors)
 *(.progmem.gcc*)
 .progmem.gcc_sw_table.MB_S_Timer_ISR
                0x000000cc       0x20 main.o
 .progmem.gcc_sw_table.MB_M_Timer_ISR
                0x000000ec       0x20 main.o
 .progmem.gcc_sw_table.Modbus_TCP_Automat
                0x0000010c       0x20 main.o
                0x0000012c                . = ALIGN (0x2)
                0x0000012c                __trampolines_start = .
 *(.trampolines)
 .trampolines   0x0000012c        0x0 linker stubs
 *(.trampolines*)
                0x0000012c                __trampolines_end = .
 *(.progmem*)
 .progmem.data.aCRCLo.2498
                0x0000012c      0x100 main.o
 .progmem.data.aCRCHi.2497
                0x0000022c      0x100 main.o
 .progmem.data.MB_Master_List
                0x0000032c        0x3 main.o
                0x0000032c                MB_Master_List
 .progmem.data.MB_Slave_List
                0x0000032f        0x8 main.o
                0x0000032f                MB_Slave_List
 .progmem.data.DI8RO8_QUERRY
                0x00000337        0xe main.o
                0x00000337                DI8RO8_QUERRY
 .progmem.data.AI8AO4_QUERRY
                0x00000345        0xe main.o
                0x00000345                AI8AO4_QUERRY
 .progmem.data.MB_Timer
                0x00000353       0x12 main.o
 .progmem.data.MB_Port
                0x00000365       0x14 main.o
 .progmem.data.BR_Tbl
                0x00000379       0x1b main.o
                0x00000379                BR_Tbl
 .progmem.data.Modbus_Map
                0x00000394       0x10 main.o
                0x00000394                Modbus_Map
 .progmem.data.MB_Role
                0x000003a4        0x1 main.o
 .progmem.data  0x000003a5        0xc c:/program files (x86)/atmel/atmel toolchain/avr8 gcc/native/3.4.1061/avr8-gnu-toolchain/bin/../lib/gcc/avr/4.8.1/../../../../avr/lib/avr6\libc.a(vfscanf_std.o)
                0x000003b2                . = ALIGN (0x2)
 *fill*         0x000003b1        0x1 
 *(.jumptables)
 *(.jumptables*)
 *(.lowtext)
 *(.lowtext*)
                0x000003b2                __ctors_start = .
 *(.ctors)
                0x000003b2                __ctors_end = .
                0x000003b2                __dtors_start = .
 *(.dtors)
                0x000003b2                __dtors_end = .
 SORT(*)(.ctors)
 SORT(*)(.dtors)
 *(.init0)
 .init0         0x000003b2        0x0 c:/program files (x86)/atmel/atmel toolchain/avr8 gcc/native/3.4.1061/avr8-gnu-toolchain/bin/../lib/gcc/avr/4.8.1/../../../../avr/lib/avr6/crtm2561.o
                0x000003b2                __init
 *(.init0)
 *(.init1)
 *(.init1)
 *(.init2)
 .init2         0x000003b2       0x10 c:/program files (x86)/atmel/atmel toolchain/avr8 gcc/native/3.4.1061/avr8-gnu-toolchain/bin/../lib/gcc/avr/4.8.1/../../../../avr/lib/avr6/crtm2561.o
 *(.init2)
 *(.init3)
 *(.init3)
 *(.init4)
 .init4         0x000003c2       0x1a c:/program files (x86)/atmel/atmel toolchain/avr8 gcc/native/3.4.1061/avr8-gnu-toolchain/bin/../lib/gcc/avr/4.8.1/avr6\libgcc.a(_copy_data.o)
                0x000003c2                __do_copy_data
 .init4         0x000003dc       0x10 c:/program files (x86)/atmel/atmel toolchain/avr8 gcc/native/3.4.1061/avr8-gnu-toolchain/bin/../lib/gcc/avr/4.8.1/avr6\libgcc.a(_clear_bss.o)
                0x000003dc                __do_clear_bss
 *(.init4)
 *(.init5)
 *(.init5)
 *(.init6)
 *(.init6)
 *(.init7)
 *(.init7)
 *(.init8)
 *(.init8)
 *(.init9)
 .init9         0x000003ec        0x8 c:/program files (x86)/atmel/atmel toolchain/avr8 gcc/native/3.4.1061/avr8-gnu-toolchain/bin/../lib/gcc/avr/4.8.1/../../../../avr/lib/avr6/crtm2561.o
 *(.init9)
 *(.text)
 .text          0x000003f4        0x2 c:/program files (x86)/atmel/atmel toolchain/avr8 gcc/native/3.4.1061/avr8-gnu-toolchain/bin/../lib/gcc/avr/4.8.1/../../../../avr/lib/avr6/crtm2561.o
                0x000003f4                __vector_22
                0x000003f4                __vector_28
                0x000003f4                __vector_1
                0x000003f4                __vector_32
                0x000003f4                __vector_34
                0x000003f4                __vector_24
                0x000003f4                __vector_12
                0x000003f4                __vector_46
                0x000003f4                __bad_interrupt
                0x000003f4                __vector_6
                0x000003f4                __vector_31
                0x000003f4                __vector_35
                0x000003f4                __vector_39
                0x000003f4                __vector_3
                0x000003f4                __vector_23
                0x000003f4                __vector_30
                0x000003f4                __vector_45
                0x000003f4                __vector_11
                0x000003f4                __vector_19
                0x000003f4                __vector_7
                0x000003f4                __vector_49
                0x000003f4                __vector_41
                0x000003f4                __vector_43
                0x000003f4                __vector_5
                0x000003f4                __vector_33
                0x000003f4                __vector_47
                0x000003f4                __vector_4
                0x000003f4                __vector_44
                0x000003f4                __vector_9
                0x000003f4                __vector_2
                0x000003f4                __vector_15
                0x000003f4                __vector_29
                0x000003f4                __vector_40
                0x000003f4                __vector_8
                0x000003f4                __vector_48
                0x000003f4                __vector_14
                0x000003f4                __vector_10
                0x000003f4                __vector_50
                0x000003f4                __vector_16
                0x000003f4                __vector_18
                0x000003f4                __vector_20
                0x000003f6                . = ALIGN (0x2)
 *(.text.*)
 .text.rrb      0x000003f6        0x6 main.o
                0x000003f6                rrb
 .text.RS485_0  0x000003fc        0xa main.o
                0x000003fc                RS485_0
 .text.MB_LED0  0x00000406        0x2 main.o
                0x00000406                MB_LED0
 .text.MB_LED_Err_On_0
                0x00000408        0x2 main.o
                0x00000408                MB_LED_Err_On_0
 .text.MB_LED_Err_Off_0
                0x0000040a        0x2 main.o
                0x0000040a                MB_LED_Err_Off_0
 .text.StartTimer0
                0x0000040c       0x14 main.o
                0x0000040c                StartTimer0
 .text.StartTimer2
                0x00000420       0x18 main.o
                0x00000420                StartTimer2
 .text.StartTimer4
                0x00000438       0x16 main.o
                0x00000438                StartTimer4
 .text.erb      0x0000044e        0x6 main.o
                0x0000044e                erb
 .text.GetSlave
                0x00000454       0x30 main.o
 .text.MBRecept
                0x00000484       0x8c main.o
 .text.GetReg   0x00000510       0x78 main.o
 .text.MB_Timer_ISR
                0x00000588       0xc8 main.o
 .text.SPItransfer
                0x00000650        0xe main.o
                0x00000650                SPItransfer
 .text.W5100read
                0x0000065e       0x22 main.o
                0x0000065e                W5100read
 .text.W5100readBlock
                0x00000680       0x5a main.o
                0x00000680                W5100readBlock
 .text.W5100writeBlock
                0x000006da       0x58 main.o
                0x000006da                W5100writeBlock
 .text.W5100_init
                0x00000732      0x120 main.o
                0x00000732                W5100_init
 .text.W5100write
                0x00000852       0x32 main.o
                0x00000852                W5100write
 .text.execCmdSn
                0x00000884       0x30 main.o
                0x00000884                execCmdSn
 .text.W5100_SetMac
                0x000008b4       0x4e main.o
                0x000008b4                W5100_SetMac
 .text.W5100_SetIP
                0x00000902       0x36 main.o
                0x00000902                W5100_SetIP
 .text.W5100_SetGateway
                0x00000938       0x36 main.o
                0x00000938                W5100_SetGateway
 .text.W5100_SetMask
                0x0000096e       0x36 main.o
                0x0000096e                W5100_SetMask
 .text.readSn   0x000009a4       0x10 main.o
                0x000009a4                readSn
 .text.readSnTX_FSR
                0x000009b4       0x2c main.o
 .text.readSnRX_RSR
                0x000009e0       0x2c main.o
 .text.writeSn  0x00000a0c       0x14 main.o
                0x00000a0c                writeSn
 .text.execCmdS0_Automat
                0x00000a20       0x62 main.o
                0x00000a20                execCmdS0_Automat
 .text.execCmdS1_Automat
                0x00000a82       0x62 main.o
                0x00000a82                execCmdS1_Automat
 .text.execCmdS2_Automat
                0x00000ae4       0x62 main.o
                0x00000ae4                execCmdS2_Automat
 .text.W5100_writeS0DPORT
                0x00000b46       0x18 main.o
                0x00000b46                W5100_writeS0DPORT
 .text.W5100_writeS0DIPR
                0x00000b5e       0x2c main.o
                0x00000b5e                W5100_writeS0DIPR
 .text.W5100_writeS1DPORT
                0x00000b8a       0x18 main.o
                0x00000b8a                W5100_writeS1DPORT
 .text.W5100_writeS1DIPR
                0x00000ba2       0x2c main.o
                0x00000ba2                W5100_writeS1DIPR
 .text.W5100_writeS2DPORT
                0x00000bce       0x18 main.o
                0x00000bce                W5100_writeS2DPORT
 .text.W5100_writeS2DIPR
                0x00000be6       0x2c main.o
                0x00000be6                W5100_writeS2DIPR
 .text.W5100_send_data_processing_offset
                0x00000c12       0xc4 main.o
                0x00000c12                W5100_send_data_processing_offset
 .text.W5100_getTXFreeSize
                0x00000cd6       0x4a main.o
                0x00000cd6                W5100_getTXFreeSize
 .text.bufferData
                0x00000d20       0x40 main.o
                0x00000d20                bufferData
 .text.printByte
                0x00000d60       0x2c main.o
                0x00000d60                printByte
 .text.IntOff   0x00000d8c       0x10 main.o
                0x00000d8c                IntOff
 .text.IntOn    0x00000d9c       0x10 main.o
                0x00000d9c                IntOn
 .text.WdtOn    0x00000dac       0x1a main.o
                0x00000dac                WdtOn
 .text.Timer16Alloc
                0x00000dc6        0xe main.o
                0x00000dc6                Timer16Alloc
 .text.Timer32Alloc
                0x00000dd4        0xe main.o
                0x00000dd4                Timer32Alloc
 .text.StartTimer8
                0x00000de2       0x70 main.o
                0x00000de2                StartTimer8
 .text.StartTimer16
                0x00000e52       0x7a main.o
                0x00000e52                StartTimer16
 .text.SlavesOn
                0x00000ecc       0x36 main.o
 .text.NextSlave
                0x00000f02      0x13e main.o
 .text.FailSlave
                0x00001040       0xda main.o
 .text.StartTimer32
                0x0000111a       0x90 main.o
                0x0000111a                StartTimer32
 .text.Timer16Stopp
                0x000011aa       0x4e main.o
                0x000011aa                Timer16Stopp
 .text.Timer32Stopp
                0x000011f8       0x5a main.o
                0x000011f8                Timer32Stopp
 .text.TimeInit
                0x00001252       0x6a main.o
                0x00001252                TimeInit
 .text.__vector_17
                0x000012bc       0xdc main.o
                0x000012bc                __vector_17
 .text.TimersInc
                0x00001398      0x1cc main.o
                0x00001398                TimersInc
 .text.TimeCycle
                0x00001564       0x3a main.o
                0x00001564                TimeCycle
 .text.CRC_Seed
                0x0000159e       0x8e main.o
                0x0000159e                CRC_Seed
 .text.CRC      0x0000162c       0x10 main.o
                0x0000162c                CRC
 .text.CRC_EEPROM_calc
                0x0000163c       0x34 main.o
 .text.CRC_EEPROM_upd
                0x00001670       0x16 main.o
 .text.ewb      0x00001686        0x8 main.o
                0x00001686                ewb
 .text.MB_PLC_Init
                0x0000168e        0x6 main.o
                0x0000168e                MB_PLC_Init
 .text.__vector_21
                0x00001694       0x64 main.o
                0x00001694                __vector_21
 .text.__vector_13
                0x000016f8       0x68 main.o
                0x000016f8                __vector_13
 .text.__vector_42
                0x00001760       0x68 main.o
                0x00001760                __vector_42
 .text.SetParity
                0x000017c8       0x7c main.o
                0x000017c8                SetParity
 .text.SetBAUD  0x00001844       0x8e main.o
                0x00001844                SetBAUD
 .text.MB_Transm
                0x000018d2       0x84 main.o
                0x000018d2                MB_Transm
 .text.Modbus_RX
                0x00001956      0x108 main.o
                0x00001956                Modbus_RX
 .text.CommErr  0x00001a5e       0xe0 main.o
                0x00001a5e                CommErr
 .text.SetCRC_MB
                0x00001b3e       0x36 main.o
                0x00001b3e                SetCRC_MB
 .text.MB_FrameReg
                0x00001b74       0x28 main.o
                0x00001b74                MB_FrameReg
 .text.FormData
                0x00001b9c      0x212 main.o
 .text.FormQuery
                0x00001dae       0x94 main.o
 .text.FormSingle
                0x00001e42       0x56 main.o
 .text.MB_S_Timer_ISR
                0x00001e98      0x730 main.o
                0x00001e98                MB_S_Timer_ISR
 .text.MB_S_Tx  0x000025c8       0x18 main.o
                0x000025c8                MB_S_Tx
 .text.MB_S_Init
                0x000025e0       0x1e main.o
                0x000025e0                MB_S_Init
 .text.MB_M_Init
                0x000025fe       0x80 main.o
                0x000025fe                MB_M_Init
 .text.MB_Init  0x0000267e       0x4e main.o
                0x0000267e                MB_Init
 .text.MB_M_Timer_ISR
                0x000026cc      0x57c main.o
                0x000026cc                MB_M_Timer_ISR
 .text.MB_M_Tx  0x00002c48       0x18 main.o
                0x00002c48                MB_M_Tx
 .text.Modbus_TX
                0x00002c60      0x132 main.o
                0x00002c60                Modbus_TX
 .text.MB_M_Cycle
                0x00002d92      0x10e main.o
                0x00002d92                MB_M_Cycle
 .text.MB_Cycle
                0x00002ea0       0x42 main.o
                0x00002ea0                MB_Cycle
 .text.SNMP_TO_MODUS
                0x00002ee2       0x4a main.o
                0x00002ee2                SNMP_TO_MODUS
 .text.MODUS_TO_SNMP
                0x00002f2c       0x4a main.o
                0x00002f2c                MODUS_TO_SNMP
 .text.USART_Cycle
                0x00002f76        0x8 main.o
                0x00002f76                USART_Cycle
 .text.__vector_25
                0x00002f7e       0x54 main.o
                0x00002f7e                __vector_25
 .text.__vector_27
                0x00002fd2       0x52 main.o
                0x00002fd2                __vector_27
 .text.__vector_26
                0x00003024       0x52 main.o
                0x00003024                __vector_26
 .text.__vector_36
                0x00003076       0x54 main.o
                0x00003076                __vector_36
 .text.__vector_38
                0x000030ca       0x52 main.o
                0x000030ca                __vector_38
 .text.__vector_37
                0x0000311c       0x52 main.o
                0x0000311c                __vector_37
 .text.UDPbegin0_Automat
                0x0000316e       0xa8 main.o
                0x0000316e                UDPbegin0_Automat
 .text.UDPbegin1_Automat
                0x00003216       0xa8 main.o
                0x00003216                UDPbegin1_Automat
 .text.startUDP
                0x000032be       0x7c main.o
                0x000032be                startUDP
 .text._dhcpUdpSocket_beginPacket
                0x0000333a       0x12 main.o
                0x0000333a                _dhcpUdpSocket_beginPacket
 .text._UDPtoSerialSocket_beginPacket
                0x0000334c       0x12 main.o
                0x0000334c                _UDPtoSerialSocket_beginPacket
 .text._dhcpUdpSocket_write
                0x0000335e       0x28 main.o
                0x0000335e                _dhcpUdpSocket_write
 .text._UDPtoSerialSocket_write
                0x00003386       0x28 main.o
                0x00003386                _UDPtoSerialSocket_write
 .text._UDPtoSerialSocket_endPacket_Automat
                0x000033ae       0x8e main.o
                0x000033ae                _UDPtoSerialSocket_endPacket_Automat
 .text._dhcpUdpSocket_endPacket_Automat
                0x0000343c       0x8e main.o
                0x0000343c                _dhcpUdpSocket_endPacket_Automat
 .text.UDPbegin2_Automat
                0x000034ca       0xa8 main.o
                0x000034ca                UDPbegin2_Automat
 .text._Socket2_beginPacket
                0x00003572       0x12 main.o
                0x00003572                _Socket2_beginPacket
 .text._Socket2_write
                0x00003584       0x28 main.o
                0x00003584                _Socket2_write
 .text.read_data
                0x000035ac       0x9e main.o
                0x000035ac                read_data
 .text.W5100_recv_data_processing
                0x0000364a       0x66 main.o
                0x0000364a                W5100_recv_data_processing
 .text.W5100_getRXReceivedSize
                0x000036b0       0x4e main.o
                0x000036b0                W5100_getRXReceivedSize
 .text.recv     0x000036fe       0x72 main.o
                0x000036fe                recv
 .text.UDP_read
                0x00003770       0x66 main.o
                0x00003770                UDP_read
 .text.UDP_parsePacket
                0x000037d6       0xda main.o
                0x000037d6                UDP_parsePacket
 .text._dhcpUdpSocket_parsePacket
                0x000038b0        0x6 main.o
                0x000038b0                _dhcpUdpSocket_parsePacket
 .text._UDPtoSerialSocket_parsePacket
                0x000038b6        0x6 main.o
                0x000038b6                _UDPtoSerialSocket_parsePacket
 .text._dhcpUdpSocket_readBlock
                0x000038bc       0x50 main.o
                0x000038bc                _dhcpUdpSocket_readBlock
 .text._SNMPSocket_read
                0x0000390c       0x50 main.o
                0x0000390c                _SNMPSocket_read
 .text._dhcpUdpSocket_read
                0x0000395c        0x6 main.o
                0x0000395c                _dhcpUdpSocket_read
 .text.resetTEST
                0x00003962       0x2c main.o
                0x00003962                resetTEST
 .text._Socket2_endPacket_Automat
                0x0000398e       0xca main.o
                0x0000398e                _Socket2_endPacket_Automat
 .text.Socket2_sendmessage_Automat
                0x00003a58       0x7a main.o
                0x00003a58                Socket2_sendmessage_Automat
 .text.TEST_Automat
                0x00003ad2      0x220 main.o
                0x00003ad2                TEST_Automat
 .text.send_DHCP_MESSAGE
                0x00003cf2      0x230 main.o
                0x00003cf2                send_DHCP_MESSAGE
 .text.send_DHCP_MESSAGE_Automat
                0x00003f22       0x5c main.o
                0x00003f22                send_DHCP_MESSAGE_Automat
 .text.parseDHCPResponse
                0x00003f7e      0x466 main.o
                0x00003f7e                parseDHCPResponse
 .text.random1  0x000043e4       0x34 main.o
                0x000043e4                random1
 .text.DHCP_automat
                0x00004418      0x34c main.o
                0x00004418                DHCP_automat
 .text.SNMP_OID_toString
                0x00004764      0x106 main.o
                0x00004764                SNMP_OID_toString
 .text.SNMP_OID_fromString
                0x0000486a      0x230 main.o
                0x0000486a                SNMP_OID_fromString
 .text.clear    0x00004a9a       0x16 main.o
                0x00004a9a                clear
 .text.decodeOctetStringToString
                0x00004ab0      0x1ce main.o
                0x00004ab0                decodeOctetStringToString
 .text.decodeInt16toHoldReg
                0x00004c7e       0x80 main.o
                0x00004c7e                decodeInt16toHoldReg
 .text.encodeStringToOctetString
                0x00004cfe       0x96 main.o
                0x00004cfe                encodeStringToOctetString
 .text.encodeInt16ToInt
                0x00004d94       0x34 main.o
                0x00004d94                encodeInt16ToInt
 .text.encodeInt32ToInt32
                0x00004dc8       0x38 main.o
                0x00004dc8                encodeInt32ToInt32
 .text.encodeUint32ToUint32
                0x00004e00       0x40 main.o
                0x00004e00                encodeUint32ToUint32
 .text.GetOIDCount
                0x00004e40       0x28 main.o
                0x00004e40                GetOIDCount
 .text.GetNVal_FromOID_String
                0x00004e68       0xd6 main.o
                0x00004e68                GetNVal_FromOID_String
 .text.CompareOIDS
                0x00004f3e      0x156 main.o
                0x00004f3e                CompareOIDS
 .text.GetNextOid
                0x00005094       0x4a main.o
                0x00005094                GetNextOid
 .text.Encode   0x000050de       0x6e main.o
                0x000050de                Encode
 .text.Decode   0x0000514c       0x3c main.o
                0x0000514c                Decode
 .text.SNMP_requestPdu
                0x00005188      0x61a main.o
                0x00005188                SNMP_requestPdu
 .text.SNMP_responsePdu
                0x000057a2      0x342 main.o
                0x000057a2                SNMP_responsePdu
 .text.SNMP_responsePduGetBulk
                0x00005ae4      0x474 main.o
                0x00005ae4                SNMP_responsePduGetBulk
 .text.SNMP_VARS_Processing
                0x00005f58      0x172 main.o
                0x00005f58                SNMP_VARS_Processing
 .text.pduReceived
                0x000060ca      0x136 main.o
                0x000060ca                pduReceived
 .text.Webserver_recv_size
                0x00006200       0x28 main.o
                0x00006200                Webserver_recv_size
 .text.WebserverSocket_close
                0x00006228       0x18 main.o
                0x00006228                WebserverSocket_close
 .text.WebserverSocketOpen
                0x00006240       0x6a main.o
                0x00006240                WebserverSocketOpen
 .text.Webserver_listen
                0x000062aa       0x3c main.o
                0x000062aa                Webserver_listen
 .text.Webserver_recv
                0x000062e6       0xcc main.o
                0x000062e6                Webserver_recv
 .text.WebserverSocket_disconnect
                0x000063b2       0x18 main.o
                0x000063b2                WebserverSocket_disconnect
 .text.Webserver_send
                0x000063ca      0x142 main.o
                0x000063ca                Webserver_send
 .text.ModbusTCPRun
                0x0000650c      0x4ee main.o
                0x0000650c                ModbusTCPRun
 .text.SetFC    0x000069fa       0x52 main.o
                0x000069fa                SetFC
 .text.Modbus_TCP_Automat
                0x00006a4c      0x258 main.o
                0x00006a4c                Modbus_TCP_Automat
 .text.Ethernet_Automat
                0x00006ca4       0xf4 main.o
                0x00006ca4                Ethernet_Automat
 .text.resetEthernet
                0x00006d98        0x6 main.o
                0x00006d98                resetEthernet
 .text.SNMP_Automat
                0x00006d9e       0xd0 main.o
                0x00006d9e                SNMP_Automat
 .text.LED_Cycle
                0x00006e6e       0x32 main.o
                0x00006e6e                LED_Cycle
 .text.sysInit  0x00006ea0       0x38 main.o
                0x00006ea0                sysInit
 .text.sysCycle
                0x00006ed8        0xa main.o
                0x00006ed8                sysCycle
 .text.main     0x00006ee2       0x20 main.o
                0x00006ee2                main
 .text.libgcc.div
                0x00006f02       0x28 c:/program files (x86)/atmel/atmel toolchain/avr8 gcc/native/3.4.1061/avr8-gnu-toolchain/bin/../lib/gcc/avr/4.8.1/avr6\libgcc.a(_divmodsi4.o)
                0x00006f02                __divmodsi4
 .text.libgcc.div
                0x00006f2a       0x10 c:/program files (x86)/atmel/atmel toolchain/avr8 gcc/native/3.4.1061/avr8-gnu-toolchain/bin/../lib/gcc/avr/4.8.1/avr6\libgcc.a(_negsi2.o)
                0x00006f2a                __negsi2
 .text.libgcc   0x00006f3a        0xc c:/program files (x86)/atmel/atmel toolchain/avr8 gcc/native/3.4.1061/avr8-gnu-toolchain/bin/../lib/gcc/avr/4.8.1/avr6\libgcc.a(_tablejump.o)
                0x00006f3a                __tablejump2__
                0x00006f3e                __tablejump__
 .text.libgcc.mul
                0x00006f46       0x14 c:/program files (x86)/atmel/atmel toolchain/avr8 gcc/native/3.4.1061/avr8-gnu-toolchain/bin/../lib/gcc/avr/4.8.1/avr6\libgcc.a(_muluhisi3.o)
                0x00006f46                __muluhisi3
 .text.libgcc.div
                0x00006f5a       0x44 c:/program files (x86)/atmel/atmel toolchain/avr8 gcc/native/3.4.1061/avr8-gnu-toolchain/bin/../lib/gcc/avr/4.8.1/avr6\libgcc.a(_udivmodsi4.o)
                0x00006f5a                __udivmodsi4
 .text.libgcc.mul
                0x00006f9e       0x1e c:/program files (x86)/atmel/atmel toolchain/avr8 gcc/native/3.4.1061/avr8-gnu-toolchain/bin/../lib/gcc/avr/4.8.1/avr6\libgcc.a(_umulhisi3.o)
                0x00006f9e                __umulhisi3
 .text.avr-libc
                0x00006fbc       0xac c:/program files (x86)/atmel/atmel toolchain/avr8 gcc/native/3.4.1061/avr8-gnu-toolchain/bin/../lib/gcc/avr/4.8.1/../../../../avr/lib/avr6\libc.a(random.o)
                0x0000704e                random_r
                0x00007050                random
                0x00007056                srandom
 .text.avr-libc
                0x00007068       0x3a c:/program files (x86)/atmel/atmel toolchain/avr8 gcc/native/3.4.1061/avr8-gnu-toolchain/bin/../lib/gcc/avr/4.8.1/../../../../avr/lib/avr6\libc.a(atoi.o)
                0x00007068                atoi
 .text.avr-libc
                0x000070a2       0x4c c:/program files (x86)/atmel/atmel toolchain/avr8 gcc/native/3.4.1061/avr8-gnu-toolchain/bin/../lib/gcc/avr/4.8.1/../../../../avr/lib/avr6\libc.a(atol.o)
                0x000070a2                atol
 .text.avr-libc
                0x000070ee       0x1a c:/program files (x86)/atmel/atmel toolchain/avr8 gcc/native/3.4.1061/avr8-gnu-toolchain/bin/../lib/gcc/avr/4.8.1/../../../../avr/lib/avr6\libc.a(memcmp.o)
                0x000070ee                memcmp
 .text.avr-libc
                0x00007108       0x16 c:/program files (x86)/atmel/atmel toolchain/avr8 gcc/native/3.4.1061/avr8-gnu-toolchain/bin/../lib/gcc/avr/4.8.1/../../../../avr/lib/avr6\libc.a(strcat.o)
                0x00007108                strcat
 .text.avr-libc
                0x0000711e       0x12 c:/program files (x86)/atmel/atmel toolchain/avr8 gcc/native/3.4.1061/avr8-gnu-toolchain/bin/../lib/gcc/avr/4.8.1/../../../../avr/lib/avr6\libc.a(strcmp.o)
                0x0000711e                strcmp
 .text.avr-libc
                0x00007130       0x2a c:/program files (x86)/atmel/atmel toolchain/avr8 gcc/native/3.4.1061/avr8-gnu-toolchain/bin/../lib/gcc/avr/4.8.1/../../../../avr/lib/avr6\libc.a(mulsi10.o)
                0x00007130                __mulsi_const_10
 .text.avr-libc
                0x0000715a       0x10 c:/program files (x86)/atmel/atmel toolchain/avr8 gcc/native/3.4.1061/avr8-gnu-toolchain/bin/../lib/gcc/avr/4.8.1/../../../../avr/lib/avr6\libc.a(mul10.o)
                0x0000715a                __mulhi_const_10
 .text.avr-libc
                0x0000716a       0x32 c:/program files (x86)/atmel/atmel toolchain/avr8 gcc/native/3.4.1061/avr8-gnu-toolchain/bin/../lib/gcc/avr/4.8.1/../../../../avr/lib/avr6\libc.a(utoa_ncheck.o)
                0x0000716a                __utoa_ncheck
                0x0000716c                __utoa_common
 .text.avr-libc
                0x0000719c       0x42 c:/program files (x86)/atmel/atmel toolchain/avr8 gcc/native/3.4.1061/avr8-gnu-toolchain/bin/../lib/gcc/avr/4.8.1/../../../../avr/lib/avr6\libc.a(sscanf.o)
                0x0000719c                sscanf
 .text.avr-libc
                0x000071de      0x572 c:/program files (x86)/atmel/atmel toolchain/avr8 gcc/native/3.4.1061/avr8-gnu-toolchain/bin/../lib/gcc/avr/4.8.1/../../../../avr/lib/avr6\libc.a(vfscanf_std.o)
                0x000074fe                vfscanf
 .text.avr-libc
                0x00007750       0x20 c:/program files (x86)/atmel/atmel toolchain/avr8 gcc/native/3.4.1061/avr8-gnu-toolchain/bin/../lib/gcc/avr/4.8.1/../../../../avr/lib/avr6\libc.a(eerd_block_atmega2561.o)
                0x00007750                __eerd_block_m2561
                0x00007754                __eerd_blraw_m2561
 .text.avr-libc
                0x00007770       0x10 c:/program files (x86)/atmel/atmel toolchain/avr8 gcc/native/3.4.1061/avr8-gnu-toolchain/bin/../lib/gcc/avr/4.8.1/../../../../avr/lib/avr6\libc.a(eerd_byte_atmega2561.o)
                0x00007770                __eerd_byte_m2561
 .text.avr-libc
                0x00007780        0xa c:/program files (x86)/atmel/atmel toolchain/avr8 gcc/native/3.4.1061/avr8-gnu-toolchain/bin/../lib/gcc/avr/4.8.1/../../../../avr/lib/avr6\libc.a(eerd_word_atmega2561.o)
                0x00007780                __eerd_word_m2561
 .text.avr-libc
                0x0000778a       0x1c c:/program files (x86)/atmel/atmel toolchain/avr8 gcc/native/3.4.1061/avr8-gnu-toolchain/bin/../lib/gcc/avr/4.8.1/../../../../avr/lib/avr6\libc.a(eewr_byte_atmega2561.o)
                0x0000778a                __eewr_byte_m2561
                0x0000778c                __eewr_r18_m2561
 .text.avr-libc
                0x000077a6        0x6 c:/program files (x86)/atmel/atmel toolchain/avr8 gcc/native/3.4.1061/avr8-gnu-toolchain/bin/../lib/gcc/avr/4.8.1/../../../../avr/lib/avr6\libc.a(eewr_word_atmega2561.o)
                0x000077a6                __eewr_word_m2561
 .text.avr-libc
                0x000077ac       0x10 c:/program files (x86)/atmel/atmel toolchain/avr8 gcc/native/3.4.1061/avr8-gnu-toolchain/bin/../lib/gcc/avr/4.8.1/../../../../avr/lib/avr6\libc.a(isspace.o)
                0x000077ac                isspace
 .text.avr-libc
                0x000077bc       0x16 c:/program files (x86)/atmel/atmel toolchain/avr8 gcc/native/3.4.1061/avr8-gnu-toolchain/bin/../lib/gcc/avr/4.8.1/../../../../avr/lib/avr6\libc.a(strchr_P.o)
                0x000077bc                strchr_P
 .text.avr-libc
                0x000077d2       0x20 c:/program files (x86)/atmel/atmel toolchain/avr8 gcc/native/3.4.1061/avr8-gnu-toolchain/bin/../lib/gcc/avr/4.8.1/../../../../avr/lib/avr6\libc.a(strrev.o)
                0x000077d2                strrev
 .text.avr-libc
                0x000077f2       0x7c c:/program files (x86)/atmel/atmel toolchain/avr8 gcc/native/3.4.1061/avr8-gnu-toolchain/bin/../lib/gcc/avr/4.8.1/../../../../avr/lib/avr6\libc.a(fgetc.o)
                0x000077f2                fgetc
 .text.avr-libc
                0x0000786e       0x32 c:/program files (x86)/atmel/atmel toolchain/avr8 gcc/native/3.4.1061/avr8-gnu-toolchain/bin/../lib/gcc/avr/4.8.1/../../../../avr/lib/avr6\libc.a(ungetc.o)
                0x0000786e                ungetc
 .text.avr-libc
                0x000078a0        0x6 c:/program files (x86)/atmel/atmel toolchain/avr8 gcc/native/3.4.1061/avr8-gnu-toolchain/bin/../lib/gcc/avr/4.8.1/../../../../avr/lib/avr6\libc.a(cty_isfalse.o)
                0x000078a0                __ctype_isfalse
                0x000078a4                __ctype_istrue
 .text.libgcc.mul
                0x000078a6        0xc c:/program files (x86)/atmel/atmel toolchain/avr8 gcc/native/3.4.1061/avr8-gnu-toolchain/bin/../lib/gcc/avr/4.8.1/avr6\libgcc.a(_mulshisi3.o)
                0x000078a6                __mulshisi3
                0x000078aa                __mulohisi3
                0x000078b2                . = ALIGN (0x2)
 *(.fini9)
 .fini9         0x000078b2        0x0 c:/program files (x86)/atmel/atmel toolchain/avr8 gcc/native/3.4.1061/avr8-gnu-toolchain/bin/../lib/gcc/avr/4.8.1/avr6\libgcc.a(_exit.o)
                0x000078b2                _exit
                0x000078b2                exit
 *(.fini9)
 *(.fini8)
 *(.fini8)
 *(.fini7)
 *(.fini7)
 *(.fini6)
 *(.fini6)
 *(.fini5)
 *(.fini5)
 *(.fini4)
 *(.fini4)
 *(.fini3)
 *(.fini3)
 *(.fini2)
 *(.fini2)
 *(.fini1)
 *(.fini1)
 *(.fini0)
 .fini0         0x000078b2        0x4 c:/program files (x86)/atmel/atmel toolchain/avr8 gcc/native/3.4.1061/avr8-gnu-toolchain/bin/../lib/gcc/avr/4.8.1/avr6\libgcc.a(_exit.o)
 *(.fini0)
                0x000078b6                _etext = .

.data           0x00800200      0x4a6 load address 0x000078b6
                0x00800200                PROVIDE (__data_start, .)
 *(.data)
 .data          0x00800200        0x4 c:/program files (x86)/atmel/atmel toolchain/avr8 gcc/native/3.4.1061/avr8-gnu-toolchain/bin/../lib/gcc/avr/4.8.1/../../../../avr/lib/avr6\libc.a(random.o)
 *(.data*)
 .data.static_IP
                0x00800204        0x4 main.o
                0x00800204                static_IP
 .data.DHCP_Enable
                0x00800208        0x1 main.o
                0x00800208                DHCP_Enable
 .data.SNMP_VARS
                0x00800209       0xf5 main.o
                0x00800209                SNMP_VARS
 .data.locServices
                0x008002fe        0x4 main.o
 .data.locLocation
                0x00800302       0x14 main.o
 .data.locName  0x00800316       0x14 main.o
 .data.locContact
                0x0080032a       0x14 main.o
 .data.locObjectID
                0x0080033e       0x11 main.o
 .data.locDescr
                0x0080034f       0x11 main.o
 .data.Vega_SN  0x00800360        0x2 main.o
                0x00800360                Vega_SN
 .data.FreeCoolPort
                0x00800362        0x2 main.o
                0x00800362                FreeCoolPort
 .data.FreeCoolListenerIP
                0x00800364        0x4 main.o
                0x00800364                FreeCoolListenerIP
 .data.VacantTimer32Sys
                0x00800368        0x1 main.o
                0x00800368                VacantTimer32Sys
 .data.VacantTimer16Sys
                0x00800369        0x1 main.o
                0x00800369                VacantTimer16Sys
 .data.VacantTimer32
                0x0080036a        0x1 main.o
                0x0080036a                VacantTimer32
 .data.VacantTimer16
                0x0080036b        0x1 main.o
                0x0080036b                VacantTimer16
 *(.rodata)
 *(.rodata*)
 .rodata.str1.1
                0x0080036c      0x339 main.o
 *(.gnu.linkonce.d*)
                0x008006a6                . = ALIGN (0x2)
 *fill*         0x008006a5        0x1 
                0x008006a6                _edata = .
                0x008006a6                PROVIDE (__data_end, .)

.bss            0x008006a6      0xe5c
                0x008006a6                PROVIDE (__bss_start, .)
 *(.bss)
 *(.bss*)
 .bss.state.4796
                0x008006a6        0x1 main.o
 .bss.state.4775
                0x008006a7        0x1 main.o
 .bss.clo.4729  0x008006a8        0x4 main.o
 .bss.Timer.4728
                0x008006ac        0x1 main.o
 .bss.state.4726
                0x008006ad        0x1 main.o
 .bss.state.4547
                0x008006ae        0x1 main.o
 .bss.state.3861
                0x008006af        0x1 main.o
 .bss.state.3791
                0x008006b0        0x1 main.o
 .bss.Timer.3427
                0x008006b1        0x1 main.o
 .bss.state.3425
                0x008006b2        0x1 main.o
 .bss.state.3299
                0x008006b3        0x1 main.o
 .bss.Timer.3270
                0x008006b4        0x1 main.o
 .bss.state.3268
                0x008006b5        0x1 main.o
 .bss.state.3248
                0x008006b6        0x1 main.o
 .bss.state.3230
                0x008006b7        0x1 main.o
 .bss.state.3213
                0x008006b8        0x1 main.o
 .bss.state.3172
                0x008006b9        0x1 main.o
 .bss.state.3153
                0x008006ba        0x1 main.o
 .bss.Count.2730
                0x008006bb        0x1 main.o
 .bss.Timer10ms.2163
                0x008006bc        0x1 main.o
 .bss.state.1897
                0x008006bd        0x1 main.o
 .bss.state.1879
                0x008006be        0x1 main.o
 .bss.state.1861
                0x008006bf        0x1 main.o
 .bss.locUpTime
                0x008006c0        0x4 main.o
                0x008006c0                locUpTime
 .bss.count     0x008006c4        0x1 main.o
                0x008006c4                count
 .bss.TD_DHCP_lease_timer
                0x008006c5        0x1 main.o
 .bss.TD_DHCP_response_timer
                0x008006c6        0x1 main.o
 .bss.resetTEST_Counter
                0x008006c7        0x4 main.o
                0x008006c7                resetTEST_Counter
 .bss.TD_MB     0x008006cb        0x1 main.o
 .bss.SlaveSkip
                0x008006cc        0x4 main.o
 .bss.Try       0x008006d0        0x1 main.o
 .bss.LastProcSingle
                0x008006d1        0x1 main.o
 .bss.MB_SingleQuery
                0x008006d2        0x8 main.o
 .bss.MB_Err    0x008006da        0x1 main.o
 .bss.TickCounter
                0x008006db        0x1 main.o
 .bss.TD_Scan   0x008006dc        0x1 main.o
 .bss.Timer32Flg
                0x008006dd        0x6 main.o
 .bss.Timer16Flg
                0x008006e3        0xd main.o
 .bss.Timer8Flg
                0x008006f0        0xc main.o
 .bss.Timer8_ISR_Flg
                0x008006fc        0x2 main.o
 .bss.Timer32   0x008006fe       0xa0 main.o
 .bss.Timer16   0x0080079e       0xc0 main.o
 .bss.Timer8    0x0080085e       0x58 main.o
 .bss.Timer8_ISR
                0x008008b6        0x8 main.o
 .bss.interru_enub_flg
                0x008008be        0x1 main.o
 *(COMMON)
 COMMON         0x008008bf      0xc43 main.o
                0x008008bf                pi4
                0x008008c1                MB_State
                0x008008c2                GPRS_DATA
                0x00800900                MB_Coil_Vars
                0x00800910                _getCommName
                0x00800912                rsize
                0x00800914                _dhcpDhcpServerIp
                0x00800918                _packet
                0x008009b1                _packetPos
                0x008009b3                MB_M_TimeOff
                0x008009b4                RBASE
                0x008009bc                _offset1
                0x008009be                _dhcpLocalIp
                0x008009c2                BulkValuesCount
                0x008009c3                MB_NativeAddr
                0x008009c4                _dhcpMacAddr
                0x008009ca                _packetSize
                0x008009cc                _responseTimeout
                0x008009d0                _getSize
                0x008009d2                _dhcpGatewayIp
                0x008009d6                CurrSlave
                0x008009d7                _dhcpLeaseTime
                0x008009db                CurrQuery
                0x008009dc                get3idx
                0x008009de                _port
                0x008009e0                _dstPort
                0x008009e2                _dhcpTransactionId
                0x008009e6                MB_M_Period
                0x008009e8                MB_SingleState
                0x008009e9                Timer1min
                0x008009ea                MaxScanCycle
                0x008009eb                ptr
                0x008009ed                _dhcpT1
                0x008009f1                _dstIp
                0x008009f5                get2idx
                0x008009f7                _lastCheckLeaseMillis
                0x008009fb                MB_Master_MaxCycle
                0x008009fd                myMillisTimer
                0x008009fe                _remaining
                0x00800a06                _setSize
                0x00800a08                BulkValuesIndexes
                0x00800a1c                getidx
                0x00800a1e                MB_Input_Vars
                0x00800a2e                MB_M_Try
                0x00800a2f                _dhcpT2
                0x00800a33                MB_Frame_Sz
                0x00800a34                ScanCycle
                0x00800a35                _rebindInSec
                0x00800a39                LED_Timer
                0x00800a3a                buf1
                0x00800a9e                C
                0x00800b1e                oid
                0x00800b5e                ScanCount
                0x00800b60                _offset2
                0x00800b62                MB_Master_Cycle
                0x00800b64                _dstType
                0x00800b65                MB_Coil
                0x00800b69                SerialVal1
                0x00800b6b                LiveTime
                0x00800b6f                MB_BitRate_RAM
                0x00800b70                ScanPerSec
                0x00800b72                data
                0x00800c9e                SerialVal2
                0x00800ca0                _timeout
                0x00800ca4                ris1idx
                0x00800ca6                MB_InReg
                0x00800d46                _setCommName
                0x00800d48                R
                0x00800e42                _dhcpInitialTransactionId
                0x00800e46                MemFail
                0x00800e47                SBASE
                0x00800e4f                buf
                0x0080124f                Timer1s
                0x00801250                _dhcpSubnetMask
                0x00801254                MB_M_Timeout
                0x00801255                MB_TimerFlag
                0x00801256                SlaveOff
                0x0080125a                _remotePort
                0x00801262                _remoteIP
                0x00801266                MB_CPT
                0x00801276                respId
                0x0080127a                MB_Input
                0x0080127e                _dhcpDnsServerIp
                0x00801282                sockstat
                0x00801283                _dhcp_state
                0x00801284                _renewInSec
                0x00801288                get1idx
                0x0080128a                get0idx
                0x0080128c                _offset
                0x0080128e                MB_HoldReg
                0x00801302                status
                0x00801303                risidx
                0x00801305                MB_Frame
                0x00801405                Timer1hour
                0x00801407                api_status
                0x00801408                IR
                0x00801502                PROVIDE (__bss_end, .)
                0x000078b6                __data_load_start = LOADADDR (.data)
                0x00007d5c                __data_load_end = (__data_load_start + SIZEOF (.data))

.noinit         0x00801502        0x0
                0x00801502                PROVIDE (__noinit_start, .)
 *(.noinit*)
                0x00801502                PROVIDE (__noinit_end, .)
                0x00801502                _end = .
                0x00801502                PROVIDE (__heap_start, .)

.eeprom         0x00810000       0x11
 *(.eeprom*)
 .eeprom        0x00810000       0x11 main.o
                0x00810005                MB_Param
                0x00810009                DateBackUp
                0x00810011                __eeprom_end = .

.fuse
 *(.fuse)
 *(.lfuse)
 *(.hfuse)
 *(.efuse)

.lock
 *(.lock*)

.signature
 *(.signature*)

.user_signatures
 *(.user_signatures*)

.stab
 *(.stab)

.stabstr
 *(.stabstr)

.stab.excl
 *(.stab.excl)

.stab.exclstr
 *(.stab.exclstr)

.stab.index
 *(.stab.index)

.stab.indexstr
 *(.stab.indexstr)

.comment        0x00000000       0x5c
 *(.comment)
 .comment       0x00000000       0x30 main.o
                                 0x31 (size before relaxing)
 .comment       0x00000000       0x31 c:/program files (x86)/atmel/atmel toolchain/avr8 gcc/native/3.4.1061/avr8-gnu-toolchain/bin/../lib/gcc/avr/4.8.1/../../../../avr/lib/avr6\libc.a(random.o)
 .comment       0x00000000       0x31 c:/program files (x86)/atmel/atmel toolchain/avr8 gcc/native/3.4.1061/avr8-gnu-toolchain/bin/../lib/gcc/avr/4.8.1/../../../../avr/lib/avr6\libc.a(sscanf.o)
 .comment       0x00000030       0x2c c:/program files (x86)/atmel/atmel toolchain/avr8 gcc/native/3.4.1061/avr8-gnu-toolchain/bin/../lib/gcc/avr/4.8.1/../../../../avr/lib/avr6\libc.a(vfscanf_std.o)
                                 0x2d (size before relaxing)
 .comment       0x00000000       0x31 c:/program files (x86)/atmel/atmel toolchain/avr8 gcc/native/3.4.1061/avr8-gnu-toolchain/bin/../lib/gcc/avr/4.8.1/../../../../avr/lib/avr6\libc.a(fgetc.o)
 .comment       0x00000000       0x31 c:/program files (x86)/atmel/atmel toolchain/avr8 gcc/native/3.4.1061/avr8-gnu-toolchain/bin/../lib/gcc/avr/4.8.1/../../../../avr/lib/avr6\libc.a(ungetc.o)

.note.gnu.build-id
 *(.note.gnu.build-id)

.debug
 *(.debug)

.line
 *(.line)

.debug_srcinfo
 *(.debug_srcinfo)

.debug_sfnames
 *(.debug_sfnames)

.debug_aranges  0x00000000      0x810
 *(.debug_aranges)
 .debug_aranges
                0x00000000      0x810 main.o

.debug_pubnames
 *(.debug_pubnames)

.debug_info     0x00000000     0xc86e
 *(.debug_info .gnu.linkonce.wi.*)
 .debug_info    0x00000000     0xc86e main.o

.debug_abbrev   0x00000000      0x95e
 *(.debug_abbrev)
 .debug_abbrev  0x00000000      0x95e main.o

.debug_line     0x00000000     0x5e9c
 *(.debug_line .debug_line.* .debug_line_end)
 .debug_line    0x00000000     0x5e9c main.o

.debug_frame    0x00000000     0x1eac
 *(.debug_frame)
 .debug_frame   0x00000000     0x1eac main.o

.debug_str      0x00000000     0x2640
 *(.debug_str)
 .debug_str     0x00000000     0x2640 main.o
                               0x2815 (size before relaxing)

.debug_loc      0x00000000     0xdbbb
 *(.debug_loc)
 .debug_loc     0x00000000     0xdbbb main.o

.debug_macinfo
 *(.debug_macinfo)

.debug_weaknames
 *(.debug_weaknames)

.debug_funcnames
 *(.debug_funcnames)

.debug_typenames
 *(.debug_typenames)

.debug_varnames
 *(.debug_varnames)

.debug_pubtypes
 *(.debug_pubtypes)

.debug_ranges   0x00000000      0xbb0
 *(.debug_ranges)
 .debug_ranges  0x00000000      0xbb0 main.o

.debug_macro
 *(.debug_macro)
OUTPUT(Ethernet_to_Serial.elf elf32-avr)
LOAD linker stubs
