Archive member included because of file (symbol)

c:/program files (x86)/atmel/atmel toolchain/avr8 gcc/native/3.4.1061/avr8-gnu-toolchain/bin/../lib/gcc/avr/4.8.1/../../../../avr/lib/avr6\libm.a(fixunssfsi.o)
                              main.o (__fixunssfsi)
c:/program files (x86)/atmel/atmel toolchain/avr8 gcc/native/3.4.1061/avr8-gnu-toolchain/bin/../lib/gcc/avr/4.8.1/../../../../avr/lib/avr6\libm.a(floatsisf.o)
                              main.o (__floatunsisf)
c:/program files (x86)/atmel/atmel toolchain/avr8 gcc/native/3.4.1061/avr8-gnu-toolchain/bin/../lib/gcc/avr/4.8.1/../../../../avr/lib/avr6\libm.a(fp_split3.o)
                              c:/program files (x86)/atmel/atmel toolchain/avr8 gcc/native/3.4.1061/avr8-gnu-toolchain/bin/../lib/gcc/avr/4.8.1/../../../../avr/lib/avr6\libm.a(fixunssfsi.o) (__fp_splitA)
c:/program files (x86)/atmel/atmel toolchain/avr8 gcc/native/3.4.1061/avr8-gnu-toolchain/bin/../lib/gcc/avr/4.8.1/../../../../avr/lib/avr6\libm.a(fp_zero.o)
                              c:/program files (x86)/atmel/atmel toolchain/avr8 gcc/native/3.4.1061/avr8-gnu-toolchain/bin/../lib/gcc/avr/4.8.1/../../../../avr/lib/avr6\libm.a(fixunssfsi.o) (__fp_zero)
c:/program files (x86)/atmel/atmel toolchain/avr8 gcc/native/3.4.1061/avr8-gnu-toolchain/bin/../lib/gcc/avr/4.8.1/../../../../avr/lib/avr6\libm.a(mulsf3.o)
                              main.o (__mulsf3)
c:/program files (x86)/atmel/atmel toolchain/avr8 gcc/native/3.4.1061/avr8-gnu-toolchain/bin/../lib/gcc/avr/4.8.1/../../../../avr/lib/avr6\libm.a(mulsf3x.o)
                              c:/program files (x86)/atmel/atmel toolchain/avr8 gcc/native/3.4.1061/avr8-gnu-toolchain/bin/../lib/gcc/avr/4.8.1/../../../../avr/lib/avr6\libm.a(mulsf3.o) (__mulsf3x)
c:/program files (x86)/atmel/atmel toolchain/avr8 gcc/native/3.4.1061/avr8-gnu-toolchain/bin/../lib/gcc/avr/4.8.1/../../../../avr/lib/avr6\libm.a(fp_inf.o)
                              c:/program files (x86)/atmel/atmel toolchain/avr8 gcc/native/3.4.1061/avr8-gnu-toolchain/bin/../lib/gcc/avr/4.8.1/../../../../avr/lib/avr6\libm.a(mulsf3x.o) (__fp_inf)
c:/program files (x86)/atmel/atmel toolchain/avr8 gcc/native/3.4.1061/avr8-gnu-toolchain/bin/../lib/gcc/avr/4.8.1/../../../../avr/lib/avr6\libm.a(fp_nan.o)
                              c:/program files (x86)/atmel/atmel toolchain/avr8 gcc/native/3.4.1061/avr8-gnu-toolchain/bin/../lib/gcc/avr/4.8.1/../../../../avr/lib/avr6\libm.a(mulsf3x.o) (__fp_nan)
c:/program files (x86)/atmel/atmel toolchain/avr8 gcc/native/3.4.1061/avr8-gnu-toolchain/bin/../lib/gcc/avr/4.8.1/../../../../avr/lib/avr6\libm.a(fp_pscA.o)
                              c:/program files (x86)/atmel/atmel toolchain/avr8 gcc/native/3.4.1061/avr8-gnu-toolchain/bin/../lib/gcc/avr/4.8.1/../../../../avr/lib/avr6\libm.a(mulsf3x.o) (__fp_pscA)
c:/program files (x86)/atmel/atmel toolchain/avr8 gcc/native/3.4.1061/avr8-gnu-toolchain/bin/../lib/gcc/avr/4.8.1/../../../../avr/lib/avr6\libm.a(fp_pscB.o)
                              c:/program files (x86)/atmel/atmel toolchain/avr8 gcc/native/3.4.1061/avr8-gnu-toolchain/bin/../lib/gcc/avr/4.8.1/../../../../avr/lib/avr6\libm.a(mulsf3x.o) (__fp_pscB)
c:/program files (x86)/atmel/atmel toolchain/avr8 gcc/native/3.4.1061/avr8-gnu-toolchain/bin/../lib/gcc/avr/4.8.1/../../../../avr/lib/avr6\libm.a(fp_round.o)
                              c:/program files (x86)/atmel/atmel toolchain/avr8 gcc/native/3.4.1061/avr8-gnu-toolchain/bin/../lib/gcc/avr/4.8.1/../../../../avr/lib/avr6\libm.a(mulsf3.o) (__fp_round)
c:/program files (x86)/atmel/atmel toolchain/avr8 gcc/native/3.4.1061/avr8-gnu-toolchain/bin/../lib/gcc/avr/4.8.1/avr6\libgcc.a(_divmodsi4.o)
                              main.o (__divmodsi4)
c:/program files (x86)/atmel/atmel toolchain/avr8 gcc/native/3.4.1061/avr8-gnu-toolchain/bin/../lib/gcc/avr/4.8.1/avr6\libgcc.a(_negsi2.o)
                              c:/program files (x86)/atmel/atmel toolchain/avr8 gcc/native/3.4.1061/avr8-gnu-toolchain/bin/../lib/gcc/avr/4.8.1/avr6\libgcc.a(_divmodsi4.o) (__negsi2)
c:/program files (x86)/atmel/atmel toolchain/avr8 gcc/native/3.4.1061/avr8-gnu-toolchain/bin/../lib/gcc/avr/4.8.1/avr6\libgcc.a(_exit.o)
                              c:/program files (x86)/atmel/atmel toolchain/avr8 gcc/native/3.4.1061/avr8-gnu-toolchain/bin/../lib/gcc/avr/4.8.1/../../../../avr/lib/avr6/crtm2561.o (exit)
c:/program files (x86)/atmel/atmel toolchain/avr8 gcc/native/3.4.1061/avr8-gnu-toolchain/bin/../lib/gcc/avr/4.8.1/avr6\libgcc.a(_tablejump.o)
                              main.o (__tablejump2__)
c:/program files (x86)/atmel/atmel toolchain/avr8 gcc/native/3.4.1061/avr8-gnu-toolchain/bin/../lib/gcc/avr/4.8.1/avr6\libgcc.a(_copy_data.o)
                              main.o (__do_copy_data)
c:/program files (x86)/atmel/atmel toolchain/avr8 gcc/native/3.4.1061/avr8-gnu-toolchain/bin/../lib/gcc/avr/4.8.1/avr6\libgcc.a(_clear_bss.o)
                              main.o (__do_clear_bss)
[...]
Memory Configuration

Name             Origin             Length             Attributes
text             0x00000000         0x00100000         xr
data             0x00800200         0x0000fe00         rw !x
eeprom           0x00810000         0x00010000         rw !x
fuse             0x00820000         0x00000400         rw !x
lock             0x00830000         0x00000400         rw !x
signature        0x00840000         0x00000400         rw !x
user_signatures  0x00850000         0x00000400         rw !x
*default*        0x00000000         0xffffffff

Linker script and memory map

Address of section .data set to 0x800200
LOAD c:/program files (x86)/atmel/atmel toolchain/avr8 gcc/native/3.4.1061/avr8-gnu-toolchain/bin/../lib/gcc/avr/4.8.1/../../../../avr/lib/avr6/crtm2561.o
LOAD main.o
START GROUP
LOAD c:/program files (x86)/atmel/atmel toolchain/avr8 gcc/native/3.4.1061/avr8-gnu-toolchain/bin/../lib/gcc/avr/4.8.1/../../../../avr/lib/avr6\libm.a
END GROUP
START GROUP
LOAD c:/program files (x86)/atmel/atmel toolchain/avr8 gcc/native/3.4.1061/avr8-gnu-toolchain/bin/../lib/gcc/avr/4.8.1/avr6\libgcc.a
LOAD c:/program files (x86)/atmel/atmel toolchain/avr8 gcc/native/3.4.1061/avr8-gnu-toolchain/bin/../lib/gcc/avr/4.8.1/../../../../avr/lib/avr6\libm.a
LOAD c:/program files (x86)/atmel/atmel toolchain/avr8 gcc/native/3.4.1061/avr8-gnu-toolchain/bin/../lib/gcc/avr/4.8.1/../../../../avr/lib/avr6\libc.a
END GROUP

.hash
 *(.hash)

.dynsym
 *(.dynsym)

.dynstr
 *(.dynstr)

.gnu.version
 *(.gnu.version)

.gnu.version_d
 *(.gnu.version_d)

.gnu.version_r
 *(.gnu.version_r)

.rel.init
 *(.rel.init)

.rela.init
 *(.rela.init)

.rel.text
 *(.rel.text)
 *(.rel.text.*)
 *(.rel.gnu.linkonce.t*)

.rela.text
 *(.rela.text)
 *(.rela.text.*)
 *(.rela.gnu.linkonce.t*)

.rel.fini
 *(.rel.fini)

.rela.fini
 *(.rela.fini)

.rel.rodata
 *(.rel.rodata)
 *(.rel.rodata.*)
 *(.rel.gnu.linkonce.r*)

.rela.rodata
 *(.rela.rodata)
 *(.rela.rodata.*)
 *(.rela.gnu.linkonce.r*)

.rel.data
 *(.rel.data)
 *(.rel.data.*)
 *(.rel.gnu.linkonce.d*)

.rela.data
 *(.rela.data)
 *(.rela.data.*)
 *(.rela.gnu.linkonce.d*)

.rel.ctors
 *(.rel.ctors)

.rela.ctors
 *(.rela.ctors)

.rel.dtors
 *(.rel.dtors)

.rela.dtors
 *(.rela.dtors)

.rel.got
 *(.rel.got)

.rela.got
 *(.rela.got)

.rel.bss
 *(.rel.bss)

.rela.bss
 *(.rela.bss)

.rel.plt
 *(.rel.plt)

.rela.plt
 *(.rela.plt)

.text           0x00000000     0x69f4
 *(.vectors)
 .vectors       0x00000000       0xcc c:/program files (x86)/atmel/atmel toolchain/avr8 gcc/native/3.4.1061/avr8-gnu-toolchain/bin/../lib/gcc/avr/4.8.1/../../../../avr/lib/avr6/crtm2561.o
                0x00000000                __vector_default
                0x00000000                __vectors
 *(.vectors)
 *(.progmem.gcc*)
 .progmem.gcc_sw_table.MB_S_Timer_ISR
                0x000000cc       0x20 main.o
 .progmem.gcc_sw_table.MB_M_Timer_ISR
                0x000000ec       0x20 main.o
 .progmem.gcc_sw_table.Modbus_TCP_Automat
                0x0000010c       0x20 main.o
                0x0000012c                . = ALIGN (0x2)
                0x0000012c                __trampolines_start = .
 *(.trampolines)
 .trampolines   0x0000012c        0x0 linker stubs
 *(.trampolines*)
                0x0000012c                __trampolines_end = .
 *(.progmem*)
 .progmem.data.aCRCLo.2499
                0x0000012c      0x100 main.o
 .progmem.data.aCRCHi.2498
                0x0000022c      0x100 main.o
 .progmem.data.MB_Master_List
                0x0000032c        0x3 main.o
                0x0000032c                MB_Master_List
 .progmem.data.MB_Slave_List
                0x0000032f        0x8 main.o
                0x0000032f                MB_Slave_List
 .progmem.data.DI8RO8_QUERRY
                0x00000337        0xe main.o
                0x00000337                DI8RO8_QUERRY
 .progmem.data.AI8AO4_QUERRY
                0x00000345        0xe main.o
                0x00000345                AI8AO4_QUERRY
 .progmem.data.MB_Timer
                0x00000353       0x12 main.o
 .progmem.data.MB_Port
                0x00000365       0x14 main.o
 .progmem.data.BR_Tbl
                0x00000379       0x1b main.o
                0x00000379                BR_Tbl
 .progmem.data.Modbus_Map
                0x00000394       0x10 main.o
                0x00000394                Modbus_Map
 .progmem.data.MB_Role
                0x000003a4        0x1 main.o
 .progmem.data  0x000003a5        0xc c:/program files (x86)/atmel/atmel toolchain/avr8 gcc/native/3.4.1061/avr8-gnu-toolchain/bin/../lib/gcc/avr/4.8.1/../../../../avr/lib/avr6\libc.a(vfscanf_std.o)
                0x000003b2                . = ALIGN (0x2)
 *fill*         0x000003b1        0x1 
 *(.jumptables)
 *(.jumptables*)
 *(.lowtext)
 *(.lowtext*)
                0x000003b2                __ctors_start = .
 *(.ctors)
                0x000003b2                __ctors_end = .
                0x000003b2                __dtors_start = .
 *(.dtors)
                0x000003b2                __dtors_end = .
 SORT(*)(.ctors)
 SORT(*)(.dtors)
 *(.init0)
 .init0         0x000003b2        0x0 c:/program files (x86)/atmel/atmel toolchain/avr8 gcc/native/3.4.1061/avr8-gnu-toolchain/bin/../lib/gcc/avr/4.8.1/../../../../avr/lib/avr6/crtm2561.o
                0x000003b2                __init
 *(.init0)
 *(.init1)
 *(.init1)
 *(.init2)
 .init2         0x000003b2       0x10 c:/program files (x86)/atmel/atmel toolchain/avr8 gcc/native/3.4.1061/avr8-gnu-toolchain/bin/../lib/gcc/avr/4.8.1/../../../../avr/lib/avr6/crtm2561.o
 *(.init2)
 *(.init3)
 *(.init3)
 *(.init4)
 .init4         0x000003c2       0x1a c:/program files (x86)/atmel/atmel toolchain/avr8 gcc/native/3.4.1061/avr8-gnu-toolchain/bin/../lib/gcc/avr/4.8.1/avr6\libgcc.a(_copy_data.o)
                0x000003c2                __do_copy_data
 .init4         0x000003dc       0x10 c:/program files (x86)/atmel/atmel toolchain/avr8 gcc/native/3.4.1061/avr8-gnu-toolchain/bin/../lib/gcc/avr/4.8.1/avr6\libgcc.a(_clear_bss.o)
                0x000003dc                __do_clear_bss
 *(.init4)
 *(.init5)
 *(.init5)
 *(.init6)
 *(.init6)
 *(.init7)
 *(.init7)
 *(.init8)
 *(.init8)
 *(.init9)
 .init9         0x000003ec        0x8 c:/program files (x86)/atmel/atmel toolchain/avr8 gcc/native/3.4.1061/avr8-gnu-toolchain/bin/../lib/gcc/avr/4.8.1/../../../../avr/lib/avr6/crtm2561.o
 *(.init9)
 *(.text)
 .text          0x000003f4        0x2 c:/program files (x86)/atmel/atmel toolchain/avr8 gcc/native/3.4.1061/avr8-gnu-toolchain/bin/../lib/gcc/avr/4.8.1/../../../../avr/lib/avr6/crtm2561.o
                0x000003f4                __vector_22
                0x000003f4                __vector_28
                0x000003f4                __vector_1
                0x000003f4                __vector_32
                0x000003f4                __vector_34
                0x000003f4                __vector_24
                0x000003f4                __vector_12
                0x000003f4                __vector_46
                0x000003f4                __bad_interrupt
                0x000003f4                __vector_6
                0x000003f4                __vector_31
                0x000003f4                __vector_35
                0x000003f4                __vector_39
                0x000003f4                __vector_3
                0x000003f4                __vector_23
                0x000003f4                __vector_30
                0x000003f4                __vector_45
                0x000003f4                __vector_11
                0x000003f4                __vector_19
                0x000003f4                __vector_7
                0x000003f4                __vector_49
                0x000003f4                __vector_41
                0x000003f4                __vector_43
                0x000003f4                __vector_5
                0x000003f4                __vector_33
                0x000003f4                __vector_47
                0x000003f4                __vector_4
                0x000003f4                __vector_44
                0x000003f4                __vector_9
                0x000003f4                __vector_2
                0x000003f4                __vector_15
                0x000003f4                __vector_29
                0x000003f4                __vector_40
                0x000003f4                __vector_8
                0x000003f4                __vector_48
                0x000003f4                __vector_14
                0x000003f4                __vector_10
                0x000003f4                __vector_50
                0x000003f4                __vector_16
                0x000003f4                __vector_18
                0x000003f4                __vector_20
                0x000003f6                . = ALIGN (0x2)
 *(.text.*)
 .text.rrb      0x000003f6        0x6 main.o
                0x000003f6                rrb
 .text.RS485_0  0x000003fc        0xa main.o
                0x000003fc                RS485_0
 .text.MB_LED0  0x00000406        0x2 main.o
                0x00000406                MB_LED0
 .text.MB_LED_Err_On_0
                0x00000408        0x2 main.o
                0x00000408                MB_LED_Err_On_0
 .text.MB_LED_Err_Off_0
                0x0000040a        0x2 main.o
                0x0000040a                MB_LED_Err_Off_0
 .text.StartTimer0
                0x0000040c       0x14 main.o
                0x0000040c                StartTimer0
 .text.StartTimer2
                0x00000420       0x18 main.o
                0x00000420                StartTimer2
 .text.StartTimer4
                0x00000438       0x16 main.o
                0x00000438                StartTimer4
 .text.erb      0x0000044e        0x6 main.o
                0x0000044e                erb
 .text.GetSlave
                0x00000454       0x30 main.o
 .text.MBRecept
                0x00000484       0x8c main.o
 .text.GetReg   0x00000510       0x78 main.o
 .text.MB_Timer_ISR
                0x00000588       0xc8 main.o
 .text.SPItransfer
                0x00000650        0xe main.o
                0x00000650                SPItransfer
 .text.W5100read
                0x0000065e       0x22 main.o
                0x0000065e                W5100read
 .text.W5100readBlock
                0x00000680       0x5a main.o
                0x00000680                W5100readBlock
 .text.W5100writeBlock
                0x000006da       0x58 main.o
                0x000006da                W5100writeBlock
 .text.W5100_init
                0x00000732      0x120 main.o
                0x00000732                W5100_init
 .text.W5100write
                0x00000852       0x32 main.o
                0x00000852                W5100write
 .text.execCmdSn
                0x00000884       0x30 main.o
                0x00000884                execCmdSn
 .text.W5100_SetMac
                0x000008b4       0x4e main.o
                0x000008b4                W5100_SetMac
 .text.W5100_SetIP
                0x00000902       0x36 main.o
                0x00000902                W5100_SetIP
 .text.W5100_SetGateway
                0x00000938       0x36 main.o
                0x00000938                W5100_SetGateway
 .text.W5100_SetMask
                0x0000096e       0x36 main.o
                0x0000096e                W5100_SetMask
 .text.readSn   0x000009a4       0x10 main.o
                0x000009a4                readSn
 .text.readSnTX_FSR
                0x000009b4       0x2c main.o
 .text.readSnRX_RSR
                0x000009e0       0x2c main.o
 .text.writeSn  0x00000a0c       0x14 main.o
                0x00000a0c                writeSn
 .text.execCmdS1_Automat
                0x00000a20       0x62 main.o
                0x00000a20                execCmdS1_Automat
 .text.execCmdS2_Automat
                0x00000a82       0x62 main.o
                0x00000a82                execCmdS2_Automat
 .text.W5100_writeS0DPORT
                0x00000ae4       0x18 main.o
                0x00000ae4                W5100_writeS0DPORT
 .text.W5100_writeS0DIPR
                0x00000afc       0x2c main.o
                0x00000afc                W5100_writeS0DIPR
 .text.W5100_writeS1DPORT
                0x00000b28       0x18 main.o
                0x00000b28                W5100_writeS1DPORT
 .text.W5100_writeS1DIPR
                0x00000b40       0x2c main.o
                0x00000b40                W5100_writeS1DIPR
 .text.W5100_writeS2DPORT
                0x00000b6c       0x18 main.o
                0x00000b6c                W5100_writeS2DPORT
 .text.W5100_writeS2DIPR
                0x00000b84       0x2c main.o
                0x00000b84                W5100_writeS2DIPR
 .text.W5100_send_data_processing_offset
                0x00000bb0       0xc4 main.o
                0x00000bb0                W5100_send_data_processing_offset
 .text.W5100_getTXFreeSize
                0x00000c74       0x4a main.o
                0x00000c74                W5100_getTXFreeSize
 .text.bufferData
                0x00000cbe       0x40 main.o
                0x00000cbe                bufferData
 .text.IntOff   0x00000cfe       0x10 main.o
                0x00000cfe                IntOff
 .text.IntOn    0x00000d0e       0x10 main.o
                0x00000d0e                IntOn
 .text.WdtOn    0x00000d1e       0x1a main.o
                0x00000d1e                WdtOn
 .text.Timer16Alloc
                0x00000d38        0xe main.o
                0x00000d38                Timer16Alloc
 .text.Timer32Alloc
                0x00000d46        0xe main.o
                0x00000d46                Timer32Alloc
 .text.StartTimer8
                0x00000d54       0x70 main.o
                0x00000d54                StartTimer8
 .text.StartTimer16
                0x00000dc4       0x7a main.o
                0x00000dc4                StartTimer16
 .text.SlavesOn
                0x00000e3e       0x36 main.o
 .text.NextSlave
                0x00000e74      0x13e main.o
 .text.FailSlave
                0x00000fb2       0xda main.o
 .text.StartTimer32
                0x0000108c       0x90 main.o
                0x0000108c                StartTimer32
 .text.Timer16Stopp
                0x0000111c       0x4e main.o
                0x0000111c                Timer16Stopp
 .text.TimeInit
                0x0000116a       0x6a main.o
                0x0000116a                TimeInit
 .text.__vector_17
                0x000011d4       0xdc main.o
                0x000011d4                __vector_17
 .text.TimersInc
                0x000012b0      0x1cc main.o
                0x000012b0                TimersInc
 .text.TimeCycle
                0x0000147c       0x3a main.o
                0x0000147c                TimeCycle
 .text.CRC_Seed
                0x000014b6       0x8e main.o
                0x000014b6                CRC_Seed
 .text.CRC      0x00001544       0x10 main.o
                0x00001544                CRC
 .text.CRC_EEPROM_calc
                0x00001554       0x34 main.o
 .text.CRC_EEPROM_upd
                0x00001588       0x16 main.o
 .text.ewb      0x0000159e        0x8 main.o
                0x0000159e                ewb
 .text.MB_PLC_Init
                0x000015a6        0x6 main.o
                0x000015a6                MB_PLC_Init
 .text.__vector_21
                0x000015ac       0x64 main.o
                0x000015ac                __vector_21
 .text.__vector_13
                0x00001610       0x68 main.o
                0x00001610                __vector_13
 .text.__vector_42
                0x00001678       0x68 main.o
                0x00001678                __vector_42
 .text.SetParity
                0x000016e0       0x7c main.o
                0x000016e0                SetParity
 .text.SetBAUD  0x0000175c       0x8e main.o
                0x0000175c                SetBAUD
 .text.MB_Transm
                0x000017ea       0x84 main.o
                0x000017ea                MB_Transm
 .text.Modbus_RX
                0x0000186e      0x108 main.o
                0x0000186e                Modbus_RX
 .text.CommErr  0x00001976       0xe0 main.o
                0x00001976                CommErr
 .text.SetCRC_MB
                0x00001a56       0x36 main.o
                0x00001a56                SetCRC_MB
 .text.MB_FrameReg
                0x00001a8c       0x28 main.o
                0x00001a8c                MB_FrameReg
 .text.FormData
                0x00001ab4      0x212 main.o
 .text.FormQuery
                0x00001cc6       0x94 main.o
 .text.FormSingle
                0x00001d5a       0x56 main.o
 .text.MB_S_Timer_ISR
                0x00001db0      0x730 main.o
                0x00001db0                MB_S_Timer_ISR
 .text.MB_S_Tx  0x000024e0       0x18 main.o
                0x000024e0                MB_S_Tx
 .text.MB_S_Init
                0x000024f8       0x1e main.o
                0x000024f8                MB_S_Init
 .text.MB_M_Init
                0x00002516       0x80 main.o
                0x00002516                MB_M_Init
 .text.MB_Init  0x00002596       0x4e main.o
                0x00002596                MB_Init
 .text.MB_M_Timer_ISR
                0x000025e4      0x57c main.o
                0x000025e4                MB_M_Timer_ISR
 .text.MB_M_Tx  0x00002b60       0x18 main.o
                0x00002b60                MB_M_Tx
 .text.Modbus_TX
                0x00002b78      0x132 main.o
                0x00002b78                Modbus_TX
 .text.MB_M_Cycle
                0x00002caa      0x10e main.o
                0x00002caa                MB_M_Cycle
 .text.MB_Cycle
                0x00002db8       0x42 main.o
                0x00002db8                MB_Cycle
 .text.SNMP_TO_MODUS
                0x00002dfa       0x4a main.o
                0x00002dfa                SNMP_TO_MODUS
 .text.MODUS_TO_SNMP
                0x00002e44       0x4a main.o
                0x00002e44                MODUS_TO_SNMP
 .text.USART_Cycle
                0x00002e8e        0x8 main.o
                0x00002e8e                USART_Cycle
 .text.__vector_25
                0x00002e96       0x54 main.o
                0x00002e96                __vector_25
 .text.__vector_27
                0x00002eea       0x52 main.o
                0x00002eea                __vector_27
 .text.__vector_26
                0x00002f3c       0x52 main.o
                0x00002f3c                __vector_26
 .text.__vector_36
                0x00002f8e       0x54 main.o
                0x00002f8e                __vector_36
 .text.__vector_38
                0x00002fe2       0x52 main.o
                0x00002fe2                __vector_38
 .text.__vector_37
                0x00003034       0x52 main.o
                0x00003034                __vector_37
 .text.UDPbegin1_Automat
                0x00003086       0xa8 main.o
                0x00003086                UDPbegin1_Automat
 .text.startUDP
                0x0000312e       0x7c main.o
                0x0000312e                startUDP
 .text._UDPtoSerialSocket_beginPacket
                0x000031aa       0x12 main.o
                0x000031aa                _UDPtoSerialSocket_beginPacket
 .text._UDPtoSerialSocket_write
                0x000031bc       0x28 main.o
                0x000031bc                _UDPtoSerialSocket_write
 .text._UDPtoSerialSocket_endPacket_Automat
                0x000031e4       0x8e main.o
                0x000031e4                _UDPtoSerialSocket_endPacket_Automat
 .text.UDPbegin2_Automat
                0x00003272       0xa8 main.o
                0x00003272                UDPbegin2_Automat
 .text._Socket2_beginPacket
                0x0000331a       0x12 main.o
                0x0000331a                _Socket2_beginPacket
 .text._Socket2_write
                0x0000332c       0x28 main.o
                0x0000332c                _Socket2_write
 .text.read_data
                0x00003354       0x9e main.o
                0x00003354                read_data
 .text.W5100_recv_data_processing
                0x000033f2       0x66 main.o
                0x000033f2                W5100_recv_data_processing
 .text.W5100_getRXReceivedSize
                0x00003458       0x4e main.o
                0x00003458                W5100_getRXReceivedSize
 .text.recv     0x000034a6       0x72 main.o
                0x000034a6                recv
 .text.UDP_read
                0x00003518       0x66 main.o
                0x00003518                UDP_read
 .text.UDP_parsePacket
                0x0000357e       0xda main.o
                0x0000357e                UDP_parsePacket
 .text._UDPtoSerialSocket_parsePacket
                0x00003658        0x6 main.o
                0x00003658                _UDPtoSerialSocket_parsePacket
 .text._SNMPSocket_read
                0x0000365e       0x50 main.o
                0x0000365e                _SNMPSocket_read
 .text.resetTEST
                0x000036ae       0x2c main.o
                0x000036ae                resetTEST
 .text._Socket2_endPacket_Automat
                0x000036da       0xca main.o
                0x000036da                _Socket2_endPacket_Automat
 .text.Socket2_sendmessage_Automat
                0x000037a4       0x7a main.o
                0x000037a4                Socket2_sendmessage_Automat
 .text.TEST_Automat
                0x0000381e      0x230 main.o
                0x0000381e                TEST_Automat
 .text.SNMP_OID_toString
                0x00003a4e      0x106 main.o
                0x00003a4e                SNMP_OID_toString
 .text.SNMP_OID_fromString
                0x00003b54      0x230 main.o
                0x00003b54                SNMP_OID_fromString
 .text.clear    0x00003d84       0x16 main.o
                0x00003d84                clear
 .text.decodeOctetStringToString
                0x00003d9a      0x1ce main.o
                0x00003d9a                decodeOctetStringToString
 .text.decodeInt16toHoldReg
                0x00003f68       0x80 main.o
                0x00003f68                decodeInt16toHoldReg
 .text.encodeStringToOctetString
                0x00003fe8       0x96 main.o
                0x00003fe8                encodeStringToOctetString
 .text.encodeInt16ToInt
                0x0000407e       0x34 main.o
                0x0000407e                encodeInt16ToInt
 .text.encodeInt32ToInt32
                0x000040b2       0x38 main.o
                0x000040b2                encodeInt32ToInt32
 .text.encodeUint32ToUint32
                0x000040ea       0x40 main.o
                0x000040ea                encodeUint32ToUint32
 .text.GetOIDCount
                0x0000412a       0x28 main.o
                0x0000412a                GetOIDCount
 .text.GetNVal_FromOID_String
                0x00004152       0xd6 main.o
                0x00004152                GetNVal_FromOID_String
 .text.CompareOIDS
                0x00004228      0x152 main.o
                0x00004228                CompareOIDS
 .text.GetNextOid
                0x0000437a       0x4a main.o
                0x0000437a                GetNextOid
 .text.Encode   0x000043c4       0x60 main.o
                0x000043c4                Encode
 .text.Decode   0x00004424       0x52 main.o
                0x00004424                Decode
 .text.SNMP_requestPdu
                0x00004476      0x5e2 main.o
                0x00004476                SNMP_requestPdu
 .text.SNMP_responsePdu
                0x00004a58      0x342 main.o
                0x00004a58                SNMP_responsePdu
 .text.SNMP_responsePduGetBulk
                0x00004d9a      0x46a main.o
                0x00004d9a                SNMP_responsePduGetBulk
 .text.SNMP_VARS_Processing
                0x00005204      0x172 main.o
                0x00005204                SNMP_VARS_Processing
 .text.Webserver_recv_size
                0x00005376       0x28 main.o
                0x00005376                Webserver_recv_size
 .text.WebserverSocket_close
                0x0000539e       0x18 main.o
                0x0000539e                WebserverSocket_close
 .text.WebserverSocketOpen
                0x000053b6       0x6a main.o
                0x000053b6                WebserverSocketOpen
 .text.Webserver_listen
                0x00005420       0x3c main.o
                0x00005420                Webserver_listen
 .text.Webserver_recv
                0x0000545c       0xcc main.o
                0x0000545c                Webserver_recv
 .text.WebserverSocket_disconnect
                0x00005528       0x18 main.o
                0x00005528                WebserverSocket_disconnect
 .text.Webserver_send
                0x00005540      0x142 main.o
                0x00005540                Webserver_send
 .text.ModbusTCPRun
                0x00005682      0x4fe main.o
                0x00005682                ModbusTCPRun
 .text.SetFC    0x00005b80       0x52 main.o
                0x00005b80                SetFC
 .text.Modbus_TCP_Automat
                0x00005bd2      0x258 main.o
                0x00005bd2                Modbus_TCP_Automat
 .text.LED_On   0x00005e2a        0x4 main.o
                0x00005e2a                LED_On
 .text.pduReceived
                0x00005e2e      0x140 main.o
                0x00005e2e                pduReceived
 .text.SNMP_Automat
                0x00005f6e       0xd0 main.o
                0x00005f6e                SNMP_Automat
 .text.Ethernet_Automat
                0x0000603e       0xe8 main.o
                0x0000603e                Ethernet_Automat
 .text.resetEthernet
                0x00006126        0x6 main.o
                0x00006126                resetEthernet
 .text.LED_Cycle
                0x0000612c       0x32 main.o
                0x0000612c                LED_Cycle
 .text.sysInit  0x0000615e       0x38 main.o
                0x0000615e                sysInit
 .text.sysCycle
                0x00006196        0xa main.o
                0x00006196                sysCycle
 .text.main     0x000061a0       0x20 main.o
                0x000061a0                main
 .text.libgcc   0x000061c0        0xc c:/program files (x86)/atmel/atmel toolchain/avr8 gcc/native/3.4.1061/avr8-gnu-toolchain/bin/../lib/gcc/avr/4.8.1/avr6\libgcc.a(_tablejump.o)
                0x000061c0                __tablejump2__
                0x000061c4                __tablejump__
 .text.avr-libc
                0x000061cc       0x3a c:/program files (x86)/atmel/atmel toolchain/avr8 gcc/native/3.4.1061/avr8-gnu-toolchain/bin/../lib/gcc/avr/4.8.1/../../../../avr/lib/avr6\libc.a(atoi.o)
                0x000061cc                atoi
 .text.avr-libc
                0x00006206       0x4c c:/program files (x86)/atmel/atmel toolchain/avr8 gcc/native/3.4.1061/avr8-gnu-toolchain/bin/../lib/gcc/avr/4.8.1/../../../../avr/lib/avr6\libc.a(atol.o)
                0x00006206                atol
 .text.avr-libc
                0x00006252       0x16 c:/program files (x86)/atmel/atmel toolchain/avr8 gcc/native/3.4.1061/avr8-gnu-toolchain/bin/../lib/gcc/avr/4.8.1/../../../../avr/lib/avr6\libc.a(strcat.o)
                0x00006252                strcat
 .text.avr-libc
                0x00006268       0x12 c:/program files (x86)/atmel/atmel toolchain/avr8 gcc/native/3.4.1061/avr8-gnu-toolchain/bin/../lib/gcc/avr/4.8.1/../../../../avr/lib/avr6\libc.a(strcmp.o)
                0x00006268                strcmp
 .text.avr-libc
                0x0000627a       0x2a c:/program files (x86)/atmel/atmel toolchain/avr8 gcc/native/3.4.1061/avr8-gnu-toolchain/bin/../lib/gcc/avr/4.8.1/../../../../avr/lib/avr6\libc.a(mulsi10.o)
                0x0000627a                __mulsi_const_10
 .text.avr-libc
                0x000062a4       0x10 c:/program files (x86)/atmel/atmel toolchain/avr8 gcc/native/3.4.1061/avr8-gnu-toolchain/bin/../lib/gcc/avr/4.8.1/../../../../avr/lib/avr6\libc.a(mul10.o)
                0x000062a4                __mulhi_const_10
 .text.avr-libc
                0x000062b4       0x32 c:/program files (x86)/atmel/atmel toolchain/avr8 gcc/native/3.4.1061/avr8-gnu-toolchain/bin/../lib/gcc/avr/4.8.1/../../../../avr/lib/avr6\libc.a(utoa_ncheck.o)
                0x000062b4                __utoa_ncheck
                0x000062b6                __utoa_common
 .text.avr-libc
                0x000062e6       0x42 c:/program files (x86)/atmel/atmel toolchain/avr8 gcc/native/3.4.1061/avr8-gnu-toolchain/bin/../lib/gcc/avr/4.8.1/../../../../avr/lib/avr6\libc.a(sscanf.o)
                0x000062e6                sscanf
 .text.avr-libc
                0x00006328      0x572 c:/program files (x86)/atmel/atmel toolchain/avr8 gcc/native/3.4.1061/avr8-gnu-toolchain/bin/../lib/gcc/avr/4.8.1/../../../../avr/lib/avr6\libc.a(vfscanf_std.o)
                0x00006648                vfscanf
 .text.avr-libc
                0x0000689a       0x20 c:/program files (x86)/atmel/atmel toolchain/avr8 gcc/native/3.4.1061/avr8-gnu-toolchain/bin/../lib/gcc/avr/4.8.1/../../../../avr/lib/avr6\libc.a(eerd_block_atmega2561.o)
                0x0000689a                __eerd_block_m2561
                0x0000689e                __eerd_blraw_m2561
 .text.avr-libc
                0x000068ba       0x10 c:/program files (x86)/atmel/atmel toolchain/avr8 gcc/native/3.4.1061/avr8-gnu-toolchain/bin/../lib/gcc/avr/4.8.1/../../../../avr/lib/avr6\libc.a(eerd_byte_atmega2561.o)
                0x000068ba                __eerd_byte_m2561
 .text.avr-libc
                0x000068ca        0xa c:/program files (x86)/atmel/atmel toolchain/avr8 gcc/native/3.4.1061/avr8-gnu-toolchain/bin/../lib/gcc/avr/4.8.1/../../../../avr/lib/avr6\libc.a(eerd_word_atmega2561.o)
                0x000068ca                __eerd_word_m2561
 .text.avr-libc
                0x000068d4       0x1c c:/program files (x86)/atmel/atmel toolchain/avr8 gcc/native/3.4.1061/avr8-gnu-toolchain/bin/../lib/gcc/avr/4.8.1/../../../../avr/lib/avr6\libc.a(eewr_byte_atmega2561.o)
                0x000068d4                __eewr_byte_m2561
                0x000068d6                __eewr_r18_m2561
 .text.avr-libc
                0x000068f0        0x6 c:/program files (x86)/atmel/atmel toolchain/avr8 gcc/native/3.4.1061/avr8-gnu-toolchain/bin/../lib/gcc/avr/4.8.1/../../../../avr/lib/avr6\libc.a(eewr_word_atmega2561.o)
                0x000068f0                __eewr_word_m2561
 .text.avr-libc
                0x000068f6       0x10 c:/program files (x86)/atmel/atmel toolchain/avr8 gcc/native/3.4.1061/avr8-gnu-toolchain/bin/../lib/gcc/avr/4.8.1/../../../../avr/lib/avr6\libc.a(isspace.o)
                0x000068f6                isspace
 .text.avr-libc
                0x00006906       0x16 c:/program files (x86)/atmel/atmel toolchain/avr8 gcc/native/3.4.1061/avr8-gnu-toolchain/bin/../lib/gcc/avr/4.8.1/../../../../avr/lib/avr6\libc.a(strchr_P.o)
                0x00006906                strchr_P
 .text.avr-libc
                0x0000691c       0x20 c:/program files (x86)/atmel/atmel toolchain/avr8 gcc/native/3.4.1061/avr8-gnu-toolchain/bin/../lib/gcc/avr/4.8.1/../../../../avr/lib/avr6\libc.a(strrev.o)
                0x0000691c                strrev
 .text.avr-libc
                0x0000693c       0x7c c:/program files (x86)/atmel/atmel toolchain/avr8 gcc/native/3.4.1061/avr8-gnu-toolchain/bin/../lib/gcc/avr/4.8.1/../../../../avr/lib/avr6\libc.a(fgetc.o)
                0x0000693c                fgetc
 .text.avr-libc
                0x000069b8       0x32 c:/program files (x86)/atmel/atmel toolchain/avr8 gcc/native/3.4.1061/avr8-gnu-toolchain/bin/../lib/gcc/avr/4.8.1/../../../../avr/lib/avr6\libc.a(ungetc.o)
                0x000069b8                ungetc
 .text.avr-libc
                0x000069ea        0x6 c:/program files (x86)/atmel/atmel toolchain/avr8 gcc/native/3.4.1061/avr8-gnu-toolchain/bin/../lib/gcc/avr/4.8.1/../../../../avr/lib/avr6\libc.a(cty_isfalse.o)
                0x000069ea                __ctype_isfalse
                0x000069ee                __ctype_istrue
                0x000069f0                . = ALIGN (0x2)
 *(.fini9)
 .fini9         0x000069f0        0x0 c:/program files (x86)/atmel/atmel toolchain/avr8 gcc/native/3.4.1061/avr8-gnu-toolchain/bin/../lib/gcc/avr/4.8.1/avr6\libgcc.a(_exit.o)
                0x000069f0                _exit
                0x000069f0                exit
 *(.fini9)
 *(.fini8)
 *(.fini8)
 *(.fini7)
 *(.fini7)
 *(.fini6)
 *(.fini6)
 *(.fini5)
 *(.fini5)
 *(.fini4)
 *(.fini4)
 *(.fini3)
 *(.fini3)
 *(.fini2)
 *(.fini2)
 *(.fini1)
 *(.fini1)
 *(.fini0)
 .fini0         0x000069f0        0x4 c:/program files (x86)/atmel/atmel toolchain/avr8 gcc/native/3.4.1061/avr8-gnu-toolchain/bin/../lib/gcc/avr/4.8.1/avr6\libgcc.a(_exit.o)
 *(.fini0)
                0x000069f4                _etext = .

.data           0x00800200      0x4b6 load address 0x000069f4
                0x00800200                PROVIDE (__data_start, .)
 *(.data)
 *(.data*)
 .data.static_IP
                0x00800200        0x4 main.o
                0x00800200                static_IP
 .data.SNMP_VARS
                0x00800204       0xf5 main.o
                0x00800204                SNMP_VARS
 .data.locServices
                0x008002f9        0x4 main.o
 .data.locLocation
                0x008002fd       0x14 main.o
 .data.locName  0x00800311       0x14 main.o
 .data.locContact
                0x00800325       0x14 main.o
 .data.locObjectID
                0x00800339       0x11 main.o
 .data.locDescr
                0x0080034a       0x11 main.o
 .data.Tcond_var
                0x0080035b        0x4 main.o
                0x0080035b                Tcond_var
 .data.Tfree2cond_var
                0x0080035f        0x4 main.o
                0x0080035f                Tfree2cond_var
 .data.Vega_SN  0x00800363        0x2 main.o
                0x00800363                Vega_SN
 .data.FreeCoolPort
                0x00800365        0x2 main.o
                0x00800365                FreeCoolPort
 .data.FreeCoolListenerIP
                0x00800367        0x4 main.o
                0x00800367                FreeCoolListenerIP
 .data.VacantTimer16Sys
                0x0080036b        0x1 main.o
                0x0080036b                VacantTimer16Sys
 .data.VacantTimer32
                0x0080036c        0x1 main.o
                0x0080036c                VacantTimer32
 .data.VacantTimer16
                0x0080036d        0x1 main.o
                0x0080036d                VacantTimer16
 *(.rodata)
 *(.rodata*)
 .rodata.str1.1
                0x0080036e      0x347 main.o
 *(.gnu.linkonce.d*)
                0x008006b6                . = ALIGN (0x2)
 *fill*         0x008006b5        0x1 
                0x008006b6                _edata = .
                0x008006b6                PROVIDE (__data_end, .)

.bss            0x008006b6      0xe56
                0x008006b6                PROVIDE (__bss_start, .)
 *(.bss)
 *(.bss*)
 .bss.state.4816
                0x008006b6        0x1 main.o
 .bss.state.4795
                0x008006b7        0x1 main.o
 .bss.clo.4749  0x008006b8        0x4 main.o
 .bss.Timer.4748
                0x008006bc        0x1 main.o
 .bss.state.4746
                0x008006bd        0x1 main.o
 .bss.state.4563
                0x008006be        0x1 main.o
 .bss.Timer.3432
                0x008006bf        0x1 main.o
 .bss.state.3430
                0x008006c0        0x1 main.o
 .bss.state.3300
                0x008006c1        0x1 main.o
 .bss.Timer.3271
                0x008006c2        0x1 main.o
 .bss.state.3269
                0x008006c3        0x1 main.o
 .bss.state.3249
                0x008006c4        0x1 main.o
 .bss.state.3214
                0x008006c5        0x1 main.o
 .bss.state.3173
                0x008006c6        0x1 main.o
 .bss.Count.2731
                0x008006c7        0x1 main.o
 .bss.Timer10ms.2164
                0x008006c8        0x1 main.o
 .bss.state.1897
                0x008006c9        0x1 main.o
 .bss.state.1879
                0x008006ca        0x1 main.o
 .bss.DHCP_Enable
                0x008006cb        0x1 main.o
                0x008006cb                DHCP_Enable
 .bss.locUpTime
                0x008006cc        0x4 main.o
                0x008006cc                locUpTime
 .bss.count     0x008006d0        0x1 main.o
                0x008006d0                count
 .bss.resetTEST_Counter
                0x008006d1        0x4 main.o
                0x008006d1                resetTEST_Counter
 .bss.TD_MB     0x008006d5        0x1 main.o
 .bss.SlaveSkip
                0x008006d6        0x4 main.o
 .bss.Try       0x008006da        0x1 main.o
 .bss.LastProcSingle
                0x008006db        0x1 main.o
 .bss.MB_SingleQuery
                0x008006dc        0x8 main.o
 .bss.MB_Err    0x008006e4        0x1 main.o
 .bss.TickCounter
                0x008006e5        0x1 main.o
 .bss.TD_Scan   0x008006e6        0x1 main.o
 .bss.Timer32Flg
                0x008006e7        0x6 main.o
 .bss.Timer16Flg
                0x008006ed        0xd main.o
 .bss.Timer8Flg
                0x008006fa        0xc main.o
 .bss.Timer8_ISR_Flg
                0x00800706        0x2 main.o
 .bss.Timer32   0x00800708       0xa0 main.o
 .bss.Timer16   0x008007a8       0xc0 main.o
 .bss.Timer8    0x00800868       0x58 main.o
 .bss.Timer8_ISR
                0x008008c0        0x8 main.o
 .bss.interru_enub_flg
                0x008008c8        0x1 main.o
 *(COMMON)
 COMMON         0x008008c9      0xc43 main.o
                0x008008c9                pi4
                0x008008cb                MB_State
                0x008008cc                GPRS_DATA
                0x0080090a                MB_Coil_Vars
                0x0080091a                _getCommName
                0x0080091c                rsize
                0x0080091e                _dhcpDhcpServerIp
                0x00800922                _packet
                0x008009bb                _packetPos
                0x008009bd                MB_M_TimeOff
                0x008009be                RBASE
                0x008009c6                _offset1
                0x008009c8                _dhcpLocalIp
                0x008009cc                BulkValuesCount
                0x008009cd                MB_NativeAddr
                0x008009ce                _dhcpMacAddr
                0x008009d4                _packetSize
                0x008009d6                _responseTimeout
                0x008009da                _getSize
                0x008009dc                _dhcpGatewayIp
                0x008009e0                CurrSlave
                0x008009e1                _dhcpLeaseTime
                0x008009e5                CurrQuery
                0x008009e6                get3idx
                0x008009e8                _port
                0x008009ea                _dstPort
                0x008009ec                _dhcpTransactionId
                0x008009f0                MB_M_Period
                0x008009f2                MB_SingleState
                0x008009f3                Timer1min
                0x008009f4                MaxScanCycle
                0x008009f5                ptr
                0x008009f7                _dhcpT1
                0x008009fb                _dstIp
                0x008009ff                get2idx
                0x00800a01                _lastCheckLeaseMillis
                0x00800a05                MB_Master_MaxCycle
                0x00800a07                myMillisTimer
                0x00800a08                _remaining
                0x00800a10                _setSize
                0x00800a12                BulkValuesIndexes
                0x00800a26                getidx
                0x00800a28                MB_Input_Vars
                0x00800a38                MB_M_Try
                0x00800a39                _dhcpT2
                0x00800a3d                MB_Frame_Sz
                0x00800a3e                ScanCycle
                0x00800a3f                _rebindInSec
                0x00800a43                LED_Timer
                0x00800a44                buf1
                0x00800aa8                C
                0x00800b28                oid
                0x00800b68                ScanCount
                0x00800b6a                _offset2
                0x00800b6c                MB_Master_Cycle
                0x00800b6e                _dstType
                0x00800b6f                MB_Coil
                0x00800b73                SerialVal1
                0x00800b75                LiveTime
                0x00800b79                MB_BitRate_RAM
                0x00800b7a                ScanPerSec
                0x00800b7c                data
                0x00800ca8                SerialVal2
                0x00800caa                _timeout
                0x00800cae                ris1idx
                0x00800cb0                MB_InReg
                0x00800d50                _setCommName
                0x00800d52                R
                0x00800e4c                _dhcpInitialTransactionId
                0x00800e50                MemFail
                0x00800e51                SBASE
                0x00800e59                buf
                0x00801259                Timer1s
                0x0080125a                _dhcpSubnetMask
                0x0080125e                MB_M_Timeout
                0x0080125f                MB_TimerFlag
                0x00801260                SlaveOff
                0x00801264                _remotePort
                0x0080126c                _remoteIP
                0x00801270                MB_CPT
                0x00801280                respId
                0x00801284                MB_Input
                0x00801288                _dhcpDnsServerIp
                0x0080128c                sockstat
                0x0080128d                _dhcp_state
                0x0080128e                _renewInSec
                0x00801292                get1idx
                0x00801294                get0idx
                0x00801296                _offset
                0x00801298                MB_HoldReg
                0x0080130c                status
                0x0080130d                risidx
                0x0080130f                MB_Frame
                0x0080140f                Timer1hour
                0x00801411                api_status
                0x00801412                IR
                0x0080150c                PROVIDE (__bss_end, .)
                0x000069f4                __data_load_start = LOADADDR (.data)
                0x00006eaa                __data_load_end = (__data_load_start + SIZEOF (.data))

.noinit         0x0080150c        0x0
                0x0080150c                PROVIDE (__noinit_start, .)
 *(.noinit*)
                0x0080150c                PROVIDE (__noinit_end, .)
                0x0080150c                _end = .
                0x0080150c                PROVIDE (__heap_start, .)

.eeprom         0x00810000       0x11
 *(.eeprom*)
 .eeprom        0x00810000       0x11 main.o
                0x00810005                MB_Param
                0x00810009                DateBackUp
                0x00810011                __eeprom_end = .

.fuse
 *(.fuse)
 *(.lfuse)
 *(.hfuse)
 *(.efuse)

.lock
 *(.lock*)

.signature
 *(.signature*)

.user_signatures
 *(.user_signatures*)

.stab
 *(.stab)

.stabstr
 *(.stabstr)

.stab.excl
 *(.stab.excl)

.stab.exclstr
 *(.stab.exclstr)

.stab.index
 *(.stab.index)

.stab.indexstr
 *(.stab.indexstr)

.comment        0x00000000       0x5c
 *(.comment)
 .comment       0x00000000       0x30 main.o
                                 0x31 (size before relaxing)
 .comment       0x00000000       0x31 c:/program files (x86)/atmel/atmel toolchain/avr8 gcc/native/3.4.1061/avr8-gnu-toolchain/bin/../lib/gcc/avr/4.8.1/../../../../avr/lib/avr6\libc.a(sscanf.o)
 .comment       0x00000030       0x2c c:/program files (x86)/atmel/atmel toolchain/avr8 gcc/native/3.4.1061/avr8-gnu-toolchain/bin/../lib/gcc/avr/4.8.1/../../../../avr/lib/avr6\libc.a(vfscanf_std.o)
                                 0x2d (size before relaxing)
 .comment       0x00000000       0x31 c:/program files (x86)/atmel/atmel toolchain/avr8 gcc/native/3.4.1061/avr8-gnu-toolchain/bin/../lib/gcc/avr/4.8.1/../../../../avr/lib/avr6\libc.a(fgetc.o)
 .comment       0x00000000       0x31 c:/program files (x86)/atmel/atmel toolchain/avr8 gcc/native/3.4.1061/avr8-gnu-toolchain/bin/../lib/gcc/avr/4.8.1/../../../../avr/lib/avr6\libc.a(ungetc.o)

.note.gnu.build-id
 *(.note.gnu.build-id)

.debug
 *(.debug)

.line
 *(.line)

.debug_srcinfo
 *(.debug_srcinfo)

.debug_sfnames
 *(.debug_sfnames)

.debug_aranges  0x00000000      0x810
 *(.debug_aranges)
 .debug_aranges
                0x00000000      0x810 main.o

.debug_pubnames
 *(.debug_pubnames)

.debug_info     0x00000000     0xc933
 *(.debug_info .gnu.linkonce.wi.*)
 .debug_info    0x00000000     0xc933 main.o

.debug_abbrev   0x00000000      0x980
 *(.debug_abbrev)
 .debug_abbrev  0x00000000      0x980 main.o

.debug_line     0x00000000     0x5e65
 *(.debug_line .debug_line.* .debug_line_end)
 .debug_line    0x00000000     0x5e65 main.o

.debug_frame    0x00000000     0x1eac
 *(.debug_frame)
 .debug_frame   0x00000000     0x1eac main.o

.debug_str      0x00000000     0x26cb
 *(.debug_str)
 .debug_str     0x00000000     0x26cb main.o
                               0x28a0 (size before relaxing)

.debug_loc      0x00000000     0xda4a
 *(.debug_loc)
 .debug_loc     0x00000000     0xda4a main.o

.debug_macinfo
 *(.debug_macinfo)

.debug_weaknames
 *(.debug_weaknames)

.debug_funcnames
 *(.debug_funcnames)

.debug_typenames
 *(.debug_typenames)

.debug_varnames
 *(.debug_varnames)

.debug_pubtypes
 *(.debug_pubtypes)

.debug_ranges   0x00000000      0xba8
 *(.debug_ranges)
 .debug_ranges  0x00000000      0xba8 main.o

.debug_macro
 *(.debug_macro)
OUTPUT(Ethernet_to_Serial.elf elf32-avr)
LOAD linker stubs
